Archive member included to satisfy reference by file (symbol)

c:/program files (x86)/atmel/studio/7.0/toolchain/avr8/avr8-gnu-toolchain/bin/../lib/gcc/avr/5.4.0/../../../../avr/lib/avr5\libm.a(addsf3.o)
                              STACK/BSP/MCAL/TIMER/timer_callbacks.o (__addsf3)
c:/program files (x86)/atmel/studio/7.0/toolchain/avr8/avr8-gnu-toolchain/bin/../lib/gcc/avr/5.4.0/../../../../avr/lib/avr5\libm.a(addsf3x.o)
                              c:/program files (x86)/atmel/studio/7.0/toolchain/avr8/avr8-gnu-toolchain/bin/../lib/gcc/avr/5.4.0/../../../../avr/lib/avr5\libm.a(addsf3.o) (__addsf3x)
c:/program files (x86)/atmel/studio/7.0/toolchain/avr8/avr8-gnu-toolchain/bin/../lib/gcc/avr/5.4.0/../../../../avr/lib/avr5\libm.a(cmpsf2.o)
                              STACK/Utility/delay/delay.o (__ltsf2)
c:/program files (x86)/atmel/studio/7.0/toolchain/avr8/avr8-gnu-toolchain/bin/../lib/gcc/avr/5.4.0/../../../../avr/lib/avr5\libm.a(divsf3.o)
                              STACK/BSP/MCAL/TIMER/timer.o (__divsf3)
c:/program files (x86)/atmel/studio/7.0/toolchain/avr8/avr8-gnu-toolchain/bin/../lib/gcc/avr/5.4.0/../../../../avr/lib/avr5\libm.a(divsf3x.o)
                              c:/program files (x86)/atmel/studio/7.0/toolchain/avr8/avr8-gnu-toolchain/bin/../lib/gcc/avr/5.4.0/../../../../avr/lib/avr5\libm.a(divsf3.o) (__divsf3x)
c:/program files (x86)/atmel/studio/7.0/toolchain/avr8/avr8-gnu-toolchain/bin/../lib/gcc/avr/5.4.0/../../../../avr/lib/avr5\libm.a(fixunssfsi.o)
                              STACK/BSP/MCAL/TIMER/timer.o (__fixunssfsi)
c:/program files (x86)/atmel/studio/7.0/toolchain/avr8/avr8-gnu-toolchain/bin/../lib/gcc/avr/5.4.0/../../../../avr/lib/avr5\libm.a(fp_cmp.o)
                              c:/program files (x86)/atmel/studio/7.0/toolchain/avr8/avr8-gnu-toolchain/bin/../lib/gcc/avr/5.4.0/../../../../avr/lib/avr5\libm.a(cmpsf2.o) (__fp_cmp)
c:/program files (x86)/atmel/studio/7.0/toolchain/avr8/avr8-gnu-toolchain/bin/../lib/gcc/avr/5.4.0/../../../../avr/lib/avr5\libm.a(fp_inf.o)
                              c:/program files (x86)/atmel/studio/7.0/toolchain/avr8/avr8-gnu-toolchain/bin/../lib/gcc/avr/5.4.0/../../../../avr/lib/avr5\libm.a(addsf3x.o) (__fp_inf)
c:/program files (x86)/atmel/studio/7.0/toolchain/avr8/avr8-gnu-toolchain/bin/../lib/gcc/avr/5.4.0/../../../../avr/lib/avr5\libm.a(fp_nan.o)
                              c:/program files (x86)/atmel/studio/7.0/toolchain/avr8/avr8-gnu-toolchain/bin/../lib/gcc/avr/5.4.0/../../../../avr/lib/avr5\libm.a(addsf3x.o) (__fp_nan)
c:/program files (x86)/atmel/studio/7.0/toolchain/avr8/avr8-gnu-toolchain/bin/../lib/gcc/avr/5.4.0/../../../../avr/lib/avr5\libm.a(fp_pscA.o)
                              c:/program files (x86)/atmel/studio/7.0/toolchain/avr8/avr8-gnu-toolchain/bin/../lib/gcc/avr/5.4.0/../../../../avr/lib/avr5\libm.a(addsf3x.o) (__fp_pscA)
c:/program files (x86)/atmel/studio/7.0/toolchain/avr8/avr8-gnu-toolchain/bin/../lib/gcc/avr/5.4.0/../../../../avr/lib/avr5\libm.a(fp_pscB.o)
                              c:/program files (x86)/atmel/studio/7.0/toolchain/avr8/avr8-gnu-toolchain/bin/../lib/gcc/avr/5.4.0/../../../../avr/lib/avr5\libm.a(addsf3x.o) (__fp_pscB)
c:/program files (x86)/atmel/studio/7.0/toolchain/avr8/avr8-gnu-toolchain/bin/../lib/gcc/avr/5.4.0/../../../../avr/lib/avr5\libm.a(fp_round.o)
                              c:/program files (x86)/atmel/studio/7.0/toolchain/avr8/avr8-gnu-toolchain/bin/../lib/gcc/avr/5.4.0/../../../../avr/lib/avr5\libm.a(addsf3.o) (__fp_round)
c:/program files (x86)/atmel/studio/7.0/toolchain/avr8/avr8-gnu-toolchain/bin/../lib/gcc/avr/5.4.0/../../../../avr/lib/avr5\libm.a(fp_split3.o)
                              c:/program files (x86)/atmel/studio/7.0/toolchain/avr8/avr8-gnu-toolchain/bin/../lib/gcc/avr/5.4.0/../../../../avr/lib/avr5\libm.a(addsf3x.o) (__fp_split3)
c:/program files (x86)/atmel/studio/7.0/toolchain/avr8/avr8-gnu-toolchain/bin/../lib/gcc/avr/5.4.0/../../../../avr/lib/avr5\libm.a(fp_zero.o)
                              c:/program files (x86)/atmel/studio/7.0/toolchain/avr8/avr8-gnu-toolchain/bin/../lib/gcc/avr/5.4.0/../../../../avr/lib/avr5\libm.a(addsf3x.o) (__fp_zero)
c:/program files (x86)/atmel/studio/7.0/toolchain/avr8/avr8-gnu-toolchain/bin/../lib/gcc/avr/5.4.0/../../../../avr/lib/avr5\libm.a(gesf2.o)
                              STACK/BSP/MCAL/TIMER/timer_callbacks.o (__gesf2)
c:/program files (x86)/atmel/studio/7.0/toolchain/avr8/avr8-gnu-toolchain/bin/../lib/gcc/avr/5.4.0/../../../../avr/lib/avr5\libm.a(mulsf3.o)
                              STACK/BSP/MCAL/TIMER/timer.o (__mulsf3)
c:/program files (x86)/atmel/studio/7.0/toolchain/avr8/avr8-gnu-toolchain/bin/../lib/gcc/avr/5.4.0/../../../../avr/lib/avr5\libm.a(mulsf3x.o)
                              c:/program files (x86)/atmel/studio/7.0/toolchain/avr8/avr8-gnu-toolchain/bin/../lib/gcc/avr/5.4.0/../../../../avr/lib/avr5\libm.a(mulsf3.o) (__mulsf3x)
c:/program files (x86)/atmel/studio/7.0/toolchain/avr8/avr8-gnu-toolchain/bin/../lib/gcc/avr/5.4.0/avr5\libgcc.a(_mulsi3.o)
                              STACK/BSP/HAL/SERVO_MOTOR/servo_motor.o (__mulsi3)
c:/program files (x86)/atmel/studio/7.0/toolchain/avr8/avr8-gnu-toolchain/bin/../lib/gcc/avr/5.4.0/avr5\libgcc.a(_udivmodhi4.o)
                              STACK/Utility/std_library/std_library.o (__udivmodhi4)
c:/program files (x86)/atmel/studio/7.0/toolchain/avr8/avr8-gnu-toolchain/bin/../lib/gcc/avr/5.4.0/avr5\libgcc.a(_udivmodsi4.o)
                              STACK/BSP/HAL/SERVO_MOTOR/servo_motor.o (__udivmodsi4)
c:/program files (x86)/atmel/studio/7.0/toolchain/avr8/avr8-gnu-toolchain/bin/../lib/gcc/avr/5.4.0/avr5\libgcc.a(_exit.o)
                              C:/Program Files (x86)/Atmel/Studio/7.0/Packs/atmel/ATmega_DFP/1.6.364/gcc/dev/atmega32/avr5/crtatmega32.o (exit)
c:/program files (x86)/atmel/studio/7.0/toolchain/avr8/avr8-gnu-toolchain/bin/../lib/gcc/avr/5.4.0/avr5\libgcc.a(_copy_data.o)
                              main.o (__do_copy_data)
c:/program files (x86)/atmel/studio/7.0/toolchain/avr8/avr8-gnu-toolchain/bin/../lib/gcc/avr/5.4.0/avr5\libgcc.a(_clear_bss.o)
                              main.o (__do_clear_bss)
c:/program files (x86)/atmel/studio/7.0/toolchain/avr8/avr8-gnu-toolchain/bin/../lib/gcc/avr/5.4.0/avr5\libgcc.a(_muluhisi3.o)
                              c:/program files (x86)/atmel/studio/7.0/toolchain/avr8/avr8-gnu-toolchain/bin/../lib/gcc/avr/5.4.0/avr5\libgcc.a(_mulsi3.o) (__muluhisi3)
c:/program files (x86)/atmel/studio/7.0/toolchain/avr8/avr8-gnu-toolchain/bin/../lib/gcc/avr/5.4.0/avr5\libgcc.a(_umulhisi3.o)
                              c:/program files (x86)/atmel/studio/7.0/toolchain/avr8/avr8-gnu-toolchain/bin/../lib/gcc/avr/5.4.0/avr5\libgcc.a(_muluhisi3.o) (__umulhisi3)

Allocating common symbols
Common symbol       size              file

lcd                 0x6               main.o
timer               0xb               main.o
state               0x1               main.o
keypad              0xa               main.o
g_verbosity         0x1               STACK/Services/Logger/logger.o

Discarded input sections

 .data          0x00000000        0x0 C:/Program Files (x86)/Atmel/Studio/7.0/Packs/atmel/ATmega_DFP/1.6.364/gcc/dev/atmega32/avr5/crtatmega32.o
 .bss           0x00000000        0x0 C:/Program Files (x86)/Atmel/Studio/7.0/Packs/atmel/ATmega_DFP/1.6.364/gcc/dev/atmega32/avr5/crtatmega32.o
 .text          0x00000000        0x0 main.o
 .data          0x00000000        0x0 main.o
 .bss           0x00000000        0x0 main.o
 .text          0x00000000        0x0 STACK/BSP/HAL/BUTTON/button.o
 .data          0x00000000        0x0 STACK/BSP/HAL/BUTTON/button.o
 .bss           0x00000000        0x0 STACK/BSP/HAL/BUTTON/button.o
 .text.hal_button_init
                0x00000000       0x3a STACK/BSP/HAL/BUTTON/button.o
 .text.hal_button_get_state
                0x00000000       0x66 STACK/BSP/HAL/BUTTON/button.o
 .debug_info    0x00000000      0x269 STACK/BSP/HAL/BUTTON/button.o
 .debug_abbrev  0x00000000      0x119 STACK/BSP/HAL/BUTTON/button.o
 .debug_loc     0x00000000      0x198 STACK/BSP/HAL/BUTTON/button.o
 .debug_aranges
                0x00000000       0x28 STACK/BSP/HAL/BUTTON/button.o
 .debug_ranges  0x00000000       0x18 STACK/BSP/HAL/BUTTON/button.o
 .debug_line    0x00000000      0x154 STACK/BSP/HAL/BUTTON/button.o
 .debug_str     0x00000000      0x3c5 STACK/BSP/HAL/BUTTON/button.o
 .comment       0x00000000       0x31 STACK/BSP/HAL/BUTTON/button.o
 .debug_frame   0x00000000       0x58 STACK/BSP/HAL/BUTTON/button.o
 .text          0x00000000        0x0 STACK/BSP/HAL/BUZZER/buzzer.o
 .data          0x00000000        0x0 STACK/BSP/HAL/BUZZER/buzzer.o
 .bss           0x00000000        0x0 STACK/BSP/HAL/BUZZER/buzzer.o
 .text.hal_buzzer_init
                0x00000000       0x20 STACK/BSP/HAL/BUZZER/buzzer.o
 .text.hal_buzzer_set_state
                0x00000000       0x3e STACK/BSP/HAL/BUZZER/buzzer.o
 .text.hal_buzzer_toggle_state
                0x00000000       0x1e STACK/BSP/HAL/BUZZER/buzzer.o
 .text.hal_buzzer_get_state
                0x00000000       0x64 STACK/BSP/HAL/BUZZER/buzzer.o
 .debug_info    0x00000000      0x2f8 STACK/BSP/HAL/BUZZER/buzzer.o
 .debug_abbrev  0x00000000      0x122 STACK/BSP/HAL/BUZZER/buzzer.o
 .debug_loc     0x00000000      0x31c STACK/BSP/HAL/BUZZER/buzzer.o
 .debug_aranges
                0x00000000       0x38 STACK/BSP/HAL/BUZZER/buzzer.o
 .debug_ranges  0x00000000       0x28 STACK/BSP/HAL/BUZZER/buzzer.o
 .debug_line    0x00000000      0x1b8 STACK/BSP/HAL/BUZZER/buzzer.o
 .debug_str     0x00000000      0x3e1 STACK/BSP/HAL/BUZZER/buzzer.o
 .comment       0x00000000       0x31 STACK/BSP/HAL/BUZZER/buzzer.o
 .debug_frame   0x00000000       0x78 STACK/BSP/HAL/BUZZER/buzzer.o
 .text          0x00000000        0x0 STACK/BSP/HAL/DC_MOTOR/dc_motor.o
 .data          0x00000000        0x0 STACK/BSP/HAL/DC_MOTOR/dc_motor.o
 .bss           0x00000000        0x0 STACK/BSP/HAL/DC_MOTOR/dc_motor.o
 .text.hal_dc_motor_init
                0x00000000       0x48 STACK/BSP/HAL/DC_MOTOR/dc_motor.o
 .text.hal_dc_motor_set_direction
                0x00000000       0x56 STACK/BSP/HAL/DC_MOTOR/dc_motor.o
 .text.hal_dc_motor_set_speed
                0x00000000       0x46 STACK/BSP/HAL/DC_MOTOR/dc_motor.o
 .debug_info    0x00000000      0x3e5 STACK/BSP/HAL/DC_MOTOR/dc_motor.o
 .debug_abbrev  0x00000000      0x113 STACK/BSP/HAL/DC_MOTOR/dc_motor.o
 .debug_loc     0x00000000      0x294 STACK/BSP/HAL/DC_MOTOR/dc_motor.o
 .debug_aranges
                0x00000000       0x30 STACK/BSP/HAL/DC_MOTOR/dc_motor.o
 .debug_ranges  0x00000000       0x20 STACK/BSP/HAL/DC_MOTOR/dc_motor.o
 .debug_line    0x00000000      0x1e2 STACK/BSP/HAL/DC_MOTOR/dc_motor.o
 .debug_str     0x00000000      0x533 STACK/BSP/HAL/DC_MOTOR/dc_motor.o
 .comment       0x00000000       0x31 STACK/BSP/HAL/DC_MOTOR/dc_motor.o
 .debug_frame   0x00000000       0x60 STACK/BSP/HAL/DC_MOTOR/dc_motor.o
 .text          0x00000000        0x0 STACK/BSP/HAL/EEPROM/eeprom.o
 .data          0x00000000        0x0 STACK/BSP/HAL/EEPROM/eeprom.o
 .bss           0x00000000        0x0 STACK/BSP/HAL/EEPROM/eeprom.o
 .text.hal_eeprom_init
                0x00000000       0x26 STACK/BSP/HAL/EEPROM/eeprom.o
 .text.hal_eeprom_writeByte
                0x00000000       0xc0 STACK/BSP/HAL/EEPROM/eeprom.o
 .text.hal_eeprom_readByte
                0x00000000      0x112 STACK/BSP/HAL/EEPROM/eeprom.o
 .debug_info    0x00000000      0x40d STACK/BSP/HAL/EEPROM/eeprom.o
 .debug_abbrev  0x00000000      0x104 STACK/BSP/HAL/EEPROM/eeprom.o
 .debug_loc     0x00000000      0x278 STACK/BSP/HAL/EEPROM/eeprom.o
 .debug_aranges
                0x00000000       0x30 STACK/BSP/HAL/EEPROM/eeprom.o
 .debug_ranges  0x00000000       0x20 STACK/BSP/HAL/EEPROM/eeprom.o
 .debug_line    0x00000000      0x286 STACK/BSP/HAL/EEPROM/eeprom.o
 .debug_str     0x00000000      0x2f6 STACK/BSP/HAL/EEPROM/eeprom.o
 .comment       0x00000000       0x31 STACK/BSP/HAL/EEPROM/eeprom.o
 .debug_frame   0x00000000       0xa4 STACK/BSP/HAL/EEPROM/eeprom.o
 .text          0x00000000        0x0 STACK/BSP/HAL/KEYPAD/keypad.o
 .data          0x00000000        0x0 STACK/BSP/HAL/KEYPAD/keypad.o
 .bss           0x00000000        0x0 STACK/BSP/HAL/KEYPAD/keypad.o
 .text          0x00000000        0x0 STACK/BSP/HAL/LCD/lcd.o
 .data          0x00000000        0x0 STACK/BSP/HAL/LCD/lcd.o
 .bss           0x00000000        0x0 STACK/BSP/HAL/LCD/lcd.o
 .text.hal_lcd_intgerToString
                0x00000000       0x4c STACK/BSP/HAL/LCD/lcd.o
 .text          0x00000000        0x0 STACK/BSP/HAL/LED/led.o
 .data          0x00000000        0x0 STACK/BSP/HAL/LED/led.o
 .bss           0x00000000        0x0 STACK/BSP/HAL/LED/led.o
 .text.hal_led_init
                0x00000000       0x20 STACK/BSP/HAL/LED/led.o
 .text.hal_led_set_state
                0x00000000       0x3e STACK/BSP/HAL/LED/led.o
 .text.hal_led_toggle_state
                0x00000000       0x1e STACK/BSP/HAL/LED/led.o
 .text.hal_led_get_state
                0x00000000       0x64 STACK/BSP/HAL/LED/led.o
 .debug_info    0x00000000      0x2f8 STACK/BSP/HAL/LED/led.o
 .debug_abbrev  0x00000000      0x122 STACK/BSP/HAL/LED/led.o
 .debug_loc     0x00000000      0x31c STACK/BSP/HAL/LED/led.o
 .debug_aranges
                0x00000000       0x38 STACK/BSP/HAL/LED/led.o
 .debug_ranges  0x00000000       0x28 STACK/BSP/HAL/LED/led.o
 .debug_line    0x00000000      0x1af STACK/BSP/HAL/LED/led.o
 .debug_str     0x00000000      0x3b4 STACK/BSP/HAL/LED/led.o
 .comment       0x00000000       0x31 STACK/BSP/HAL/LED/led.o
 .debug_frame   0x00000000       0x78 STACK/BSP/HAL/LED/led.o
 .text          0x00000000        0x0 STACK/BSP/HAL/SERVO_MOTOR/servo_motor.o
 .data          0x00000000        0x0 STACK/BSP/HAL/SERVO_MOTOR/servo_motor.o
 .bss           0x00000000        0x0 STACK/BSP/HAL/SERVO_MOTOR/servo_motor.o
 .text.map      0x00000000       0x72 STACK/BSP/HAL/SERVO_MOTOR/servo_motor.o
 .text.hal_servo_motor_init
                0x00000000       0xaa STACK/BSP/HAL/SERVO_MOTOR/servo_motor.o
 .text.hal_servo_motor_set_degree
                0x00000000      0x100 STACK/BSP/HAL/SERVO_MOTOR/servo_motor.o
 .bss.timer_max_duty
                0x00000000        0x2 STACK/BSP/HAL/SERVO_MOTOR/servo_motor.o
 .bss.timer_min_duty
                0x00000000        0x2 STACK/BSP/HAL/SERVO_MOTOR/servo_motor.o
 .debug_info    0x00000000      0x350 STACK/BSP/HAL/SERVO_MOTOR/servo_motor.o
 .debug_abbrev  0x00000000      0x13e STACK/BSP/HAL/SERVO_MOTOR/servo_motor.o
 .debug_loc     0x00000000      0x407 STACK/BSP/HAL/SERVO_MOTOR/servo_motor.o
 .debug_aranges
                0x00000000       0x30 STACK/BSP/HAL/SERVO_MOTOR/servo_motor.o
 .debug_ranges  0x00000000       0x20 STACK/BSP/HAL/SERVO_MOTOR/servo_motor.o
 .debug_line    0x00000000      0x1f8 STACK/BSP/HAL/SERVO_MOTOR/servo_motor.o
 .debug_str     0x00000000      0x442 STACK/BSP/HAL/SERVO_MOTOR/servo_motor.o
 .comment       0x00000000       0x31 STACK/BSP/HAL/SERVO_MOTOR/servo_motor.o
 .debug_frame   0x00000000       0xf4 STACK/BSP/HAL/SERVO_MOTOR/servo_motor.o
 .text          0x00000000        0x0 STACK/BSP/MCAL/e_interrupt/e_interrupt.o
 .data          0x00000000        0x0 STACK/BSP/MCAL/e_interrupt/e_interrupt.o
 .bss           0x00000000        0x0 STACK/BSP/MCAL/e_interrupt/e_interrupt.o
 .text.mcal_interrupt_initialize
                0x00000000       0xce STACK/BSP/MCAL/e_interrupt/e_interrupt.o
 .text.mcal_interrupt_read_flag
                0x00000000       0x42 STACK/BSP/MCAL/e_interrupt/e_interrupt.o
 .text.mcal_interrupt_clear_flag
                0x00000000       0x30 STACK/BSP/MCAL/e_interrupt/e_interrupt.o
 .debug_info    0x00000000      0x1a4 STACK/BSP/MCAL/e_interrupt/e_interrupt.o
 .debug_abbrev  0x00000000       0xb2 STACK/BSP/MCAL/e_interrupt/e_interrupt.o
 .debug_loc     0x00000000      0x1a1 STACK/BSP/MCAL/e_interrupt/e_interrupt.o
 .debug_aranges
                0x00000000       0x30 STACK/BSP/MCAL/e_interrupt/e_interrupt.o
 .debug_ranges  0x00000000       0x20 STACK/BSP/MCAL/e_interrupt/e_interrupt.o
 .debug_line    0x00000000      0x26f STACK/BSP/MCAL/e_interrupt/e_interrupt.o
 .debug_str     0x00000000      0x2cf STACK/BSP/MCAL/e_interrupt/e_interrupt.o
 .comment       0x00000000       0x31 STACK/BSP/MCAL/e_interrupt/e_interrupt.o
 .debug_frame   0x00000000       0x44 STACK/BSP/MCAL/e_interrupt/e_interrupt.o
 .text          0x00000000        0x0 STACK/BSP/MCAL/GPIO/gpio.o
 .data          0x00000000        0x0 STACK/BSP/MCAL/GPIO/gpio.o
 .bss           0x00000000        0x0 STACK/BSP/MCAL/GPIO/gpio.o
 .text.mcal_gpio_pin_toggle
                0x00000000       0x30 STACK/BSP/MCAL/GPIO/gpio.o
 .text.mcal_gpio_pin_read
                0x00000000       0x3c STACK/BSP/MCAL/GPIO/gpio.o
 .text          0x00000000        0x0 STACK/BSP/MCAL/I2C/i2c.o
 .data          0x00000000        0x0 STACK/BSP/MCAL/I2C/i2c.o
 .bss           0x00000000        0x0 STACK/BSP/MCAL/I2C/i2c.o
 .text.mcal_TWI_init
                0x00000000       0x2c STACK/BSP/MCAL/I2C/i2c.o
 .text.mcal_TWI_start
                0x00000000       0x1c STACK/BSP/MCAL/I2C/i2c.o
 .text.mcal_TWI_stop
                0x00000000       0x16 STACK/BSP/MCAL/I2C/i2c.o
 .text.mcal_TWI_write
                0x00000000       0x18 STACK/BSP/MCAL/I2C/i2c.o
 .text.mcal_TWI_readWithACK
                0x00000000       0x22 STACK/BSP/MCAL/I2C/i2c.o
 .text.mcal_TWI_readWithNACK
                0x00000000       0x1c STACK/BSP/MCAL/I2C/i2c.o
 .text.mcal_TWI_getStatus
                0x00000000        0xc STACK/BSP/MCAL/I2C/i2c.o
 .debug_info    0x00000000      0x26b STACK/BSP/MCAL/I2C/i2c.o
 .debug_abbrev  0x00000000       0xdd STACK/BSP/MCAL/I2C/i2c.o
 .debug_loc     0x00000000       0xec STACK/BSP/MCAL/I2C/i2c.o
 .debug_aranges
                0x00000000       0x50 STACK/BSP/MCAL/I2C/i2c.o
 .debug_ranges  0x00000000       0x40 STACK/BSP/MCAL/I2C/i2c.o
 .debug_line    0x00000000      0x1f8 STACK/BSP/MCAL/I2C/i2c.o
 .debug_str     0x00000000      0x2a5 STACK/BSP/MCAL/I2C/i2c.o
 .comment       0x00000000       0x31 STACK/BSP/MCAL/I2C/i2c.o
 .debug_frame   0x00000000       0x84 STACK/BSP/MCAL/I2C/i2c.o
 .text          0x00000000        0x0 STACK/BSP/MCAL/PORT/port.o
 .data          0x00000000        0x0 STACK/BSP/MCAL/PORT/port.o
 .bss           0x00000000        0x0 STACK/BSP/MCAL/PORT/port.o
 .text.mcal_port_read
                0x00000000       0x22 STACK/BSP/MCAL/PORT/port.o
 .text          0x00000000        0x0 STACK/BSP/MCAL/PWM/pwm.o
 .data          0x00000000        0x0 STACK/BSP/MCAL/PWM/pwm.o
 .bss           0x00000000        0x0 STACK/BSP/MCAL/PWM/pwm.o
 .text.mcal_pwm_initialization
                0x00000000       0xf6 STACK/BSP/MCAL/PWM/pwm.o
 .text.mcal_pwm_output
                0x00000000       0x3e STACK/BSP/MCAL/PWM/pwm.o
 .debug_info    0x00000000      0x1bd STACK/BSP/MCAL/PWM/pwm.o
 .debug_abbrev  0x00000000       0xbf STACK/BSP/MCAL/PWM/pwm.o
 .debug_loc     0x00000000       0xc4 STACK/BSP/MCAL/PWM/pwm.o
 .debug_aranges
                0x00000000       0x28 STACK/BSP/MCAL/PWM/pwm.o
 .debug_ranges  0x00000000       0x18 STACK/BSP/MCAL/PWM/pwm.o
 .debug_line    0x00000000      0x202 STACK/BSP/MCAL/PWM/pwm.o
 .debug_str     0x00000000      0x2e2 STACK/BSP/MCAL/PWM/pwm.o
 .comment       0x00000000       0x31 STACK/BSP/MCAL/PWM/pwm.o
 .debug_frame   0x00000000       0x34 STACK/BSP/MCAL/PWM/pwm.o
 .text          0x00000000        0x0 STACK/BSP/MCAL/TIMER/timer.o
 .data          0x00000000        0x0 STACK/BSP/MCAL/TIMER/timer.o
 .bss           0x00000000        0x0 STACK/BSP/MCAL/TIMER/timer.o
 .text          0x00000000        0x0 STACK/BSP/MCAL/TIMER/timer_callbacks.o
 .data          0x00000000        0x0 STACK/BSP/MCAL/TIMER/timer_callbacks.o
 .bss           0x00000000        0x0 STACK/BSP/MCAL/TIMER/timer_callbacks.o
 .text          0x00000000        0x0 STACK/BSP/MCAL/UART/uart.o
 .data          0x00000000        0x0 STACK/BSP/MCAL/UART/uart.o
 .bss           0x00000000        0x0 STACK/BSP/MCAL/UART/uart.o
 .text.mcal_UART_receiveString
                0x00000000       0x46 STACK/BSP/MCAL/UART/uart.o
 .text          0x00000000        0x0 STACK/Managers/MessagingUnit/MessagingUnit.o
 .data          0x00000000        0x0 STACK/Managers/MessagingUnit/MessagingUnit.o
 .bss           0x00000000        0x0 STACK/Managers/MessagingUnit/MessagingUnit.o
 .text.ms_manager_receive_string
                0x00000000       0x28 STACK/Managers/MessagingUnit/MessagingUnit.o
 .text          0x00000000        0x0 STACK/Services/Logger/logger.o
 .data          0x00000000        0x0 STACK/Services/Logger/logger.o
 .bss           0x00000000        0x0 STACK/Services/Logger/logger.o
 .text.logger_init
                0x00000000        0x2 STACK/Services/Logger/logger.o
 .text.logger_write_warning
                0x00000000        0x2 STACK/Services/Logger/logger.o
 COMMON         0x00000000        0x1 STACK/Services/Logger/logger.o
 .text          0x00000000        0x0 STACK/Utility/delay/delay.o
 .data          0x00000000        0x0 STACK/Utility/delay/delay.o
 .bss           0x00000000        0x0 STACK/Utility/delay/delay.o
 .text          0x00000000        0x0 STACK/Utility/std_library/std_library.o
 .data          0x00000000        0x0 STACK/Utility/std_library/std_library.o
 .bss           0x00000000        0x0 STACK/Utility/std_library/std_library.o
 .text.std_reverse
                0x00000000       0x26 STACK/Utility/std_library/std_library.o
 .text.std_abs  0x00000000       0x1c STACK/Utility/std_library/std_library.o
 .text.std_strlen
                0x00000000       0x14 STACK/Utility/std_library/std_library.o
 .text.std_strcat
                0x00000000       0x32 STACK/Utility/std_library/std_library.o
 .text.std_itoa
                0x00000000       0x94 STACK/Utility/std_library/std_library.o
 .text          0x00000000        0x0 c:/program files (x86)/atmel/studio/7.0/toolchain/avr8/avr8-gnu-toolchain/bin/../lib/gcc/avr/5.4.0/../../../../avr/lib/avr5\libm.a(addsf3.o)
 .data          0x00000000        0x0 c:/program files (x86)/atmel/studio/7.0/toolchain/avr8/avr8-gnu-toolchain/bin/../lib/gcc/avr/5.4.0/../../../../avr/lib/avr5\libm.a(addsf3.o)
 .bss           0x00000000        0x0 c:/program files (x86)/atmel/studio/7.0/toolchain/avr8/avr8-gnu-toolchain/bin/../lib/gcc/avr/5.4.0/../../../../avr/lib/avr5\libm.a(addsf3.o)
 .text          0x00000000        0x0 c:/program files (x86)/atmel/studio/7.0/toolchain/avr8/avr8-gnu-toolchain/bin/../lib/gcc/avr/5.4.0/../../../../avr/lib/avr5\libm.a(addsf3x.o)
 .data          0x00000000        0x0 c:/program files (x86)/atmel/studio/7.0/toolchain/avr8/avr8-gnu-toolchain/bin/../lib/gcc/avr/5.4.0/../../../../avr/lib/avr5\libm.a(addsf3x.o)
 .bss           0x00000000        0x0 c:/program files (x86)/atmel/studio/7.0/toolchain/avr8/avr8-gnu-toolchain/bin/../lib/gcc/avr/5.4.0/../../../../avr/lib/avr5\libm.a(addsf3x.o)
 .text          0x00000000        0x0 c:/program files (x86)/atmel/studio/7.0/toolchain/avr8/avr8-gnu-toolchain/bin/../lib/gcc/avr/5.4.0/../../../../avr/lib/avr5\libm.a(cmpsf2.o)
 .data          0x00000000        0x0 c:/program files (x86)/atmel/studio/7.0/toolchain/avr8/avr8-gnu-toolchain/bin/../lib/gcc/avr/5.4.0/../../../../avr/lib/avr5\libm.a(cmpsf2.o)
 .bss           0x00000000        0x0 c:/program files (x86)/atmel/studio/7.0/toolchain/avr8/avr8-gnu-toolchain/bin/../lib/gcc/avr/5.4.0/../../../../avr/lib/avr5\libm.a(cmpsf2.o)
 .text          0x00000000        0x0 c:/program files (x86)/atmel/studio/7.0/toolchain/avr8/avr8-gnu-toolchain/bin/../lib/gcc/avr/5.4.0/../../../../avr/lib/avr5\libm.a(divsf3.o)
 .data          0x00000000        0x0 c:/program files (x86)/atmel/studio/7.0/toolchain/avr8/avr8-gnu-toolchain/bin/../lib/gcc/avr/5.4.0/../../../../avr/lib/avr5\libm.a(divsf3.o)
 .bss           0x00000000        0x0 c:/program files (x86)/atmel/studio/7.0/toolchain/avr8/avr8-gnu-toolchain/bin/../lib/gcc/avr/5.4.0/../../../../avr/lib/avr5\libm.a(divsf3.o)
 .text          0x00000000        0x0 c:/program files (x86)/atmel/studio/7.0/toolchain/avr8/avr8-gnu-toolchain/bin/../lib/gcc/avr/5.4.0/../../../../avr/lib/avr5\libm.a(divsf3x.o)
 .data          0x00000000        0x0 c:/program files (x86)/atmel/studio/7.0/toolchain/avr8/avr8-gnu-toolchain/bin/../lib/gcc/avr/5.4.0/../../../../avr/lib/avr5\libm.a(divsf3x.o)
 .bss           0x00000000        0x0 c:/program files (x86)/atmel/studio/7.0/toolchain/avr8/avr8-gnu-toolchain/bin/../lib/gcc/avr/5.4.0/../../../../avr/lib/avr5\libm.a(divsf3x.o)
 .text          0x00000000        0x0 c:/program files (x86)/atmel/studio/7.0/toolchain/avr8/avr8-gnu-toolchain/bin/../lib/gcc/avr/5.4.0/../../../../avr/lib/avr5\libm.a(fixunssfsi.o)
 .data          0x00000000        0x0 c:/program files (x86)/atmel/studio/7.0/toolchain/avr8/avr8-gnu-toolchain/bin/../lib/gcc/avr/5.4.0/../../../../avr/lib/avr5\libm.a(fixunssfsi.o)
 .bss           0x00000000        0x0 c:/program files (x86)/atmel/studio/7.0/toolchain/avr8/avr8-gnu-toolchain/bin/../lib/gcc/avr/5.4.0/../../../../avr/lib/avr5\libm.a(fixunssfsi.o)
 .text          0x00000000        0x0 c:/program files (x86)/atmel/studio/7.0/toolchain/avr8/avr8-gnu-toolchain/bin/../lib/gcc/avr/5.4.0/../../../../avr/lib/avr5\libm.a(fp_cmp.o)
 .data          0x00000000        0x0 c:/program files (x86)/atmel/studio/7.0/toolchain/avr8/avr8-gnu-toolchain/bin/../lib/gcc/avr/5.4.0/../../../../avr/lib/avr5\libm.a(fp_cmp.o)
 .bss           0x00000000        0x0 c:/program files (x86)/atmel/studio/7.0/toolchain/avr8/avr8-gnu-toolchain/bin/../lib/gcc/avr/5.4.0/../../../../avr/lib/avr5\libm.a(fp_cmp.o)
 .text          0x00000000        0x0 c:/program files (x86)/atmel/studio/7.0/toolchain/avr8/avr8-gnu-toolchain/bin/../lib/gcc/avr/5.4.0/../../../../avr/lib/avr5\libm.a(fp_inf.o)
 .data          0x00000000        0x0 c:/program files (x86)/atmel/studio/7.0/toolchain/avr8/avr8-gnu-toolchain/bin/../lib/gcc/avr/5.4.0/../../../../avr/lib/avr5\libm.a(fp_inf.o)
 .bss           0x00000000        0x0 c:/program files (x86)/atmel/studio/7.0/toolchain/avr8/avr8-gnu-toolchain/bin/../lib/gcc/avr/5.4.0/../../../../avr/lib/avr5\libm.a(fp_inf.o)
 .text          0x00000000        0x0 c:/program files (x86)/atmel/studio/7.0/toolchain/avr8/avr8-gnu-toolchain/bin/../lib/gcc/avr/5.4.0/../../../../avr/lib/avr5\libm.a(fp_nan.o)
 .data          0x00000000        0x0 c:/program files (x86)/atmel/studio/7.0/toolchain/avr8/avr8-gnu-toolchain/bin/../lib/gcc/avr/5.4.0/../../../../avr/lib/avr5\libm.a(fp_nan.o)
 .bss           0x00000000        0x0 c:/program files (x86)/atmel/studio/7.0/toolchain/avr8/avr8-gnu-toolchain/bin/../lib/gcc/avr/5.4.0/../../../../avr/lib/avr5\libm.a(fp_nan.o)
 .text          0x00000000        0x0 c:/program files (x86)/atmel/studio/7.0/toolchain/avr8/avr8-gnu-toolchain/bin/../lib/gcc/avr/5.4.0/../../../../avr/lib/avr5\libm.a(fp_pscA.o)
 .data          0x00000000        0x0 c:/program files (x86)/atmel/studio/7.0/toolchain/avr8/avr8-gnu-toolchain/bin/../lib/gcc/avr/5.4.0/../../../../avr/lib/avr5\libm.a(fp_pscA.o)
 .bss           0x00000000        0x0 c:/program files (x86)/atmel/studio/7.0/toolchain/avr8/avr8-gnu-toolchain/bin/../lib/gcc/avr/5.4.0/../../../../avr/lib/avr5\libm.a(fp_pscA.o)
 .text          0x00000000        0x0 c:/program files (x86)/atmel/studio/7.0/toolchain/avr8/avr8-gnu-toolchain/bin/../lib/gcc/avr/5.4.0/../../../../avr/lib/avr5\libm.a(fp_pscB.o)
 .data          0x00000000        0x0 c:/program files (x86)/atmel/studio/7.0/toolchain/avr8/avr8-gnu-toolchain/bin/../lib/gcc/avr/5.4.0/../../../../avr/lib/avr5\libm.a(fp_pscB.o)
 .bss           0x00000000        0x0 c:/program files (x86)/atmel/studio/7.0/toolchain/avr8/avr8-gnu-toolchain/bin/../lib/gcc/avr/5.4.0/../../../../avr/lib/avr5\libm.a(fp_pscB.o)
 .text          0x00000000        0x0 c:/program files (x86)/atmel/studio/7.0/toolchain/avr8/avr8-gnu-toolchain/bin/../lib/gcc/avr/5.4.0/../../../../avr/lib/avr5\libm.a(fp_round.o)
 .data          0x00000000        0x0 c:/program files (x86)/atmel/studio/7.0/toolchain/avr8/avr8-gnu-toolchain/bin/../lib/gcc/avr/5.4.0/../../../../avr/lib/avr5\libm.a(fp_round.o)
 .bss           0x00000000        0x0 c:/program files (x86)/atmel/studio/7.0/toolchain/avr8/avr8-gnu-toolchain/bin/../lib/gcc/avr/5.4.0/../../../../avr/lib/avr5\libm.a(fp_round.o)
 .text          0x00000000        0x0 c:/program files (x86)/atmel/studio/7.0/toolchain/avr8/avr8-gnu-toolchain/bin/../lib/gcc/avr/5.4.0/../../../../avr/lib/avr5\libm.a(fp_split3.o)
 .data          0x00000000        0x0 c:/program files (x86)/atmel/studio/7.0/toolchain/avr8/avr8-gnu-toolchain/bin/../lib/gcc/avr/5.4.0/../../../../avr/lib/avr5\libm.a(fp_split3.o)
 .bss           0x00000000        0x0 c:/program files (x86)/atmel/studio/7.0/toolchain/avr8/avr8-gnu-toolchain/bin/../lib/gcc/avr/5.4.0/../../../../avr/lib/avr5\libm.a(fp_split3.o)
 .text          0x00000000        0x0 c:/program files (x86)/atmel/studio/7.0/toolchain/avr8/avr8-gnu-toolchain/bin/../lib/gcc/avr/5.4.0/../../../../avr/lib/avr5\libm.a(fp_zero.o)
 .data          0x00000000        0x0 c:/program files (x86)/atmel/studio/7.0/toolchain/avr8/avr8-gnu-toolchain/bin/../lib/gcc/avr/5.4.0/../../../../avr/lib/avr5\libm.a(fp_zero.o)
 .bss           0x00000000        0x0 c:/program files (x86)/atmel/studio/7.0/toolchain/avr8/avr8-gnu-toolchain/bin/../lib/gcc/avr/5.4.0/../../../../avr/lib/avr5\libm.a(fp_zero.o)
 .text          0x00000000        0x0 c:/program files (x86)/atmel/studio/7.0/toolchain/avr8/avr8-gnu-toolchain/bin/../lib/gcc/avr/5.4.0/../../../../avr/lib/avr5\libm.a(gesf2.o)
 .data          0x00000000        0x0 c:/program files (x86)/atmel/studio/7.0/toolchain/avr8/avr8-gnu-toolchain/bin/../lib/gcc/avr/5.4.0/../../../../avr/lib/avr5\libm.a(gesf2.o)
 .bss           0x00000000        0x0 c:/program files (x86)/atmel/studio/7.0/toolchain/avr8/avr8-gnu-toolchain/bin/../lib/gcc/avr/5.4.0/../../../../avr/lib/avr5\libm.a(gesf2.o)
 .text          0x00000000        0x0 c:/program files (x86)/atmel/studio/7.0/toolchain/avr8/avr8-gnu-toolchain/bin/../lib/gcc/avr/5.4.0/../../../../avr/lib/avr5\libm.a(mulsf3.o)
 .data          0x00000000        0x0 c:/program files (x86)/atmel/studio/7.0/toolchain/avr8/avr8-gnu-toolchain/bin/../lib/gcc/avr/5.4.0/../../../../avr/lib/avr5\libm.a(mulsf3.o)
 .bss           0x00000000        0x0 c:/program files (x86)/atmel/studio/7.0/toolchain/avr8/avr8-gnu-toolchain/bin/../lib/gcc/avr/5.4.0/../../../../avr/lib/avr5\libm.a(mulsf3.o)
 .text          0x00000000        0x0 c:/program files (x86)/atmel/studio/7.0/toolchain/avr8/avr8-gnu-toolchain/bin/../lib/gcc/avr/5.4.0/../../../../avr/lib/avr5\libm.a(mulsf3x.o)
 .data          0x00000000        0x0 c:/program files (x86)/atmel/studio/7.0/toolchain/avr8/avr8-gnu-toolchain/bin/../lib/gcc/avr/5.4.0/../../../../avr/lib/avr5\libm.a(mulsf3x.o)
 .bss           0x00000000        0x0 c:/program files (x86)/atmel/studio/7.0/toolchain/avr8/avr8-gnu-toolchain/bin/../lib/gcc/avr/5.4.0/../../../../avr/lib/avr5\libm.a(mulsf3x.o)
 .text          0x00000000        0x0 c:/program files (x86)/atmel/studio/7.0/toolchain/avr8/avr8-gnu-toolchain/bin/../lib/gcc/avr/5.4.0/avr5\libgcc.a(_mulsi3.o)
 .data          0x00000000        0x0 c:/program files (x86)/atmel/studio/7.0/toolchain/avr8/avr8-gnu-toolchain/bin/../lib/gcc/avr/5.4.0/avr5\libgcc.a(_mulsi3.o)
 .bss           0x00000000        0x0 c:/program files (x86)/atmel/studio/7.0/toolchain/avr8/avr8-gnu-toolchain/bin/../lib/gcc/avr/5.4.0/avr5\libgcc.a(_mulsi3.o)
 .text.libgcc.mul
                0x00000000       0x20 c:/program files (x86)/atmel/studio/7.0/toolchain/avr8/avr8-gnu-toolchain/bin/../lib/gcc/avr/5.4.0/avr5\libgcc.a(_mulsi3.o)
 .text.libgcc.div
                0x00000000        0x0 c:/program files (x86)/atmel/studio/7.0/toolchain/avr8/avr8-gnu-toolchain/bin/../lib/gcc/avr/5.4.0/avr5\libgcc.a(_mulsi3.o)
 .text.libgcc   0x00000000        0x0 c:/program files (x86)/atmel/studio/7.0/toolchain/avr8/avr8-gnu-toolchain/bin/../lib/gcc/avr/5.4.0/avr5\libgcc.a(_mulsi3.o)
 .text.libgcc.prologue
                0x00000000        0x0 c:/program files (x86)/atmel/studio/7.0/toolchain/avr8/avr8-gnu-toolchain/bin/../lib/gcc/avr/5.4.0/avr5\libgcc.a(_mulsi3.o)
 .text.libgcc.builtins
                0x00000000        0x0 c:/program files (x86)/atmel/studio/7.0/toolchain/avr8/avr8-gnu-toolchain/bin/../lib/gcc/avr/5.4.0/avr5\libgcc.a(_mulsi3.o)
 .text.libgcc.fmul
                0x00000000        0x0 c:/program files (x86)/atmel/studio/7.0/toolchain/avr8/avr8-gnu-toolchain/bin/../lib/gcc/avr/5.4.0/avr5\libgcc.a(_mulsi3.o)
 .text.libgcc.fixed
                0x00000000        0x0 c:/program files (x86)/atmel/studio/7.0/toolchain/avr8/avr8-gnu-toolchain/bin/../lib/gcc/avr/5.4.0/avr5\libgcc.a(_mulsi3.o)
 .text          0x00000000        0x0 c:/program files (x86)/atmel/studio/7.0/toolchain/avr8/avr8-gnu-toolchain/bin/../lib/gcc/avr/5.4.0/avr5\libgcc.a(_udivmodhi4.o)
 .data          0x00000000        0x0 c:/program files (x86)/atmel/studio/7.0/toolchain/avr8/avr8-gnu-toolchain/bin/../lib/gcc/avr/5.4.0/avr5\libgcc.a(_udivmodhi4.o)
 .bss           0x00000000        0x0 c:/program files (x86)/atmel/studio/7.0/toolchain/avr8/avr8-gnu-toolchain/bin/../lib/gcc/avr/5.4.0/avr5\libgcc.a(_udivmodhi4.o)
 .text.libgcc.mul
                0x00000000        0x0 c:/program files (x86)/atmel/studio/7.0/toolchain/avr8/avr8-gnu-toolchain/bin/../lib/gcc/avr/5.4.0/avr5\libgcc.a(_udivmodhi4.o)
 .text.libgcc.div
                0x00000000       0x28 c:/program files (x86)/atmel/studio/7.0/toolchain/avr8/avr8-gnu-toolchain/bin/../lib/gcc/avr/5.4.0/avr5\libgcc.a(_udivmodhi4.o)
 .text.libgcc   0x00000000        0x0 c:/program files (x86)/atmel/studio/7.0/toolchain/avr8/avr8-gnu-toolchain/bin/../lib/gcc/avr/5.4.0/avr5\libgcc.a(_udivmodhi4.o)
 .text.libgcc.prologue
                0x00000000        0x0 c:/program files (x86)/atmel/studio/7.0/toolchain/avr8/avr8-gnu-toolchain/bin/../lib/gcc/avr/5.4.0/avr5\libgcc.a(_udivmodhi4.o)
 .text.libgcc.builtins
                0x00000000        0x0 c:/program files (x86)/atmel/studio/7.0/toolchain/avr8/avr8-gnu-toolchain/bin/../lib/gcc/avr/5.4.0/avr5\libgcc.a(_udivmodhi4.o)
 .text.libgcc.fmul
                0x00000000        0x0 c:/program files (x86)/atmel/studio/7.0/toolchain/avr8/avr8-gnu-toolchain/bin/../lib/gcc/avr/5.4.0/avr5\libgcc.a(_udivmodhi4.o)
 .text.libgcc.fixed
                0x00000000        0x0 c:/program files (x86)/atmel/studio/7.0/toolchain/avr8/avr8-gnu-toolchain/bin/../lib/gcc/avr/5.4.0/avr5\libgcc.a(_udivmodhi4.o)
 .text          0x00000000        0x0 c:/program files (x86)/atmel/studio/7.0/toolchain/avr8/avr8-gnu-toolchain/bin/../lib/gcc/avr/5.4.0/avr5\libgcc.a(_udivmodsi4.o)
 .data          0x00000000        0x0 c:/program files (x86)/atmel/studio/7.0/toolchain/avr8/avr8-gnu-toolchain/bin/../lib/gcc/avr/5.4.0/avr5\libgcc.a(_udivmodsi4.o)
 .bss           0x00000000        0x0 c:/program files (x86)/atmel/studio/7.0/toolchain/avr8/avr8-gnu-toolchain/bin/../lib/gcc/avr/5.4.0/avr5\libgcc.a(_udivmodsi4.o)
 .text.libgcc.mul
                0x00000000        0x0 c:/program files (x86)/atmel/studio/7.0/toolchain/avr8/avr8-gnu-toolchain/bin/../lib/gcc/avr/5.4.0/avr5\libgcc.a(_udivmodsi4.o)
 .text.libgcc   0x00000000        0x0 c:/program files (x86)/atmel/studio/7.0/toolchain/avr8/avr8-gnu-toolchain/bin/../lib/gcc/avr/5.4.0/avr5\libgcc.a(_udivmodsi4.o)
 .text.libgcc.prologue
                0x00000000        0x0 c:/program files (x86)/atmel/studio/7.0/toolchain/avr8/avr8-gnu-toolchain/bin/../lib/gcc/avr/5.4.0/avr5\libgcc.a(_udivmodsi4.o)
 .text.libgcc.builtins
                0x00000000        0x0 c:/program files (x86)/atmel/studio/7.0/toolchain/avr8/avr8-gnu-toolchain/bin/../lib/gcc/avr/5.4.0/avr5\libgcc.a(_udivmodsi4.o)
 .text.libgcc.fmul
                0x00000000        0x0 c:/program files (x86)/atmel/studio/7.0/toolchain/avr8/avr8-gnu-toolchain/bin/../lib/gcc/avr/5.4.0/avr5\libgcc.a(_udivmodsi4.o)
 .text.libgcc.fixed
                0x00000000        0x0 c:/program files (x86)/atmel/studio/7.0/toolchain/avr8/avr8-gnu-toolchain/bin/../lib/gcc/avr/5.4.0/avr5\libgcc.a(_udivmodsi4.o)
 .text          0x00000000        0x0 c:/program files (x86)/atmel/studio/7.0/toolchain/avr8/avr8-gnu-toolchain/bin/../lib/gcc/avr/5.4.0/avr5\libgcc.a(_exit.o)
 .data          0x00000000        0x0 c:/program files (x86)/atmel/studio/7.0/toolchain/avr8/avr8-gnu-toolchain/bin/../lib/gcc/avr/5.4.0/avr5\libgcc.a(_exit.o)
 .bss           0x00000000        0x0 c:/program files (x86)/atmel/studio/7.0/toolchain/avr8/avr8-gnu-toolchain/bin/../lib/gcc/avr/5.4.0/avr5\libgcc.a(_exit.o)
 .text.libgcc.mul
                0x00000000        0x0 c:/program files (x86)/atmel/studio/7.0/toolchain/avr8/avr8-gnu-toolchain/bin/../lib/gcc/avr/5.4.0/avr5\libgcc.a(_exit.o)
 .text.libgcc.div
                0x00000000        0x0 c:/program files (x86)/atmel/studio/7.0/toolchain/avr8/avr8-gnu-toolchain/bin/../lib/gcc/avr/5.4.0/avr5\libgcc.a(_exit.o)
 .text.libgcc   0x00000000        0x0 c:/program files (x86)/atmel/studio/7.0/toolchain/avr8/avr8-gnu-toolchain/bin/../lib/gcc/avr/5.4.0/avr5\libgcc.a(_exit.o)
 .text.libgcc.prologue
                0x00000000        0x0 c:/program files (x86)/atmel/studio/7.0/toolchain/avr8/avr8-gnu-toolchain/bin/../lib/gcc/avr/5.4.0/avr5\libgcc.a(_exit.o)
 .text.libgcc.builtins
                0x00000000        0x0 c:/program files (x86)/atmel/studio/7.0/toolchain/avr8/avr8-gnu-toolchain/bin/../lib/gcc/avr/5.4.0/avr5\libgcc.a(_exit.o)
 .text.libgcc.fmul
                0x00000000        0x0 c:/program files (x86)/atmel/studio/7.0/toolchain/avr8/avr8-gnu-toolchain/bin/../lib/gcc/avr/5.4.0/avr5\libgcc.a(_exit.o)
 .text.libgcc.fixed
                0x00000000        0x0 c:/program files (x86)/atmel/studio/7.0/toolchain/avr8/avr8-gnu-toolchain/bin/../lib/gcc/avr/5.4.0/avr5\libgcc.a(_exit.o)
 .text          0x00000000        0x0 c:/program files (x86)/atmel/studio/7.0/toolchain/avr8/avr8-gnu-toolchain/bin/../lib/gcc/avr/5.4.0/avr5\libgcc.a(_copy_data.o)
 .data          0x00000000        0x0 c:/program files (x86)/atmel/studio/7.0/toolchain/avr8/avr8-gnu-toolchain/bin/../lib/gcc/avr/5.4.0/avr5\libgcc.a(_copy_data.o)
 .bss           0x00000000        0x0 c:/program files (x86)/atmel/studio/7.0/toolchain/avr8/avr8-gnu-toolchain/bin/../lib/gcc/avr/5.4.0/avr5\libgcc.a(_copy_data.o)
 .text.libgcc.mul
                0x00000000        0x0 c:/program files (x86)/atmel/studio/7.0/toolchain/avr8/avr8-gnu-toolchain/bin/../lib/gcc/avr/5.4.0/avr5\libgcc.a(_copy_data.o)
 .text.libgcc.div
                0x00000000        0x0 c:/program files (x86)/atmel/studio/7.0/toolchain/avr8/avr8-gnu-toolchain/bin/../lib/gcc/avr/5.4.0/avr5\libgcc.a(_copy_data.o)
 .text.libgcc   0x00000000        0x0 c:/program files (x86)/atmel/studio/7.0/toolchain/avr8/avr8-gnu-toolchain/bin/../lib/gcc/avr/5.4.0/avr5\libgcc.a(_copy_data.o)
 .text.libgcc.prologue
                0x00000000        0x0 c:/program files (x86)/atmel/studio/7.0/toolchain/avr8/avr8-gnu-toolchain/bin/../lib/gcc/avr/5.4.0/avr5\libgcc.a(_copy_data.o)
 .text.libgcc.builtins
                0x00000000        0x0 c:/program files (x86)/atmel/studio/7.0/toolchain/avr8/avr8-gnu-toolchain/bin/../lib/gcc/avr/5.4.0/avr5\libgcc.a(_copy_data.o)
 .text.libgcc.fmul
                0x00000000        0x0 c:/program files (x86)/atmel/studio/7.0/toolchain/avr8/avr8-gnu-toolchain/bin/../lib/gcc/avr/5.4.0/avr5\libgcc.a(_copy_data.o)
 .text.libgcc.fixed
                0x00000000        0x0 c:/program files (x86)/atmel/studio/7.0/toolchain/avr8/avr8-gnu-toolchain/bin/../lib/gcc/avr/5.4.0/avr5\libgcc.a(_copy_data.o)
 .text          0x00000000        0x0 c:/program files (x86)/atmel/studio/7.0/toolchain/avr8/avr8-gnu-toolchain/bin/../lib/gcc/avr/5.4.0/avr5\libgcc.a(_clear_bss.o)
 .data          0x00000000        0x0 c:/program files (x86)/atmel/studio/7.0/toolchain/avr8/avr8-gnu-toolchain/bin/../lib/gcc/avr/5.4.0/avr5\libgcc.a(_clear_bss.o)
 .bss           0x00000000        0x0 c:/program files (x86)/atmel/studio/7.0/toolchain/avr8/avr8-gnu-toolchain/bin/../lib/gcc/avr/5.4.0/avr5\libgcc.a(_clear_bss.o)
 .text.libgcc.mul
                0x00000000        0x0 c:/program files (x86)/atmel/studio/7.0/toolchain/avr8/avr8-gnu-toolchain/bin/../lib/gcc/avr/5.4.0/avr5\libgcc.a(_clear_bss.o)
 .text.libgcc.div
                0x00000000        0x0 c:/program files (x86)/atmel/studio/7.0/toolchain/avr8/avr8-gnu-toolchain/bin/../lib/gcc/avr/5.4.0/avr5\libgcc.a(_clear_bss.o)
 .text.libgcc   0x00000000        0x0 c:/program files (x86)/atmel/studio/7.0/toolchain/avr8/avr8-gnu-toolchain/bin/../lib/gcc/avr/5.4.0/avr5\libgcc.a(_clear_bss.o)
 .text.libgcc.prologue
                0x00000000        0x0 c:/program files (x86)/atmel/studio/7.0/toolchain/avr8/avr8-gnu-toolchain/bin/../lib/gcc/avr/5.4.0/avr5\libgcc.a(_clear_bss.o)
 .text.libgcc.builtins
                0x00000000        0x0 c:/program files (x86)/atmel/studio/7.0/toolchain/avr8/avr8-gnu-toolchain/bin/../lib/gcc/avr/5.4.0/avr5\libgcc.a(_clear_bss.o)
 .text.libgcc.fmul
                0x00000000        0x0 c:/program files (x86)/atmel/studio/7.0/toolchain/avr8/avr8-gnu-toolchain/bin/../lib/gcc/avr/5.4.0/avr5\libgcc.a(_clear_bss.o)
 .text.libgcc.fixed
                0x00000000        0x0 c:/program files (x86)/atmel/studio/7.0/toolchain/avr8/avr8-gnu-toolchain/bin/../lib/gcc/avr/5.4.0/avr5\libgcc.a(_clear_bss.o)
 .text          0x00000000        0x0 c:/program files (x86)/atmel/studio/7.0/toolchain/avr8/avr8-gnu-toolchain/bin/../lib/gcc/avr/5.4.0/avr5\libgcc.a(_muluhisi3.o)
 .data          0x00000000        0x0 c:/program files (x86)/atmel/studio/7.0/toolchain/avr8/avr8-gnu-toolchain/bin/../lib/gcc/avr/5.4.0/avr5\libgcc.a(_muluhisi3.o)
 .bss           0x00000000        0x0 c:/program files (x86)/atmel/studio/7.0/toolchain/avr8/avr8-gnu-toolchain/bin/../lib/gcc/avr/5.4.0/avr5\libgcc.a(_muluhisi3.o)
 .text.libgcc.mul
                0x00000000       0x16 c:/program files (x86)/atmel/studio/7.0/toolchain/avr8/avr8-gnu-toolchain/bin/../lib/gcc/avr/5.4.0/avr5\libgcc.a(_muluhisi3.o)
 .text.libgcc.div
                0x00000000        0x0 c:/program files (x86)/atmel/studio/7.0/toolchain/avr8/avr8-gnu-toolchain/bin/../lib/gcc/avr/5.4.0/avr5\libgcc.a(_muluhisi3.o)
 .text.libgcc   0x00000000        0x0 c:/program files (x86)/atmel/studio/7.0/toolchain/avr8/avr8-gnu-toolchain/bin/../lib/gcc/avr/5.4.0/avr5\libgcc.a(_muluhisi3.o)
 .text.libgcc.prologue
                0x00000000        0x0 c:/program files (x86)/atmel/studio/7.0/toolchain/avr8/avr8-gnu-toolchain/bin/../lib/gcc/avr/5.4.0/avr5\libgcc.a(_muluhisi3.o)
 .text.libgcc.builtins
                0x00000000        0x0 c:/program files (x86)/atmel/studio/7.0/toolchain/avr8/avr8-gnu-toolchain/bin/../lib/gcc/avr/5.4.0/avr5\libgcc.a(_muluhisi3.o)
 .text.libgcc.fmul
                0x00000000        0x0 c:/program files (x86)/atmel/studio/7.0/toolchain/avr8/avr8-gnu-toolchain/bin/../lib/gcc/avr/5.4.0/avr5\libgcc.a(_muluhisi3.o)
 .text.libgcc.fixed
                0x00000000        0x0 c:/program files (x86)/atmel/studio/7.0/toolchain/avr8/avr8-gnu-toolchain/bin/../lib/gcc/avr/5.4.0/avr5\libgcc.a(_muluhisi3.o)
 .text          0x00000000        0x0 c:/program files (x86)/atmel/studio/7.0/toolchain/avr8/avr8-gnu-toolchain/bin/../lib/gcc/avr/5.4.0/avr5\libgcc.a(_umulhisi3.o)
 .data          0x00000000        0x0 c:/program files (x86)/atmel/studio/7.0/toolchain/avr8/avr8-gnu-toolchain/bin/../lib/gcc/avr/5.4.0/avr5\libgcc.a(_umulhisi3.o)
 .bss           0x00000000        0x0 c:/program files (x86)/atmel/studio/7.0/toolchain/avr8/avr8-gnu-toolchain/bin/../lib/gcc/avr/5.4.0/avr5\libgcc.a(_umulhisi3.o)
 .text.libgcc.mul
                0x00000000       0x1e c:/program files (x86)/atmel/studio/7.0/toolchain/avr8/avr8-gnu-toolchain/bin/../lib/gcc/avr/5.4.0/avr5\libgcc.a(_umulhisi3.o)
 .text.libgcc.div
                0x00000000        0x0 c:/program files (x86)/atmel/studio/7.0/toolchain/avr8/avr8-gnu-toolchain/bin/../lib/gcc/avr/5.4.0/avr5\libgcc.a(_umulhisi3.o)
 .text.libgcc   0x00000000        0x0 c:/program files (x86)/atmel/studio/7.0/toolchain/avr8/avr8-gnu-toolchain/bin/../lib/gcc/avr/5.4.0/avr5\libgcc.a(_umulhisi3.o)
 .text.libgcc.prologue
                0x00000000        0x0 c:/program files (x86)/atmel/studio/7.0/toolchain/avr8/avr8-gnu-toolchain/bin/../lib/gcc/avr/5.4.0/avr5\libgcc.a(_umulhisi3.o)
 .text.libgcc.builtins
                0x00000000        0x0 c:/program files (x86)/atmel/studio/7.0/toolchain/avr8/avr8-gnu-toolchain/bin/../lib/gcc/avr/5.4.0/avr5\libgcc.a(_umulhisi3.o)
 .text.libgcc.fmul
                0x00000000        0x0 c:/program files (x86)/atmel/studio/7.0/toolchain/avr8/avr8-gnu-toolchain/bin/../lib/gcc/avr/5.4.0/avr5\libgcc.a(_umulhisi3.o)
 .text.libgcc.fixed
                0x00000000        0x0 c:/program files (x86)/atmel/studio/7.0/toolchain/avr8/avr8-gnu-toolchain/bin/../lib/gcc/avr/5.4.0/avr5\libgcc.a(_umulhisi3.o)

Memory Configuration

Name             Origin             Length             Attributes
text             0x00000000         0x00008000         xr
data             0x00800060         0x00000800         rw !x
eeprom           0x00810000         0x00000400         rw !x
fuse             0x00820000         0x00000002         rw !x
lock             0x00830000         0x00000400         rw !x
signature        0x00840000         0x00000400         rw !x
user_signatures  0x00850000         0x00000400         rw !x
*default*        0x00000000         0xffffffff

Linker script and memory map

LOAD C:/Program Files (x86)/Atmel/Studio/7.0/Packs/atmel/ATmega_DFP/1.6.364/gcc/dev/atmega32/avr5/crtatmega32.o
LOAD main.o
LOAD STACK/BSP/HAL/BUTTON/button.o
LOAD STACK/BSP/HAL/BUZZER/buzzer.o
LOAD STACK/BSP/HAL/DC_MOTOR/dc_motor.o
LOAD STACK/BSP/HAL/EEPROM/eeprom.o
LOAD STACK/BSP/HAL/KEYPAD/keypad.o
LOAD STACK/BSP/HAL/LCD/lcd.o
LOAD STACK/BSP/HAL/LED/led.o
LOAD STACK/BSP/HAL/SERVO_MOTOR/servo_motor.o
LOAD STACK/BSP/MCAL/e_interrupt/e_interrupt.o
LOAD STACK/BSP/MCAL/GPIO/gpio.o
LOAD STACK/BSP/MCAL/I2C/i2c.o
LOAD STACK/BSP/MCAL/PORT/port.o
LOAD STACK/BSP/MCAL/PWM/pwm.o
LOAD STACK/BSP/MCAL/TIMER/timer.o
LOAD STACK/BSP/MCAL/TIMER/timer_callbacks.o
LOAD STACK/BSP/MCAL/UART/uart.o
LOAD STACK/Managers/MessagingUnit/MessagingUnit.o
LOAD STACK/Services/Logger/logger.o
LOAD STACK/Utility/delay/delay.o
LOAD STACK/Utility/std_library/std_library.o
START GROUP
LOAD c:/program files (x86)/atmel/studio/7.0/toolchain/avr8/avr8-gnu-toolchain/bin/../lib/gcc/avr/5.4.0/../../../../avr/lib/avr5\libm.a
END GROUP
START GROUP
LOAD c:/program files (x86)/atmel/studio/7.0/toolchain/avr8/avr8-gnu-toolchain/bin/../lib/gcc/avr/5.4.0/avr5\libgcc.a
LOAD c:/program files (x86)/atmel/studio/7.0/toolchain/avr8/avr8-gnu-toolchain/bin/../lib/gcc/avr/5.4.0/../../../../avr/lib/avr5\libm.a
LOAD c:/program files (x86)/atmel/studio/7.0/toolchain/avr8/avr8-gnu-toolchain/bin/../lib/gcc/avr/5.4.0/../../../../avr/lib/avr5\libc.a
LOAD C:/Program Files (x86)/Atmel/Studio/7.0/Packs/atmel/ATmega_DFP/1.6.364/gcc/dev/atmega32/avr5\libatmega32.a
END GROUP
                0x00000000                __TEXT_REGION_ORIGIN__ = DEFINED (__TEXT_REGION_ORIGIN__)?__TEXT_REGION_ORIGIN__:0x0
                [0x00800060]                __DATA_REGION_ORIGIN__ = DEFINED (__DATA_REGION_ORIGIN__)?__DATA_REGION_ORIGIN__:0x800060
                [0x00008000]                __TEXT_REGION_LENGTH__ = DEFINED (__TEXT_REGION_LENGTH__)?__TEXT_REGION_LENGTH__:0x20000
                [0x00000800]                __DATA_REGION_LENGTH__ = DEFINED (__DATA_REGION_LENGTH__)?__DATA_REGION_LENGTH__:0xffa0
                [0x00000400]                __EEPROM_REGION_LENGTH__ = DEFINED (__EEPROM_REGION_LENGTH__)?__EEPROM_REGION_LENGTH__:0x10000
                [0x00000002]                __FUSE_REGION_LENGTH__ = DEFINED (__FUSE_REGION_LENGTH__)?__FUSE_REGION_LENGTH__:0x400
                0x00000400                __LOCK_REGION_LENGTH__ = DEFINED (__LOCK_REGION_LENGTH__)?__LOCK_REGION_LENGTH__:0x400
                0x00000400                __SIGNATURE_REGION_LENGTH__ = DEFINED (__SIGNATURE_REGION_LENGTH__)?__SIGNATURE_REGION_LENGTH__:0x400
                0x00000400                __USER_SIGNATURE_REGION_LENGTH__ = DEFINED (__USER_SIGNATURE_REGION_LENGTH__)?__USER_SIGNATURE_REGION_LENGTH__:0x400

.hash
 *(.hash)

.dynsym
 *(.dynsym)

.dynstr
 *(.dynstr)

.gnu.version
 *(.gnu.version)

.gnu.version_d
 *(.gnu.version_d)

.gnu.version_r
 *(.gnu.version_r)

.rel.init
 *(.rel.init)

.rela.init
 *(.rela.init)

.rel.text
 *(.rel.text)
 *(.rel.text.*)
 *(.rel.gnu.linkonce.t*)

.rela.text
 *(.rela.text)
 *(.rela.text.*)
 *(.rela.gnu.linkonce.t*)

.rel.fini
 *(.rel.fini)

.rela.fini
 *(.rela.fini)

.rel.rodata
 *(.rel.rodata)
 *(.rel.rodata.*)
 *(.rel.gnu.linkonce.r*)

.rela.rodata
 *(.rela.rodata)
 *(.rela.rodata.*)
 *(.rela.gnu.linkonce.r*)

.rel.data
 *(.rel.data)
 *(.rel.data.*)
 *(.rel.gnu.linkonce.d*)

.rela.data
 *(.rela.data)
 *(.rela.data.*)
 *(.rela.gnu.linkonce.d*)

.rel.ctors
 *(.rel.ctors)

.rela.ctors
 *(.rela.ctors)

.rel.dtors
 *(.rel.dtors)

.rela.dtors
 *(.rela.dtors)

.rel.got
 *(.rel.got)

.rela.got
 *(.rela.got)

.rel.bss
 *(.rel.bss)

.rela.bss
 *(.rela.bss)

.rel.plt
 *(.rel.plt)

.rela.plt
 *(.rela.plt)

.text           0x00000000     0x1954
 *(.vectors)
 .vectors       0x00000000       0x54 C:/Program Files (x86)/Atmel/Studio/7.0/Packs/atmel/ATmega_DFP/1.6.364/gcc/dev/atmega32/avr5/crtatmega32.o
                0x00000000                __vector_default
                0x00000000                __vectors
 *(.vectors)
 *(.progmem.gcc*)
                0x00000054                . = ALIGN (0x2)
                0x00000054                __trampolines_start = .
 *(.trampolines)
 .trampolines   0x00000054        0x0 linker stubs
 *(.trampolines*)
                0x00000054                __trampolines_end = .
 *libprintf_flt.a:*(.progmem.data)
 *libc.a:*(.progmem.data)
 *(.progmem*)
                0x00000054                . = ALIGN (0x2)
 *(.jumptables)
 *(.jumptables*)
 *(.lowtext)
 *(.lowtext*)
                0x00000054                __ctors_start = .
 *(.ctors)
                0x00000054                __ctors_end = .
                0x00000054                __dtors_start = .
 *(.dtors)
                0x00000054                __dtors_end = .
 SORT(*)(.ctors)
 SORT(*)(.dtors)
 *(.init0)
 .init0         0x00000054        0x0 C:/Program Files (x86)/Atmel/Studio/7.0/Packs/atmel/ATmega_DFP/1.6.364/gcc/dev/atmega32/avr5/crtatmega32.o
                0x00000054                __init
 *(.init0)
 *(.init1)
 *(.init1)
 *(.init2)
 .init2         0x00000054        0xc C:/Program Files (x86)/Atmel/Studio/7.0/Packs/atmel/ATmega_DFP/1.6.364/gcc/dev/atmega32/avr5/crtatmega32.o
 *(.init2)
 *(.init3)
 *(.init3)
 *(.init4)
 .init4         0x00000060       0x16 c:/program files (x86)/atmel/studio/7.0/toolchain/avr8/avr8-gnu-toolchain/bin/../lib/gcc/avr/5.4.0/avr5\libgcc.a(_copy_data.o)
                0x00000060                __do_copy_data
 .init4         0x00000076       0x10 c:/program files (x86)/atmel/studio/7.0/toolchain/avr8/avr8-gnu-toolchain/bin/../lib/gcc/avr/5.4.0/avr5\libgcc.a(_clear_bss.o)
                0x00000076                __do_clear_bss
 *(.init4)
 *(.init5)
 *(.init5)
 *(.init6)
 *(.init6)
 *(.init7)
 *(.init7)
 *(.init8)
 *(.init8)
 *(.init9)
 .init9         0x00000086        0x8 C:/Program Files (x86)/Atmel/Studio/7.0/Packs/atmel/ATmega_DFP/1.6.364/gcc/dev/atmega32/avr5/crtatmega32.o
 *(.init9)
 *(.text)
 .text          0x0000008e        0x4 C:/Program Files (x86)/Atmel/Studio/7.0/Packs/atmel/ATmega_DFP/1.6.364/gcc/dev/atmega32/avr5/crtatmega32.o
                0x0000008e                __vector_1
                0x0000008e                __vector_12
                0x0000008e                __bad_interrupt
                0x0000008e                __vector_11
                0x0000008e                __vector_13
                0x0000008e                __vector_17
                0x0000008e                __vector_2
                0x0000008e                __vector_15
                0x0000008e                __vector_14
                0x0000008e                __vector_10
                0x0000008e                __vector_16
                0x0000008e                __vector_18
                0x0000008e                __vector_20
                0x00000092                . = ALIGN (0x2)
 *(.text.*)
 .text.userAuthentication
                0x00000092       0x2c main.o
 .text.keypadInit
                0x000000be       0x34 main.o
 .text.LCDInit  0x000000f2       0x28 main.o
 .text.timerInit
                0x0000011a       0x36 main.o
 .text.systemInit
                0x00000150       0x12 main.o
 .text.releaseSystem
                0x00000162       0x14 main.o
 .text.checkDefaultPassword
                0x00000176       0x36 main.o
 .text.displayHomeSystem
                0x000001ac       0xc8 main.o
 .text.requirePassword
                0x00000274       0xee main.o
 .text.firtTimePassword
                0x00000362       0xb8 main.o
 .text.changePassword
                0x0000041a       0xe8 main.o
 .text.passwordInputState
                0x00000502       0x88 main.o
 .text.startAlarmSystem
                0x0000058a       0x16 main.o
 .text.main     0x000005a0       0x4c main.o
                0x000005a0                main
 .text.hal_keypad_init
                0x000005ec       0x96 STACK/BSP/HAL/KEYPAD/keypad.o
                0x000005ec                hal_keypad_init
 .text.hal_keypad_getKey
                0x00000682       0xd8 STACK/BSP/HAL/KEYPAD/keypad.o
                0x00000682                hal_keypad_getKey
 .text.hal_lcd_sendData
                0x0000075a       0xa4 STACK/BSP/HAL/LCD/lcd.o
                0x0000075a                hal_lcd_sendData
 .text.hal_lcd_init
                0x000007fe       0xbc STACK/BSP/HAL/LCD/lcd.o
                0x000007fe                hal_lcd_init
 .text.hal_lcd_displayString
                0x000008ba       0x36 STACK/BSP/HAL/LCD/lcd.o
                0x000008ba                hal_lcd_displayString
 .text.hal_lcd_goToRowColumn
                0x000008f0       0x26 STACK/BSP/HAL/LCD/lcd.o
                0x000008f0                hal_lcd_goToRowColumn
 .text.hal_lcd_clearScreen
                0x00000916        0xa STACK/BSP/HAL/LCD/lcd.o
                0x00000916                hal_lcd_clearScreen
 .text.mcal_gpio_pin_init
                0x00000920       0x8a STACK/BSP/MCAL/GPIO/gpio.o
                0x00000920                mcal_gpio_pin_init
 .text.mcal_gpio_pin_write
                0x000009aa       0x62 STACK/BSP/MCAL/GPIO/gpio.o
                0x000009aa                mcal_gpio_pin_write
 .text.mcal_port_init
                0x00000a0c       0x5e STACK/BSP/MCAL/PORT/port.o
                0x00000a0c                mcal_port_init
 .text.mcal_port_write
                0x00000a6a       0x24 STACK/BSP/MCAL/PORT/port.o
                0x00000a6a                mcal_port_write
 .text.getPreScaler
                0x00000a8e       0x54 STACK/BSP/MCAL/TIMER/timer.o
 .text.mcal_timer_init
                0x00000ae2      0x24a STACK/BSP/MCAL/TIMER/timer.o
                0x00000ae2                mcal_timer_init
 .text.mcal_timer_start
                0x00000d2c       0xa0 STACK/BSP/MCAL/TIMER/timer.o
                0x00000d2c                mcal_timer_start
 .text.mcal_timer_stop
                0x00000dcc       0xa0 STACK/BSP/MCAL/TIMER/timer.o
                0x00000dcc                mcal_timer_stop
 .text.timer_setCallBack
                0x00000e6c        0xa STACK/BSP/MCAL/TIMER/timer_callbacks.o
                0x00000e6c                timer_setCallBack
 .text.set_timer_overflow
                0x00000e76       0x12 STACK/BSP/MCAL/TIMER/timer_callbacks.o
                0x00000e76                set_timer_overflow
 .text.__vector_3
                0x00000e88       0x52 STACK/BSP/MCAL/TIMER/timer_callbacks.o
                0x00000e88                __vector_3
 .text.__vector_4
                0x00000eda       0x52 STACK/BSP/MCAL/TIMER/timer_callbacks.o
                0x00000eda                __vector_4
 .text.__vector_5
                0x00000f2c       0x52 STACK/BSP/MCAL/TIMER/timer_callbacks.o
                0x00000f2c                __vector_5
 .text.__vector_6
                0x00000f7e       0x52 STACK/BSP/MCAL/TIMER/timer_callbacks.o
                0x00000f7e                __vector_6
 .text.__vector_7
                0x00000fd0       0x52 STACK/BSP/MCAL/TIMER/timer_callbacks.o
                0x00000fd0                __vector_7
 .text.__vector_8
                0x00001022       0x52 STACK/BSP/MCAL/TIMER/timer_callbacks.o
                0x00001022                __vector_8
 .text.__vector_9
                0x00001074       0xc0 STACK/BSP/MCAL/TIMER/timer_callbacks.o
                0x00001074                __vector_9
 .text.__vector_19
                0x00001134       0x52 STACK/BSP/MCAL/TIMER/timer_callbacks.o
                0x00001134                __vector_19
 .text.mcal_UART_init
                0x00001186      0x1aa STACK/BSP/MCAL/UART/uart.o
                0x00001186                mcal_UART_init
 .text.mcal_UART_sendByte
                0x00001330        0xa STACK/BSP/MCAL/UART/uart.o
                0x00001330                mcal_UART_sendByte
 .text.mcal_UART_recieveByte
                0x0000133a        0xe STACK/BSP/MCAL/UART/uart.o
                0x0000133a                mcal_UART_recieveByte
 .text.mcal_UART_sendString
                0x00001348       0x36 STACK/BSP/MCAL/UART/uart.o
                0x00001348                mcal_UART_sendString
 .text.ms_manager_init
                0x0000137e       0x58 STACK/Managers/MessagingUnit/MessagingUnit.o
                0x0000137e                ms_manager_init
 .text.ms_manager_send_data
                0x000013d6       0x28 STACK/Managers/MessagingUnit/MessagingUnit.o
                0x000013d6                ms_manager_send_data
 .text.ms_manager_send_string
                0x000013fe       0x28 STACK/Managers/MessagingUnit/MessagingUnit.o
                0x000013fe                ms_manager_send_string
 .text.ms_manager_receive_data
                0x00001426       0x28 STACK/Managers/MessagingUnit/MessagingUnit.o
                0x00001426                ms_manager_receive_data
 .text.logger_write_debug
                0x0000144e        0x2 STACK/Services/Logger/logger.o
                0x0000144e                logger_write_debug
 .text.logger_write_error
                0x00001450        0x2 STACK/Services/Logger/logger.o
                0x00001450                logger_write_error
 .text.delay_loop
                0x00001452        0x6 STACK/Utility/delay/delay.o
 .text.delay_ms
                0x00001458       0x9e STACK/Utility/delay/delay.o
                0x00001458                delay_ms
 .text.std_strcmp
                0x000014f6       0x22 STACK/Utility/std_library/std_library.o
                0x000014f6                std_strcmp
 .text.avr-libc.fplib
                0x00001518        0xe c:/program files (x86)/atmel/studio/7.0/toolchain/avr8/avr8-gnu-toolchain/bin/../lib/gcc/avr/5.4.0/../../../../avr/lib/avr5\libm.a(addsf3.o)
                0x00001518                __subsf3
                0x0000151a                __addsf3
 .text.avr-libc.fplib
                0x00001526       0xcc c:/program files (x86)/atmel/studio/7.0/toolchain/avr8/avr8-gnu-toolchain/bin/../lib/gcc/avr/5.4.0/../../../../avr/lib/avr5\libm.a(addsf3x.o)
                0x00001548                __addsf3x
 .text.avr-libc.fplib
                0x000015f2        0xa c:/program files (x86)/atmel/studio/7.0/toolchain/avr8/avr8-gnu-toolchain/bin/../lib/gcc/avr/5.4.0/../../../../avr/lib/avr5\libm.a(cmpsf2.o)
                0x000015f2                __nesf2
                0x000015f2                __eqsf2
                0x000015f2                __cmpsf2
                0x000015f2                __ltsf2
                0x000015f2                __lesf2
 .text.avr-libc.fplib
                0x000015fc        0x8 c:/program files (x86)/atmel/studio/7.0/toolchain/avr8/avr8-gnu-toolchain/bin/../lib/gcc/avr/5.4.0/../../../../avr/lib/avr5\libm.a(divsf3.o)
                0x000015fc                __divsf3
 .text.avr-libc.fplib
                0x00001604       0xdc c:/program files (x86)/atmel/studio/7.0/toolchain/avr8/avr8-gnu-toolchain/bin/../lib/gcc/avr/5.4.0/../../../../avr/lib/avr5\libm.a(divsf3x.o)
                0x00001624                __divsf3x
                0x0000162a                __divsf3_pse
 .text.avr-libc.fplib
                0x000016e0       0x5e c:/program files (x86)/atmel/studio/7.0/toolchain/avr8/avr8-gnu-toolchain/bin/../lib/gcc/avr/5.4.0/../../../../avr/lib/avr5\libm.a(fixunssfsi.o)
                0x000016e0                __fixunssfsi
 .text.avr-libc.fplib
                0x0000173e       0x48 c:/program files (x86)/atmel/studio/7.0/toolchain/avr8/avr8-gnu-toolchain/bin/../lib/gcc/avr/5.4.0/../../../../avr/lib/avr5\libm.a(fp_cmp.o)
                0x0000173e                __fp_cmp
 .text.avr-libc.fplib
                0x00001786        0xc c:/program files (x86)/atmel/studio/7.0/toolchain/avr8/avr8-gnu-toolchain/bin/../lib/gcc/avr/5.4.0/../../../../avr/lib/avr5\libm.a(fp_inf.o)
                0x00001786                __fp_inf
 .text.avr-libc.fplib
                0x00001792        0x6 c:/program files (x86)/atmel/studio/7.0/toolchain/avr8/avr8-gnu-toolchain/bin/../lib/gcc/avr/5.4.0/../../../../avr/lib/avr5\libm.a(fp_nan.o)
                0x00001792                __fp_nan
 .text.avr-libc.fplib
                0x00001798        0xe c:/program files (x86)/atmel/studio/7.0/toolchain/avr8/avr8-gnu-toolchain/bin/../lib/gcc/avr/5.4.0/../../../../avr/lib/avr5\libm.a(fp_pscA.o)
                0x00001798                __fp_pscA
 .text.avr-libc.fplib
                0x000017a6        0xe c:/program files (x86)/atmel/studio/7.0/toolchain/avr8/avr8-gnu-toolchain/bin/../lib/gcc/avr/5.4.0/../../../../avr/lib/avr5\libm.a(fp_pscB.o)
                0x000017a6                __fp_pscB
 .text.avr-libc.fplib
                0x000017b4       0x22 c:/program files (x86)/atmel/studio/7.0/toolchain/avr8/avr8-gnu-toolchain/bin/../lib/gcc/avr/5.4.0/../../../../avr/lib/avr5\libm.a(fp_round.o)
                0x000017b4                __fp_round
 .text.avr-libc.fplib
                0x000017d6       0x44 c:/program files (x86)/atmel/studio/7.0/toolchain/avr8/avr8-gnu-toolchain/bin/../lib/gcc/avr/5.4.0/../../../../avr/lib/avr5\libm.a(fp_split3.o)
                0x000017d6                __fp_split3
                0x000017e6                __fp_splitA
 .text.avr-libc.fplib
                0x0000181a        0xe c:/program files (x86)/atmel/studio/7.0/toolchain/avr8/avr8-gnu-toolchain/bin/../lib/gcc/avr/5.4.0/../../../../avr/lib/avr5\libm.a(fp_zero.o)
                0x0000181a                __fp_zero
                0x0000181c                __fp_szero
 .text.avr-libc.fplib
                0x00001828        0xa c:/program files (x86)/atmel/studio/7.0/toolchain/avr8/avr8-gnu-toolchain/bin/../lib/gcc/avr/5.4.0/../../../../avr/lib/avr5\libm.a(gesf2.o)
                0x00001828                __gesf2
                0x00001828                __gtsf2
 .text.avr-libc.fplib
                0x00001832        0x8 c:/program files (x86)/atmel/studio/7.0/toolchain/avr8/avr8-gnu-toolchain/bin/../lib/gcc/avr/5.4.0/../../../../avr/lib/avr5\libm.a(mulsf3.o)
                0x00001832                __mulsf3
 .text.avr-libc.fplib
                0x0000183a       0xd2 c:/program files (x86)/atmel/studio/7.0/toolchain/avr8/avr8-gnu-toolchain/bin/../lib/gcc/avr/5.4.0/../../../../avr/lib/avr5\libm.a(mulsf3x.o)
                0x00001858                __mulsf3x
                0x0000185e                __mulsf3_pse
 .text.libgcc.div
                0x0000190c       0x44 c:/program files (x86)/atmel/studio/7.0/toolchain/avr8/avr8-gnu-toolchain/bin/../lib/gcc/avr/5.4.0/avr5\libgcc.a(_udivmodsi4.o)
                0x0000190c                __udivmodsi4
                0x00001950                . = ALIGN (0x2)
 *(.fini9)
 .fini9         0x00001950        0x0 c:/program files (x86)/atmel/studio/7.0/toolchain/avr8/avr8-gnu-toolchain/bin/../lib/gcc/avr/5.4.0/avr5\libgcc.a(_exit.o)
                0x00001950                _exit
                0x00001950                exit
 *(.fini9)
 *(.fini8)
 *(.fini8)
 *(.fini7)
 *(.fini7)
 *(.fini6)
 *(.fini6)
 *(.fini5)
 *(.fini5)
 *(.fini4)
 *(.fini4)
 *(.fini3)
 *(.fini3)
 *(.fini2)
 *(.fini2)
 *(.fini1)
 *(.fini1)
 *(.fini0)
 .fini0         0x00001950        0x4 c:/program files (x86)/atmel/studio/7.0/toolchain/avr8/avr8-gnu-toolchain/bin/../lib/gcc/avr/5.4.0/avr5\libgcc.a(_exit.o)
 *(.fini0)
                0x00001954                _etext = .

.data           0x00800060      0x1cc load address 0x00001954
                0x00800060                PROVIDE (__data_start, .)
 *(.data)
 *(.data*)
 .data.keypadMapping.1939
                0x00800060       0x10 main.o
 .data.keypadColumnsGPIOS.1938
                0x00800070        0x4 main.o
 .data.keypadRowsGPIOS.1937
                0x00800074        0x4 main.o
 *(.gnu.linkonce.d*)
 *(.rodata)
 *(.rodata*)
 .rodata.str1.1
                0x00800078       0x8d main.o
 .rodata.str1.1
                0x00800105      0x126 STACK/Managers/MessagingUnit/MessagingUnit.o
 *(.gnu.linkonce.r*)
                0x0080022c                . = ALIGN (0x2)
 *fill*         0x0080022b        0x1 
                0x0080022c                _edata = .
                0x0080022c                PROVIDE (__data_end, .)

.bss            0x0080022c       0x2b
                0x0080022c                PROVIDE (__bss_start, .)
 *(.bss)
 *(.bss*)
 .bss.currentPassword
                0x0080022c        0x4 main.o
                0x0080022c                currentPassword
 .bss.passwordErrorCounter
                0x00800230        0x1 main.o
                0x00800230                passwordErrorCounter
 .bss.interruptOverflow
                0x00800231        0x4 STACK/BSP/MCAL/TIMER/timer_callbacks.o
                0x00800231                interruptOverflow
 .bss.ticks     0x00800235        0x4 STACK/BSP/MCAL/TIMER/timer_callbacks.o
                0x00800235                ticks
 .bss.g_callBackPtr
                0x00800239        0x2 STACK/BSP/MCAL/TIMER/timer_callbacks.o
 *(COMMON)
 COMMON         0x0080023b       0x1c main.o
                0x0080023b                lcd
                0x00800241                timer
                0x0080024c                state
                0x0080024d                keypad
                0x00800257                PROVIDE (__bss_end, .)
                0x00001954                __data_load_start = LOADADDR (.data)
                0x00001b20                __data_load_end = (__data_load_start + SIZEOF (.data))

.noinit         0x00800257        0x0
                [!provide]                PROVIDE (__noinit_start, .)
 *(.noinit*)
                [!provide]                PROVIDE (__noinit_end, .)
                0x00800257                _end = .
                [!provide]                PROVIDE (__heap_start, .)

.eeprom         0x00810000        0x0
 *(.eeprom*)
                0x00810000                __eeprom_end = .

.fuse
 *(.fuse)
 *(.lfuse)
 *(.hfuse)
 *(.efuse)

.lock
 *(.lock*)

.signature
 *(.signature*)

.user_signatures
 *(.user_signatures*)

.stab
 *(.stab)

.stabstr
 *(.stabstr)

.stab.excl
 *(.stab.excl)

.stab.exclstr
 *(.stab.exclstr)

.stab.index
 *(.stab.index)

.stab.indexstr
 *(.stab.indexstr)

.comment        0x00000000       0x30
 *(.comment)
 .comment       0x00000000       0x30 main.o
                                 0x31 (size before relaxing)
 .comment       0x00000030       0x31 STACK/BSP/HAL/KEYPAD/keypad.o
 .comment       0x00000030       0x31 STACK/BSP/HAL/LCD/lcd.o
 .comment       0x00000030       0x31 STACK/BSP/MCAL/GPIO/gpio.o
 .comment       0x00000030       0x31 STACK/BSP/MCAL/PORT/port.o
 .comment       0x00000030       0x31 STACK/BSP/MCAL/TIMER/timer.o
 .comment       0x00000030       0x31 STACK/BSP/MCAL/TIMER/timer_callbacks.o
 .comment       0x00000030       0x31 STACK/BSP/MCAL/UART/uart.o
 .comment       0x00000030       0x31 STACK/Managers/MessagingUnit/MessagingUnit.o
 .comment       0x00000030       0x31 STACK/Services/Logger/logger.o
 .comment       0x00000030       0x31 STACK/Utility/delay/delay.o
 .comment       0x00000030       0x31 STACK/Utility/std_library/std_library.o

.note.gnu.avr.deviceinfo
                0x00000000       0x3c
 .note.gnu.avr.deviceinfo
                0x00000000       0x3c C:/Program Files (x86)/Atmel/Studio/7.0/Packs/atmel/ATmega_DFP/1.6.364/gcc/dev/atmega32/avr5/crtatmega32.o

.note.gnu.build-id
 *(.note.gnu.build-id)

.debug
 *(.debug)

.line
 *(.line)

.debug_srcinfo
 *(.debug_srcinfo)

.debug_sfnames
 *(.debug_sfnames)

.debug_aranges  0x00000000      0x328
 *(.debug_aranges)
 .debug_aranges
                0x00000000       0x88 main.o
 .debug_aranges
                0x00000088       0x28 STACK/BSP/HAL/KEYPAD/keypad.o
 .debug_aranges
                0x000000b0       0x48 STACK/BSP/HAL/LCD/lcd.o
 .debug_aranges
                0x000000f8       0x38 STACK/BSP/MCAL/GPIO/gpio.o
 .debug_aranges
                0x00000130       0x30 STACK/BSP/MCAL/PORT/port.o
 .debug_aranges
                0x00000160       0x38 STACK/BSP/MCAL/TIMER/timer.o
 .debug_aranges
                0x00000198       0x68 STACK/BSP/MCAL/TIMER/timer_callbacks.o
 .debug_aranges
                0x00000200       0x40 STACK/BSP/MCAL/UART/uart.o
 .debug_aranges
                0x00000240       0x40 STACK/Managers/MessagingUnit/MessagingUnit.o
 .debug_aranges
                0x00000280       0x38 STACK/Services/Logger/logger.o
 .debug_aranges
                0x000002b8       0x28 STACK/Utility/delay/delay.o
 .debug_aranges
                0x000002e0       0x48 STACK/Utility/std_library/std_library.o

.debug_pubnames
 *(.debug_pubnames)

.debug_info     0x00000000     0x3643
 *(.debug_info .gnu.linkonce.wi.*)
 .debug_info    0x00000000      0x4e6 C:/Program Files (x86)/Atmel/Studio/7.0/Packs/atmel/ATmega_DFP/1.6.364/gcc/dev/atmega32/avr5/crtatmega32.o
 .debug_info    0x000004e6      0xfec main.o
 .debug_info    0x000014d2      0x2f6 STACK/BSP/HAL/KEYPAD/keypad.o
 .debug_info    0x000017c8      0x724 STACK/BSP/HAL/LCD/lcd.o
 .debug_info    0x00001eec      0x23c STACK/BSP/MCAL/GPIO/gpio.o
 .debug_info    0x00002128      0x1df STACK/BSP/MCAL/PORT/port.o
 .debug_info    0x00002307      0x2ff STACK/BSP/MCAL/TIMER/timer.o
 .debug_info    0x00002606      0x1dd STACK/BSP/MCAL/TIMER/timer_callbacks.o
 .debug_info    0x000027e3      0x34b STACK/BSP/MCAL/UART/uart.o
 .debug_info    0x00002b2e      0x579 STACK/Managers/MessagingUnit/MessagingUnit.o
 .debug_info    0x000030a7      0x1a1 STACK/Services/Logger/logger.o
 .debug_info    0x00003248      0x10e STACK/Utility/delay/delay.o
 .debug_info    0x00003356      0x2ed STACK/Utility/std_library/std_library.o

.debug_abbrev   0x00000000     0x11cf
 *(.debug_abbrev)
 .debug_abbrev  0x00000000      0x4a3 C:/Program Files (x86)/Atmel/Studio/7.0/Packs/atmel/ATmega_DFP/1.6.364/gcc/dev/atmega32/avr5/crtatmega32.o
 .debug_abbrev  0x000004a3      0x210 main.o
 .debug_abbrev  0x000006b3      0x139 STACK/BSP/HAL/KEYPAD/keypad.o
 .debug_abbrev  0x000007ec      0x14e STACK/BSP/HAL/LCD/lcd.o
 .debug_abbrev  0x0000093a       0xb8 STACK/BSP/MCAL/GPIO/gpio.o
 .debug_abbrev  0x000009f2       0xb8 STACK/BSP/MCAL/PORT/port.o
 .debug_abbrev  0x00000aaa      0x15a STACK/BSP/MCAL/TIMER/timer.o
 .debug_abbrev  0x00000c04       0xca STACK/BSP/MCAL/TIMER/timer_callbacks.o
 .debug_abbrev  0x00000cce      0x145 STACK/BSP/MCAL/UART/uart.o
 .debug_abbrev  0x00000e13      0x123 STACK/Managers/MessagingUnit/MessagingUnit.o
 .debug_abbrev  0x00000f36       0x98 STACK/Services/Logger/logger.o
 .debug_abbrev  0x00000fce       0xa2 STACK/Utility/delay/delay.o
 .debug_abbrev  0x00001070      0x15f STACK/Utility/std_library/std_library.o

.debug_line     0x00000000     0x1f9c
 *(.debug_line .debug_line.* .debug_line_end)
 .debug_line    0x00000000      0x116 C:/Program Files (x86)/Atmel/Studio/7.0/Packs/atmel/ATmega_DFP/1.6.364/gcc/dev/atmega32/avr5/crtatmega32.o
 .debug_line    0x00000116      0x6b6 main.o
 .debug_line    0x000007cc      0x210 STACK/BSP/HAL/KEYPAD/keypad.o
 .debug_line    0x000009dc      0x363 STACK/BSP/HAL/LCD/lcd.o
 .debug_line    0x00000d3f      0x256 STACK/BSP/MCAL/GPIO/gpio.o
 .debug_line    0x00000f95      0x1d1 STACK/BSP/MCAL/PORT/port.o
 .debug_line    0x00001166      0x3f2 STACK/BSP/MCAL/TIMER/timer.o
 .debug_line    0x00001558      0x1b1 STACK/BSP/MCAL/TIMER/timer_callbacks.o
 .debug_line    0x00001709      0x29c STACK/BSP/MCAL/UART/uart.o
 .debug_line    0x000019a5      0x22b STACK/Managers/MessagingUnit/MessagingUnit.o
 .debug_line    0x00001bd0       0xd9 STACK/Services/Logger/logger.o
 .debug_line    0x00001ca9       0xf7 STACK/Utility/delay/delay.o
 .debug_line    0x00001da0      0x1fc STACK/Utility/std_library/std_library.o

.debug_frame    0x00000000      0x938
 *(.debug_frame)
 .debug_frame   0x00000000      0x168 main.o
 .debug_frame   0x00000168       0x6c STACK/BSP/HAL/KEYPAD/keypad.o
 .debug_frame   0x000001d4       0xcc STACK/BSP/HAL/LCD/lcd.o
 .debug_frame   0x000002a0       0x54 STACK/BSP/MCAL/GPIO/gpio.o
 .debug_frame   0x000002f4       0x44 STACK/BSP/MCAL/PORT/port.o
 .debug_frame   0x00000338       0x8c STACK/BSP/MCAL/TIMER/timer.o
 .debug_frame   0x000003c4      0x2fc STACK/BSP/MCAL/TIMER/timer_callbacks.o
 .debug_frame   0x000006c0       0xac STACK/BSP/MCAL/UART/uart.o
 .debug_frame   0x0000076c       0x74 STACK/Managers/MessagingUnit/MessagingUnit.o
 .debug_frame   0x000007e0       0x54 STACK/Services/Logger/logger.o
 .debug_frame   0x00000834       0x68 STACK/Utility/delay/delay.o
 .debug_frame   0x0000089c       0x9c STACK/Utility/std_library/std_library.o

.debug_str      0x00000000     0x1218
 *(.debug_str)
 .debug_str     0x00000000      0x196 C:/Program Files (x86)/Atmel/Studio/7.0/Packs/atmel/ATmega_DFP/1.6.364/gcc/dev/atmega32/avr5/crtatmega32.o
 .debug_str     0x00000196      0x79f main.o
                                0x7db (size before relaxing)
 .debug_str     0x00000935      0x14c STACK/BSP/HAL/KEYPAD/keypad.o
                                0x39b (size before relaxing)
 .debug_str     0x00000a81      0x14c STACK/BSP/HAL/LCD/lcd.o
                                0x4ed (size before relaxing)
 .debug_str     0x00000bcd       0x70 STACK/BSP/MCAL/GPIO/gpio.o
                                0x2cf (size before relaxing)
 .debug_str     0x00000c3d       0x52 STACK/BSP/MCAL/PORT/port.o
                                0x28d (size before relaxing)
 .debug_str     0x00000c8f       0x9a STACK/BSP/MCAL/TIMER/timer.o
                                0x3b8 (size before relaxing)
 .debug_str     0x00000d29       0xbf STACK/BSP/MCAL/TIMER/timer_callbacks.o
                                0x275 (size before relaxing)
 .debug_str     0x00000de8      0x21c STACK/BSP/MCAL/UART/uart.o
                                0x3a1 (size before relaxing)
 .debug_str     0x00001004       0x86 STACK/Managers/MessagingUnit/MessagingUnit.o
                                0x45e (size before relaxing)
 .debug_str     0x0000108a       0xac STACK/Services/Logger/logger.o
                                0x255 (size before relaxing)
 .debug_str     0x00001136       0x5b STACK/Utility/delay/delay.o
                                0x1d9 (size before relaxing)
 .debug_str     0x00001191       0x87 STACK/Utility/std_library/std_library.o
                                0x220 (size before relaxing)

.debug_loc      0x00000000     0x2551
 *(.debug_loc)
 .debug_loc     0x00000000      0x368 main.o
 .debug_loc     0x00000368      0x1fd STACK/BSP/HAL/KEYPAD/keypad.o
 .debug_loc     0x00000565      0x62c STACK/BSP/HAL/LCD/lcd.o
 .debug_loc     0x00000b91      0x225 STACK/BSP/MCAL/GPIO/gpio.o
 .debug_loc     0x00000db6      0x1fd STACK/BSP/MCAL/PORT/port.o
 .debug_loc     0x00000fb3      0x505 STACK/BSP/MCAL/TIMER/timer.o
 .debug_loc     0x000014b8      0x672 STACK/BSP/MCAL/TIMER/timer_callbacks.o
 .debug_loc     0x00001b2a      0x2bd STACK/BSP/MCAL/UART/uart.o
 .debug_loc     0x00001de7      0x1ee STACK/Managers/MessagingUnit/MessagingUnit.o
 .debug_loc     0x00001fd5      0x139 STACK/Utility/delay/delay.o
 .debug_loc     0x0000210e      0x443 STACK/Utility/std_library/std_library.o

.debug_macinfo
 *(.debug_macinfo)

.debug_weaknames
 *(.debug_weaknames)

.debug_funcnames
 *(.debug_funcnames)

.debug_typenames
 *(.debug_typenames)

.debug_varnames
 *(.debug_varnames)

.debug_pubtypes
 *(.debug_pubtypes)

.debug_ranges   0x00000000      0x298
 *(.debug_ranges)
 .debug_ranges  0x00000000       0x90 main.o
 .debug_ranges  0x00000090       0x30 STACK/BSP/HAL/KEYPAD/keypad.o
 .debug_ranges  0x000000c0       0x38 STACK/BSP/HAL/LCD/lcd.o
 .debug_ranges  0x000000f8       0x28 STACK/BSP/MCAL/GPIO/gpio.o
 .debug_ranges  0x00000120       0x20 STACK/BSP/MCAL/PORT/port.o
 .debug_ranges  0x00000140       0x28 STACK/BSP/MCAL/TIMER/timer.o
 .debug_ranges  0x00000168       0x58 STACK/BSP/MCAL/TIMER/timer_callbacks.o
 .debug_ranges  0x000001c0       0x30 STACK/BSP/MCAL/UART/uart.o
 .debug_ranges  0x000001f0       0x30 STACK/Managers/MessagingUnit/MessagingUnit.o
 .debug_ranges  0x00000220       0x28 STACK/Services/Logger/logger.o
 .debug_ranges  0x00000248       0x18 STACK/Utility/delay/delay.o
 .debug_ranges  0x00000260       0x38 STACK/Utility/std_library/std_library.o

.debug_macro
 *(.debug_macro)
OUTPUT(Door Locker - HMI_ECU.elf elf32-avr)
LOAD linker stubs
