Archive member included to satisfy reference by file (symbol)

c:/program files (x86)/atmel/studio/7.0/toolchain/avr8/avr8-gnu-toolchain/bin/../lib/gcc/avr/5.4.0/../../../../avr/lib/avr5\libm.a(addsf3.o)
                              STACK/BSP/MCAL/TIMER/timer_callbacks.o (__addsf3)
c:/program files (x86)/atmel/studio/7.0/toolchain/avr8/avr8-gnu-toolchain/bin/../lib/gcc/avr/5.4.0/../../../../avr/lib/avr5\libm.a(addsf3x.o)
                              c:/program files (x86)/atmel/studio/7.0/toolchain/avr8/avr8-gnu-toolchain/bin/../lib/gcc/avr/5.4.0/../../../../avr/lib/avr5\libm.a(addsf3.o) (__addsf3x)
c:/program files (x86)/atmel/studio/7.0/toolchain/avr8/avr8-gnu-toolchain/bin/../lib/gcc/avr/5.4.0/../../../../avr/lib/avr5\libm.a(cmpsf2.o)
                              STACK/Utility/delay/delay.o (__ltsf2)
c:/program files (x86)/atmel/studio/7.0/toolchain/avr8/avr8-gnu-toolchain/bin/../lib/gcc/avr/5.4.0/../../../../avr/lib/avr5\libm.a(divsf3.o)
                              STACK/BSP/MCAL/TIMER/timer.o (__divsf3)
c:/program files (x86)/atmel/studio/7.0/toolchain/avr8/avr8-gnu-toolchain/bin/../lib/gcc/avr/5.4.0/../../../../avr/lib/avr5\libm.a(divsf3x.o)
                              c:/program files (x86)/atmel/studio/7.0/toolchain/avr8/avr8-gnu-toolchain/bin/../lib/gcc/avr/5.4.0/../../../../avr/lib/avr5\libm.a(divsf3.o) (__divsf3x)
c:/program files (x86)/atmel/studio/7.0/toolchain/avr8/avr8-gnu-toolchain/bin/../lib/gcc/avr/5.4.0/../../../../avr/lib/avr5\libm.a(fixunssfsi.o)
                              STACK/BSP/MCAL/TIMER/timer.o (__fixunssfsi)
c:/program files (x86)/atmel/studio/7.0/toolchain/avr8/avr8-gnu-toolchain/bin/../lib/gcc/avr/5.4.0/../../../../avr/lib/avr5\libm.a(fp_cmp.o)
                              c:/program files (x86)/atmel/studio/7.0/toolchain/avr8/avr8-gnu-toolchain/bin/../lib/gcc/avr/5.4.0/../../../../avr/lib/avr5\libm.a(cmpsf2.o) (__fp_cmp)
c:/program files (x86)/atmel/studio/7.0/toolchain/avr8/avr8-gnu-toolchain/bin/../lib/gcc/avr/5.4.0/../../../../avr/lib/avr5\libm.a(fp_inf.o)
                              c:/program files (x86)/atmel/studio/7.0/toolchain/avr8/avr8-gnu-toolchain/bin/../lib/gcc/avr/5.4.0/../../../../avr/lib/avr5\libm.a(addsf3x.o) (__fp_inf)
c:/program files (x86)/atmel/studio/7.0/toolchain/avr8/avr8-gnu-toolchain/bin/../lib/gcc/avr/5.4.0/../../../../avr/lib/avr5\libm.a(fp_nan.o)
                              c:/program files (x86)/atmel/studio/7.0/toolchain/avr8/avr8-gnu-toolchain/bin/../lib/gcc/avr/5.4.0/../../../../avr/lib/avr5\libm.a(addsf3x.o) (__fp_nan)
c:/program files (x86)/atmel/studio/7.0/toolchain/avr8/avr8-gnu-toolchain/bin/../lib/gcc/avr/5.4.0/../../../../avr/lib/avr5\libm.a(fp_pscA.o)
                              c:/program files (x86)/atmel/studio/7.0/toolchain/avr8/avr8-gnu-toolchain/bin/../lib/gcc/avr/5.4.0/../../../../avr/lib/avr5\libm.a(addsf3x.o) (__fp_pscA)
c:/program files (x86)/atmel/studio/7.0/toolchain/avr8/avr8-gnu-toolchain/bin/../lib/gcc/avr/5.4.0/../../../../avr/lib/avr5\libm.a(fp_pscB.o)
                              c:/program files (x86)/atmel/studio/7.0/toolchain/avr8/avr8-gnu-toolchain/bin/../lib/gcc/avr/5.4.0/../../../../avr/lib/avr5\libm.a(addsf3x.o) (__fp_pscB)
c:/program files (x86)/atmel/studio/7.0/toolchain/avr8/avr8-gnu-toolchain/bin/../lib/gcc/avr/5.4.0/../../../../avr/lib/avr5\libm.a(fp_round.o)
                              c:/program files (x86)/atmel/studio/7.0/toolchain/avr8/avr8-gnu-toolchain/bin/../lib/gcc/avr/5.4.0/../../../../avr/lib/avr5\libm.a(addsf3.o) (__fp_round)
c:/program files (x86)/atmel/studio/7.0/toolchain/avr8/avr8-gnu-toolchain/bin/../lib/gcc/avr/5.4.0/../../../../avr/lib/avr5\libm.a(fp_split3.o)
                              c:/program files (x86)/atmel/studio/7.0/toolchain/avr8/avr8-gnu-toolchain/bin/../lib/gcc/avr/5.4.0/../../../../avr/lib/avr5\libm.a(addsf3x.o) (__fp_split3)
c:/program files (x86)/atmel/studio/7.0/toolchain/avr8/avr8-gnu-toolchain/bin/../lib/gcc/avr/5.4.0/../../../../avr/lib/avr5\libm.a(fp_zero.o)
                              c:/program files (x86)/atmel/studio/7.0/toolchain/avr8/avr8-gnu-toolchain/bin/../lib/gcc/avr/5.4.0/../../../../avr/lib/avr5\libm.a(addsf3x.o) (__fp_zero)
c:/program files (x86)/atmel/studio/7.0/toolchain/avr8/avr8-gnu-toolchain/bin/../lib/gcc/avr/5.4.0/../../../../avr/lib/avr5\libm.a(gesf2.o)
                              STACK/BSP/MCAL/TIMER/timer_callbacks.o (__gesf2)
c:/program files (x86)/atmel/studio/7.0/toolchain/avr8/avr8-gnu-toolchain/bin/../lib/gcc/avr/5.4.0/../../../../avr/lib/avr5\libm.a(mulsf3.o)
                              STACK/BSP/MCAL/TIMER/timer.o (__mulsf3)
c:/program files (x86)/atmel/studio/7.0/toolchain/avr8/avr8-gnu-toolchain/bin/../lib/gcc/avr/5.4.0/../../../../avr/lib/avr5\libm.a(mulsf3x.o)
                              c:/program files (x86)/atmel/studio/7.0/toolchain/avr8/avr8-gnu-toolchain/bin/../lib/gcc/avr/5.4.0/../../../../avr/lib/avr5\libm.a(mulsf3.o) (__mulsf3x)
c:/program files (x86)/atmel/studio/7.0/toolchain/avr8/avr8-gnu-toolchain/bin/../lib/gcc/avr/5.4.0/avr5\libgcc.a(_mulsi3.o)
                              STACK/BSP/HAL/SERVO_MOTOR/servo_motor.o (__mulsi3)
c:/program files (x86)/atmel/studio/7.0/toolchain/avr8/avr8-gnu-toolchain/bin/../lib/gcc/avr/5.4.0/avr5\libgcc.a(_udivmodhi4.o)
                              STACK/Utility/std_library/std_library.o (__udivmodhi4)
c:/program files (x86)/atmel/studio/7.0/toolchain/avr8/avr8-gnu-toolchain/bin/../lib/gcc/avr/5.4.0/avr5\libgcc.a(_udivmodsi4.o)
                              STACK/BSP/HAL/SERVO_MOTOR/servo_motor.o (__udivmodsi4)
c:/program files (x86)/atmel/studio/7.0/toolchain/avr8/avr8-gnu-toolchain/bin/../lib/gcc/avr/5.4.0/avr5\libgcc.a(_exit.o)
                              C:/Program Files (x86)/Atmel/Studio/7.0/Packs/atmel/ATmega_DFP/1.6.364/gcc/dev/atmega32/avr5/crtatmega32.o (exit)
c:/program files (x86)/atmel/studio/7.0/toolchain/avr8/avr8-gnu-toolchain/bin/../lib/gcc/avr/5.4.0/avr5\libgcc.a(_copy_data.o)
                              STACK/Managers/MessagingUnit/MessagingUnit.o (__do_copy_data)
c:/program files (x86)/atmel/studio/7.0/toolchain/avr8/avr8-gnu-toolchain/bin/../lib/gcc/avr/5.4.0/avr5\libgcc.a(_clear_bss.o)
                              main.o (__do_clear_bss)
c:/program files (x86)/atmel/studio/7.0/toolchain/avr8/avr8-gnu-toolchain/bin/../lib/gcc/avr/5.4.0/avr5\libgcc.a(_muluhisi3.o)
                              c:/program files (x86)/atmel/studio/7.0/toolchain/avr8/avr8-gnu-toolchain/bin/../lib/gcc/avr/5.4.0/avr5\libgcc.a(_mulsi3.o) (__muluhisi3)
c:/program files (x86)/atmel/studio/7.0/toolchain/avr8/avr8-gnu-toolchain/bin/../lib/gcc/avr/5.4.0/avr5\libgcc.a(_umulhisi3.o)
                              c:/program files (x86)/atmel/studio/7.0/toolchain/avr8/avr8-gnu-toolchain/bin/../lib/gcc/avr/5.4.0/avr5\libgcc.a(_muluhisi3.o) (__umulhisi3)

Allocating common symbols
Common symbol       size              file

timer               0xb               main.o
state               0x1               main.o
buzzer              0x3               main.o
servo               0x2               main.o
g_verbosity         0x1               STACK/Services/Logger/logger.o

Discarded input sections

 .data          0x00000000        0x0 C:/Program Files (x86)/Atmel/Studio/7.0/Packs/atmel/ATmega_DFP/1.6.364/gcc/dev/atmega32/avr5/crtatmega32.o
 .bss           0x00000000        0x0 C:/Program Files (x86)/Atmel/Studio/7.0/Packs/atmel/ATmega_DFP/1.6.364/gcc/dev/atmega32/avr5/crtatmega32.o
 .text          0x00000000        0x0 main.o
 .data          0x00000000        0x0 main.o
 .bss           0x00000000        0x0 main.o
 .text          0x00000000        0x0 STACK/BSP/HAL/BUTTON/button.o
 .data          0x00000000        0x0 STACK/BSP/HAL/BUTTON/button.o
 .bss           0x00000000        0x0 STACK/BSP/HAL/BUTTON/button.o
 .text.hal_button_init
                0x00000000       0x3a STACK/BSP/HAL/BUTTON/button.o
 .text.hal_button_get_state
                0x00000000       0x66 STACK/BSP/HAL/BUTTON/button.o
 .debug_info    0x00000000      0x269 STACK/BSP/HAL/BUTTON/button.o
 .debug_abbrev  0x00000000      0x119 STACK/BSP/HAL/BUTTON/button.o
 .debug_loc     0x00000000      0x198 STACK/BSP/HAL/BUTTON/button.o
 .debug_aranges
                0x00000000       0x28 STACK/BSP/HAL/BUTTON/button.o
 .debug_ranges  0x00000000       0x18 STACK/BSP/HAL/BUTTON/button.o
 .debug_line    0x00000000      0x151 STACK/BSP/HAL/BUTTON/button.o
 .debug_str     0x00000000      0x3b0 STACK/BSP/HAL/BUTTON/button.o
 .comment       0x00000000       0x31 STACK/BSP/HAL/BUTTON/button.o
 .debug_frame   0x00000000       0x58 STACK/BSP/HAL/BUTTON/button.o
 .text          0x00000000        0x0 STACK/BSP/HAL/BUZZER/buzzer.o
 .data          0x00000000        0x0 STACK/BSP/HAL/BUZZER/buzzer.o
 .bss           0x00000000        0x0 STACK/BSP/HAL/BUZZER/buzzer.o
 .text.hal_buzzer_toggle_state
                0x00000000       0x1e STACK/BSP/HAL/BUZZER/buzzer.o
 .text.hal_buzzer_get_state
                0x00000000       0x64 STACK/BSP/HAL/BUZZER/buzzer.o
 .text          0x00000000        0x0 STACK/BSP/HAL/DC_MOTOR/dc_motor.o
 .data          0x00000000        0x0 STACK/BSP/HAL/DC_MOTOR/dc_motor.o
 .bss           0x00000000        0x0 STACK/BSP/HAL/DC_MOTOR/dc_motor.o
 .text.hal_dc_motor_init
                0x00000000       0x48 STACK/BSP/HAL/DC_MOTOR/dc_motor.o
 .text.hal_dc_motor_set_direction
                0x00000000       0x56 STACK/BSP/HAL/DC_MOTOR/dc_motor.o
 .text.hal_dc_motor_set_speed
                0x00000000       0x46 STACK/BSP/HAL/DC_MOTOR/dc_motor.o
 .debug_info    0x00000000      0x3e5 STACK/BSP/HAL/DC_MOTOR/dc_motor.o
 .debug_abbrev  0x00000000      0x113 STACK/BSP/HAL/DC_MOTOR/dc_motor.o
 .debug_loc     0x00000000      0x294 STACK/BSP/HAL/DC_MOTOR/dc_motor.o
 .debug_aranges
                0x00000000       0x30 STACK/BSP/HAL/DC_MOTOR/dc_motor.o
 .debug_ranges  0x00000000       0x20 STACK/BSP/HAL/DC_MOTOR/dc_motor.o
 .debug_line    0x00000000      0x1df STACK/BSP/HAL/DC_MOTOR/dc_motor.o
 .debug_str     0x00000000      0x51e STACK/BSP/HAL/DC_MOTOR/dc_motor.o
 .comment       0x00000000       0x31 STACK/BSP/HAL/DC_MOTOR/dc_motor.o
 .debug_frame   0x00000000       0x60 STACK/BSP/HAL/DC_MOTOR/dc_motor.o
 .text          0x00000000        0x0 STACK/BSP/HAL/EEPROM/eeprom.o
 .data          0x00000000        0x0 STACK/BSP/HAL/EEPROM/eeprom.o
 .bss           0x00000000        0x0 STACK/BSP/HAL/EEPROM/eeprom.o
 .text          0x00000000        0x0 STACK/BSP/HAL/KEYPAD/keypad.o
 .data          0x00000000        0x0 STACK/BSP/HAL/KEYPAD/keypad.o
 .bss           0x00000000        0x0 STACK/BSP/HAL/KEYPAD/keypad.o
 .text.hal_keypad_init
                0x00000000       0x96 STACK/BSP/HAL/KEYPAD/keypad.o
 .text.hal_keypad_getKey
                0x00000000       0xd8 STACK/BSP/HAL/KEYPAD/keypad.o
 .debug_info    0x00000000      0x2f6 STACK/BSP/HAL/KEYPAD/keypad.o
 .debug_abbrev  0x00000000      0x139 STACK/BSP/HAL/KEYPAD/keypad.o
 .debug_loc     0x00000000      0x1fd STACK/BSP/HAL/KEYPAD/keypad.o
 .debug_aranges
                0x00000000       0x28 STACK/BSP/HAL/KEYPAD/keypad.o
 .debug_ranges  0x00000000       0x30 STACK/BSP/HAL/KEYPAD/keypad.o
 .debug_line    0x00000000      0x20d STACK/BSP/HAL/KEYPAD/keypad.o
 .debug_str     0x00000000      0x386 STACK/BSP/HAL/KEYPAD/keypad.o
 .comment       0x00000000       0x31 STACK/BSP/HAL/KEYPAD/keypad.o
 .debug_frame   0x00000000       0x6c STACK/BSP/HAL/KEYPAD/keypad.o
 .text          0x00000000        0x0 STACK/BSP/HAL/LCD/lcd.o
 .data          0x00000000        0x0 STACK/BSP/HAL/LCD/lcd.o
 .bss           0x00000000        0x0 STACK/BSP/HAL/LCD/lcd.o
 .text.hal_lcd_sendData
                0x00000000       0xa4 STACK/BSP/HAL/LCD/lcd.o
 .text.hal_lcd_init
                0x00000000       0xbc STACK/BSP/HAL/LCD/lcd.o
 .text.hal_lcd_displayString
                0x00000000       0x36 STACK/BSP/HAL/LCD/lcd.o
 .text.hal_lcd_goToRowColumn
                0x00000000       0x26 STACK/BSP/HAL/LCD/lcd.o
 .text.hal_lcd_intgerToString
                0x00000000       0x4c STACK/BSP/HAL/LCD/lcd.o
 .text.hal_lcd_clearScreen
                0x00000000        0xa STACK/BSP/HAL/LCD/lcd.o
 .debug_info    0x00000000      0x724 STACK/BSP/HAL/LCD/lcd.o
 .debug_abbrev  0x00000000      0x14e STACK/BSP/HAL/LCD/lcd.o
 .debug_loc     0x00000000      0x62c STACK/BSP/HAL/LCD/lcd.o
 .debug_aranges
                0x00000000       0x48 STACK/BSP/HAL/LCD/lcd.o
 .debug_ranges  0x00000000       0x38 STACK/BSP/HAL/LCD/lcd.o
 .debug_line    0x00000000      0x360 STACK/BSP/HAL/LCD/lcd.o
 .debug_str     0x00000000      0x4d8 STACK/BSP/HAL/LCD/lcd.o
 .comment       0x00000000       0x31 STACK/BSP/HAL/LCD/lcd.o
 .debug_frame   0x00000000       0xcc STACK/BSP/HAL/LCD/lcd.o
 .text          0x00000000        0x0 STACK/BSP/HAL/LED/led.o
 .data          0x00000000        0x0 STACK/BSP/HAL/LED/led.o
 .bss           0x00000000        0x0 STACK/BSP/HAL/LED/led.o
 .text.hal_led_init
                0x00000000       0x20 STACK/BSP/HAL/LED/led.o
 .text.hal_led_set_state
                0x00000000       0x3e STACK/BSP/HAL/LED/led.o
 .text.hal_led_toggle_state
                0x00000000       0x1e STACK/BSP/HAL/LED/led.o
 .text.hal_led_get_state
                0x00000000       0x64 STACK/BSP/HAL/LED/led.o
 .debug_info    0x00000000      0x2f8 STACK/BSP/HAL/LED/led.o
 .debug_abbrev  0x00000000      0x122 STACK/BSP/HAL/LED/led.o
 .debug_loc     0x00000000      0x31c STACK/BSP/HAL/LED/led.o
 .debug_aranges
                0x00000000       0x38 STACK/BSP/HAL/LED/led.o
 .debug_ranges  0x00000000       0x28 STACK/BSP/HAL/LED/led.o
 .debug_line    0x00000000      0x1ac STACK/BSP/HAL/LED/led.o
 .debug_str     0x00000000      0x39f STACK/BSP/HAL/LED/led.o
 .comment       0x00000000       0x31 STACK/BSP/HAL/LED/led.o
 .debug_frame   0x00000000       0x78 STACK/BSP/HAL/LED/led.o
 .text          0x00000000        0x0 STACK/BSP/HAL/SERVO_MOTOR/servo_motor.o
 .data          0x00000000        0x0 STACK/BSP/HAL/SERVO_MOTOR/servo_motor.o
 .bss           0x00000000        0x0 STACK/BSP/HAL/SERVO_MOTOR/servo_motor.o
 .text          0x00000000        0x0 STACK/BSP/MCAL/e_interrupt/e_interrupt.o
 .data          0x00000000        0x0 STACK/BSP/MCAL/e_interrupt/e_interrupt.o
 .bss           0x00000000        0x0 STACK/BSP/MCAL/e_interrupt/e_interrupt.o
 .text.mcal_interrupt_initialize
                0x00000000       0xce STACK/BSP/MCAL/e_interrupt/e_interrupt.o
 .text.mcal_interrupt_read_flag
                0x00000000       0x42 STACK/BSP/MCAL/e_interrupt/e_interrupt.o
 .text.mcal_interrupt_clear_flag
                0x00000000       0x30 STACK/BSP/MCAL/e_interrupt/e_interrupt.o
 .debug_info    0x00000000      0x1a4 STACK/BSP/MCAL/e_interrupt/e_interrupt.o
 .debug_abbrev  0x00000000       0xb2 STACK/BSP/MCAL/e_interrupt/e_interrupt.o
 .debug_loc     0x00000000      0x1a1 STACK/BSP/MCAL/e_interrupt/e_interrupt.o
 .debug_aranges
                0x00000000       0x30 STACK/BSP/MCAL/e_interrupt/e_interrupt.o
 .debug_ranges  0x00000000       0x20 STACK/BSP/MCAL/e_interrupt/e_interrupt.o
 .debug_line    0x00000000      0x26c STACK/BSP/MCAL/e_interrupt/e_interrupt.o
 .debug_str     0x00000000      0x2ba STACK/BSP/MCAL/e_interrupt/e_interrupt.o
 .comment       0x00000000       0x31 STACK/BSP/MCAL/e_interrupt/e_interrupt.o
 .debug_frame   0x00000000       0x44 STACK/BSP/MCAL/e_interrupt/e_interrupt.o
 .text          0x00000000        0x0 STACK/BSP/MCAL/GPIO/gpio.o
 .data          0x00000000        0x0 STACK/BSP/MCAL/GPIO/gpio.o
 .bss           0x00000000        0x0 STACK/BSP/MCAL/GPIO/gpio.o
 .text.mcal_gpio_pin_toggle
                0x00000000       0x30 STACK/BSP/MCAL/GPIO/gpio.o
 .text.mcal_gpio_pin_read
                0x00000000       0x3c STACK/BSP/MCAL/GPIO/gpio.o
 .text          0x00000000        0x0 STACK/BSP/MCAL/I2C/i2c.o
 .data          0x00000000        0x0 STACK/BSP/MCAL/I2C/i2c.o
 .bss           0x00000000        0x0 STACK/BSP/MCAL/I2C/i2c.o
 .text.mcal_TWI_readWithACK
                0x00000000       0x22 STACK/BSP/MCAL/I2C/i2c.o
 .text          0x00000000        0x0 STACK/BSP/MCAL/PORT/port.o
 .data          0x00000000        0x0 STACK/BSP/MCAL/PORT/port.o
 .bss           0x00000000        0x0 STACK/BSP/MCAL/PORT/port.o
 .text.mcal_port_init
                0x00000000       0x5e STACK/BSP/MCAL/PORT/port.o
 .text.mcal_port_write
                0x00000000       0x24 STACK/BSP/MCAL/PORT/port.o
 .text.mcal_port_read
                0x00000000       0x22 STACK/BSP/MCAL/PORT/port.o
 .debug_info    0x00000000      0x1df STACK/BSP/MCAL/PORT/port.o
 .debug_abbrev  0x00000000       0xb8 STACK/BSP/MCAL/PORT/port.o
 .debug_loc     0x00000000      0x1fd STACK/BSP/MCAL/PORT/port.o
 .debug_aranges
                0x00000000       0x30 STACK/BSP/MCAL/PORT/port.o
 .debug_ranges  0x00000000       0x20 STACK/BSP/MCAL/PORT/port.o
 .debug_line    0x00000000      0x1ce STACK/BSP/MCAL/PORT/port.o
 .debug_str     0x00000000      0x278 STACK/BSP/MCAL/PORT/port.o
 .comment       0x00000000       0x31 STACK/BSP/MCAL/PORT/port.o
 .debug_frame   0x00000000       0x44 STACK/BSP/MCAL/PORT/port.o
 .text          0x00000000        0x0 STACK/BSP/MCAL/PWM/pwm.o
 .data          0x00000000        0x0 STACK/BSP/MCAL/PWM/pwm.o
 .bss           0x00000000        0x0 STACK/BSP/MCAL/PWM/pwm.o
 .text.mcal_pwm_output
                0x00000000       0x3e STACK/BSP/MCAL/PWM/pwm.o
 .text          0x00000000        0x0 STACK/BSP/MCAL/TIMER/timer.o
 .data          0x00000000        0x0 STACK/BSP/MCAL/TIMER/timer.o
 .bss           0x00000000        0x0 STACK/BSP/MCAL/TIMER/timer.o
 .text          0x00000000        0x0 STACK/BSP/MCAL/TIMER/timer_callbacks.o
 .data          0x00000000        0x0 STACK/BSP/MCAL/TIMER/timer_callbacks.o
 .bss           0x00000000        0x0 STACK/BSP/MCAL/TIMER/timer_callbacks.o
 .text          0x00000000        0x0 STACK/BSP/MCAL/UART/uart.o
 .data          0x00000000        0x0 STACK/BSP/MCAL/UART/uart.o
 .bss           0x00000000        0x0 STACK/BSP/MCAL/UART/uart.o
 .text.mcal_UART_sendString
                0x00000000       0x36 STACK/BSP/MCAL/UART/uart.o
 .text          0x00000000        0x0 STACK/Managers/MessagingUnit/MessagingUnit.o
 .data          0x00000000        0x0 STACK/Managers/MessagingUnit/MessagingUnit.o
 .bss           0x00000000        0x0 STACK/Managers/MessagingUnit/MessagingUnit.o
 .text.ms_manager_send_string
                0x00000000       0x28 STACK/Managers/MessagingUnit/MessagingUnit.o
 .text          0x00000000        0x0 STACK/Services/Logger/logger.o
 .data          0x00000000        0x0 STACK/Services/Logger/logger.o
 .bss           0x00000000        0x0 STACK/Services/Logger/logger.o
 .text.logger_init
                0x00000000        0x2 STACK/Services/Logger/logger.o
 .text.logger_write_warning
                0x00000000        0x2 STACK/Services/Logger/logger.o
 COMMON         0x00000000        0x1 STACK/Services/Logger/logger.o
 .text          0x00000000        0x0 STACK/Utility/delay/delay.o
 .data          0x00000000        0x0 STACK/Utility/delay/delay.o
 .bss           0x00000000        0x0 STACK/Utility/delay/delay.o
 .text          0x00000000        0x0 STACK/Utility/std_library/std_library.o
 .data          0x00000000        0x0 STACK/Utility/std_library/std_library.o
 .bss           0x00000000        0x0 STACK/Utility/std_library/std_library.o
 .text.std_reverse
                0x00000000       0x26 STACK/Utility/std_library/std_library.o
 .text.std_abs  0x00000000       0x1c STACK/Utility/std_library/std_library.o
 .text.std_strlen
                0x00000000       0x14 STACK/Utility/std_library/std_library.o
 .text.std_strcat
                0x00000000       0x32 STACK/Utility/std_library/std_library.o
 .text.std_itoa
                0x00000000       0x94 STACK/Utility/std_library/std_library.o
 .text          0x00000000        0x0 c:/program files (x86)/atmel/studio/7.0/toolchain/avr8/avr8-gnu-toolchain/bin/../lib/gcc/avr/5.4.0/../../../../avr/lib/avr5\libm.a(addsf3.o)
 .data          0x00000000        0x0 c:/program files (x86)/atmel/studio/7.0/toolchain/avr8/avr8-gnu-toolchain/bin/../lib/gcc/avr/5.4.0/../../../../avr/lib/avr5\libm.a(addsf3.o)
 .bss           0x00000000        0x0 c:/program files (x86)/atmel/studio/7.0/toolchain/avr8/avr8-gnu-toolchain/bin/../lib/gcc/avr/5.4.0/../../../../avr/lib/avr5\libm.a(addsf3.o)
 .text          0x00000000        0x0 c:/program files (x86)/atmel/studio/7.0/toolchain/avr8/avr8-gnu-toolchain/bin/../lib/gcc/avr/5.4.0/../../../../avr/lib/avr5\libm.a(addsf3x.o)
 .data          0x00000000        0x0 c:/program files (x86)/atmel/studio/7.0/toolchain/avr8/avr8-gnu-toolchain/bin/../lib/gcc/avr/5.4.0/../../../../avr/lib/avr5\libm.a(addsf3x.o)
 .bss           0x00000000        0x0 c:/program files (x86)/atmel/studio/7.0/toolchain/avr8/avr8-gnu-toolchain/bin/../lib/gcc/avr/5.4.0/../../../../avr/lib/avr5\libm.a(addsf3x.o)
 .text          0x00000000        0x0 c:/program files (x86)/atmel/studio/7.0/toolchain/avr8/avr8-gnu-toolchain/bin/../lib/gcc/avr/5.4.0/../../../../avr/lib/avr5\libm.a(cmpsf2.o)
 .data          0x00000000        0x0 c:/program files (x86)/atmel/studio/7.0/toolchain/avr8/avr8-gnu-toolchain/bin/../lib/gcc/avr/5.4.0/../../../../avr/lib/avr5\libm.a(cmpsf2.o)
 .bss           0x00000000        0x0 c:/program files (x86)/atmel/studio/7.0/toolchain/avr8/avr8-gnu-toolchain/bin/../lib/gcc/avr/5.4.0/../../../../avr/lib/avr5\libm.a(cmpsf2.o)
 .text          0x00000000        0x0 c:/program files (x86)/atmel/studio/7.0/toolchain/avr8/avr8-gnu-toolchain/bin/../lib/gcc/avr/5.4.0/../../../../avr/lib/avr5\libm.a(divsf3.o)
 .data          0x00000000        0x0 c:/program files (x86)/atmel/studio/7.0/toolchain/avr8/avr8-gnu-toolchain/bin/../lib/gcc/avr/5.4.0/../../../../avr/lib/avr5\libm.a(divsf3.o)
 .bss           0x00000000        0x0 c:/program files (x86)/atmel/studio/7.0/toolchain/avr8/avr8-gnu-toolchain/bin/../lib/gcc/avr/5.4.0/../../../../avr/lib/avr5\libm.a(divsf3.o)
 .text          0x00000000        0x0 c:/program files (x86)/atmel/studio/7.0/toolchain/avr8/avr8-gnu-toolchain/bin/../lib/gcc/avr/5.4.0/../../../../avr/lib/avr5\libm.a(divsf3x.o)
 .data          0x00000000        0x0 c:/program files (x86)/atmel/studio/7.0/toolchain/avr8/avr8-gnu-toolchain/bin/../lib/gcc/avr/5.4.0/../../../../avr/lib/avr5\libm.a(divsf3x.o)
 .bss           0x00000000        0x0 c:/program files (x86)/atmel/studio/7.0/toolchain/avr8/avr8-gnu-toolchain/bin/../lib/gcc/avr/5.4.0/../../../../avr/lib/avr5\libm.a(divsf3x.o)
 .text          0x00000000        0x0 c:/program files (x86)/atmel/studio/7.0/toolchain/avr8/avr8-gnu-toolchain/bin/../lib/gcc/avr/5.4.0/../../../../avr/lib/avr5\libm.a(fixunssfsi.o)
 .data          0x00000000        0x0 c:/program files (x86)/atmel/studio/7.0/toolchain/avr8/avr8-gnu-toolchain/bin/../lib/gcc/avr/5.4.0/../../../../avr/lib/avr5\libm.a(fixunssfsi.o)
 .bss           0x00000000        0x0 c:/program files (x86)/atmel/studio/7.0/toolchain/avr8/avr8-gnu-toolchain/bin/../lib/gcc/avr/5.4.0/../../../../avr/lib/avr5\libm.a(fixunssfsi.o)
 .text          0x00000000        0x0 c:/program files (x86)/atmel/studio/7.0/toolchain/avr8/avr8-gnu-toolchain/bin/../lib/gcc/avr/5.4.0/../../../../avr/lib/avr5\libm.a(fp_cmp.o)
 .data          0x00000000        0x0 c:/program files (x86)/atmel/studio/7.0/toolchain/avr8/avr8-gnu-toolchain/bin/../lib/gcc/avr/5.4.0/../../../../avr/lib/avr5\libm.a(fp_cmp.o)
 .bss           0x00000000        0x0 c:/program files (x86)/atmel/studio/7.0/toolchain/avr8/avr8-gnu-toolchain/bin/../lib/gcc/avr/5.4.0/../../../../avr/lib/avr5\libm.a(fp_cmp.o)
 .text          0x00000000        0x0 c:/program files (x86)/atmel/studio/7.0/toolchain/avr8/avr8-gnu-toolchain/bin/../lib/gcc/avr/5.4.0/../../../../avr/lib/avr5\libm.a(fp_inf.o)
 .data          0x00000000        0x0 c:/program files (x86)/atmel/studio/7.0/toolchain/avr8/avr8-gnu-toolchain/bin/../lib/gcc/avr/5.4.0/../../../../avr/lib/avr5\libm.a(fp_inf.o)
 .bss           0x00000000        0x0 c:/program files (x86)/atmel/studio/7.0/toolchain/avr8/avr8-gnu-toolchain/bin/../lib/gcc/avr/5.4.0/../../../../avr/lib/avr5\libm.a(fp_inf.o)
 .text          0x00000000        0x0 c:/program files (x86)/atmel/studio/7.0/toolchain/avr8/avr8-gnu-toolchain/bin/../lib/gcc/avr/5.4.0/../../../../avr/lib/avr5\libm.a(fp_nan.o)
 .data          0x00000000        0x0 c:/program files (x86)/atmel/studio/7.0/toolchain/avr8/avr8-gnu-toolchain/bin/../lib/gcc/avr/5.4.0/../../../../avr/lib/avr5\libm.a(fp_nan.o)
 .bss           0x00000000        0x0 c:/program files (x86)/atmel/studio/7.0/toolchain/avr8/avr8-gnu-toolchain/bin/../lib/gcc/avr/5.4.0/../../../../avr/lib/avr5\libm.a(fp_nan.o)
 .text          0x00000000        0x0 c:/program files (x86)/atmel/studio/7.0/toolchain/avr8/avr8-gnu-toolchain/bin/../lib/gcc/avr/5.4.0/../../../../avr/lib/avr5\libm.a(fp_pscA.o)
 .data          0x00000000        0x0 c:/program files (x86)/atmel/studio/7.0/toolchain/avr8/avr8-gnu-toolchain/bin/../lib/gcc/avr/5.4.0/../../../../avr/lib/avr5\libm.a(fp_pscA.o)
 .bss           0x00000000        0x0 c:/program files (x86)/atmel/studio/7.0/toolchain/avr8/avr8-gnu-toolchain/bin/../lib/gcc/avr/5.4.0/../../../../avr/lib/avr5\libm.a(fp_pscA.o)
 .text          0x00000000        0x0 c:/program files (x86)/atmel/studio/7.0/toolchain/avr8/avr8-gnu-toolchain/bin/../lib/gcc/avr/5.4.0/../../../../avr/lib/avr5\libm.a(fp_pscB.o)
 .data          0x00000000        0x0 c:/program files (x86)/atmel/studio/7.0/toolchain/avr8/avr8-gnu-toolchain/bin/../lib/gcc/avr/5.4.0/../../../../avr/lib/avr5\libm.a(fp_pscB.o)
 .bss           0x00000000        0x0 c:/program files (x86)/atmel/studio/7.0/toolchain/avr8/avr8-gnu-toolchain/bin/../lib/gcc/avr/5.4.0/../../../../avr/lib/avr5\libm.a(fp_pscB.o)
 .text          0x00000000        0x0 c:/program files (x86)/atmel/studio/7.0/toolchain/avr8/avr8-gnu-toolchain/bin/../lib/gcc/avr/5.4.0/../../../../avr/lib/avr5\libm.a(fp_round.o)
 .data          0x00000000        0x0 c:/program files (x86)/atmel/studio/7.0/toolchain/avr8/avr8-gnu-toolchain/bin/../lib/gcc/avr/5.4.0/../../../../avr/lib/avr5\libm.a(fp_round.o)
 .bss           0x00000000        0x0 c:/program files (x86)/atmel/studio/7.0/toolchain/avr8/avr8-gnu-toolchain/bin/../lib/gcc/avr/5.4.0/../../../../avr/lib/avr5\libm.a(fp_round.o)
 .text          0x00000000        0x0 c:/program files (x86)/atmel/studio/7.0/toolchain/avr8/avr8-gnu-toolchain/bin/../lib/gcc/avr/5.4.0/../../../../avr/lib/avr5\libm.a(fp_split3.o)
 .data          0x00000000        0x0 c:/program files (x86)/atmel/studio/7.0/toolchain/avr8/avr8-gnu-toolchain/bin/../lib/gcc/avr/5.4.0/../../../../avr/lib/avr5\libm.a(fp_split3.o)
 .bss           0x00000000        0x0 c:/program files (x86)/atmel/studio/7.0/toolchain/avr8/avr8-gnu-toolchain/bin/../lib/gcc/avr/5.4.0/../../../../avr/lib/avr5\libm.a(fp_split3.o)
 .text          0x00000000        0x0 c:/program files (x86)/atmel/studio/7.0/toolchain/avr8/avr8-gnu-toolchain/bin/../lib/gcc/avr/5.4.0/../../../../avr/lib/avr5\libm.a(fp_zero.o)
 .data          0x00000000        0x0 c:/program files (x86)/atmel/studio/7.0/toolchain/avr8/avr8-gnu-toolchain/bin/../lib/gcc/avr/5.4.0/../../../../avr/lib/avr5\libm.a(fp_zero.o)
 .bss           0x00000000        0x0 c:/program files (x86)/atmel/studio/7.0/toolchain/avr8/avr8-gnu-toolchain/bin/../lib/gcc/avr/5.4.0/../../../../avr/lib/avr5\libm.a(fp_zero.o)
 .text          0x00000000        0x0 c:/program files (x86)/atmel/studio/7.0/toolchain/avr8/avr8-gnu-toolchain/bin/../lib/gcc/avr/5.4.0/../../../../avr/lib/avr5\libm.a(gesf2.o)
 .data          0x00000000        0x0 c:/program files (x86)/atmel/studio/7.0/toolchain/avr8/avr8-gnu-toolchain/bin/../lib/gcc/avr/5.4.0/../../../../avr/lib/avr5\libm.a(gesf2.o)
 .bss           0x00000000        0x0 c:/program files (x86)/atmel/studio/7.0/toolchain/avr8/avr8-gnu-toolchain/bin/../lib/gcc/avr/5.4.0/../../../../avr/lib/avr5\libm.a(gesf2.o)
 .text          0x00000000        0x0 c:/program files (x86)/atmel/studio/7.0/toolchain/avr8/avr8-gnu-toolchain/bin/../lib/gcc/avr/5.4.0/../../../../avr/lib/avr5\libm.a(mulsf3.o)
 .data          0x00000000        0x0 c:/program files (x86)/atmel/studio/7.0/toolchain/avr8/avr8-gnu-toolchain/bin/../lib/gcc/avr/5.4.0/../../../../avr/lib/avr5\libm.a(mulsf3.o)
 .bss           0x00000000        0x0 c:/program files (x86)/atmel/studio/7.0/toolchain/avr8/avr8-gnu-toolchain/bin/../lib/gcc/avr/5.4.0/../../../../avr/lib/avr5\libm.a(mulsf3.o)
 .text          0x00000000        0x0 c:/program files (x86)/atmel/studio/7.0/toolchain/avr8/avr8-gnu-toolchain/bin/../lib/gcc/avr/5.4.0/../../../../avr/lib/avr5\libm.a(mulsf3x.o)
 .data          0x00000000        0x0 c:/program files (x86)/atmel/studio/7.0/toolchain/avr8/avr8-gnu-toolchain/bin/../lib/gcc/avr/5.4.0/../../../../avr/lib/avr5\libm.a(mulsf3x.o)
 .bss           0x00000000        0x0 c:/program files (x86)/atmel/studio/7.0/toolchain/avr8/avr8-gnu-toolchain/bin/../lib/gcc/avr/5.4.0/../../../../avr/lib/avr5\libm.a(mulsf3x.o)
 .text          0x00000000        0x0 c:/program files (x86)/atmel/studio/7.0/toolchain/avr8/avr8-gnu-toolchain/bin/../lib/gcc/avr/5.4.0/avr5\libgcc.a(_mulsi3.o)
 .data          0x00000000        0x0 c:/program files (x86)/atmel/studio/7.0/toolchain/avr8/avr8-gnu-toolchain/bin/../lib/gcc/avr/5.4.0/avr5\libgcc.a(_mulsi3.o)
 .bss           0x00000000        0x0 c:/program files (x86)/atmel/studio/7.0/toolchain/avr8/avr8-gnu-toolchain/bin/../lib/gcc/avr/5.4.0/avr5\libgcc.a(_mulsi3.o)
 .text.libgcc.div
                0x00000000        0x0 c:/program files (x86)/atmel/studio/7.0/toolchain/avr8/avr8-gnu-toolchain/bin/../lib/gcc/avr/5.4.0/avr5\libgcc.a(_mulsi3.o)
 .text.libgcc   0x00000000        0x0 c:/program files (x86)/atmel/studio/7.0/toolchain/avr8/avr8-gnu-toolchain/bin/../lib/gcc/avr/5.4.0/avr5\libgcc.a(_mulsi3.o)
 .text.libgcc.prologue
                0x00000000        0x0 c:/program files (x86)/atmel/studio/7.0/toolchain/avr8/avr8-gnu-toolchain/bin/../lib/gcc/avr/5.4.0/avr5\libgcc.a(_mulsi3.o)
 .text.libgcc.builtins
                0x00000000        0x0 c:/program files (x86)/atmel/studio/7.0/toolchain/avr8/avr8-gnu-toolchain/bin/../lib/gcc/avr/5.4.0/avr5\libgcc.a(_mulsi3.o)
 .text.libgcc.fmul
                0x00000000        0x0 c:/program files (x86)/atmel/studio/7.0/toolchain/avr8/avr8-gnu-toolchain/bin/../lib/gcc/avr/5.4.0/avr5\libgcc.a(_mulsi3.o)
 .text.libgcc.fixed
                0x00000000        0x0 c:/program files (x86)/atmel/studio/7.0/toolchain/avr8/avr8-gnu-toolchain/bin/../lib/gcc/avr/5.4.0/avr5\libgcc.a(_mulsi3.o)
 .text          0x00000000        0x0 c:/program files (x86)/atmel/studio/7.0/toolchain/avr8/avr8-gnu-toolchain/bin/../lib/gcc/avr/5.4.0/avr5\libgcc.a(_udivmodhi4.o)
 .data          0x00000000        0x0 c:/program files (x86)/atmel/studio/7.0/toolchain/avr8/avr8-gnu-toolchain/bin/../lib/gcc/avr/5.4.0/avr5\libgcc.a(_udivmodhi4.o)
 .bss           0x00000000        0x0 c:/program files (x86)/atmel/studio/7.0/toolchain/avr8/avr8-gnu-toolchain/bin/../lib/gcc/avr/5.4.0/avr5\libgcc.a(_udivmodhi4.o)
 .text.libgcc.mul
                0x00000000        0x0 c:/program files (x86)/atmel/studio/7.0/toolchain/avr8/avr8-gnu-toolchain/bin/../lib/gcc/avr/5.4.0/avr5\libgcc.a(_udivmodhi4.o)
 .text.libgcc.div
                0x00000000       0x28 c:/program files (x86)/atmel/studio/7.0/toolchain/avr8/avr8-gnu-toolchain/bin/../lib/gcc/avr/5.4.0/avr5\libgcc.a(_udivmodhi4.o)
 .text.libgcc   0x00000000        0x0 c:/program files (x86)/atmel/studio/7.0/toolchain/avr8/avr8-gnu-toolchain/bin/../lib/gcc/avr/5.4.0/avr5\libgcc.a(_udivmodhi4.o)
 .text.libgcc.prologue
                0x00000000        0x0 c:/program files (x86)/atmel/studio/7.0/toolchain/avr8/avr8-gnu-toolchain/bin/../lib/gcc/avr/5.4.0/avr5\libgcc.a(_udivmodhi4.o)
 .text.libgcc.builtins
                0x00000000        0x0 c:/program files (x86)/atmel/studio/7.0/toolchain/avr8/avr8-gnu-toolchain/bin/../lib/gcc/avr/5.4.0/avr5\libgcc.a(_udivmodhi4.o)
 .text.libgcc.fmul
                0x00000000        0x0 c:/program files (x86)/atmel/studio/7.0/toolchain/avr8/avr8-gnu-toolchain/bin/../lib/gcc/avr/5.4.0/avr5\libgcc.a(_udivmodhi4.o)
 .text.libgcc.fixed
                0x00000000        0x0 c:/program files (x86)/atmel/studio/7.0/toolchain/avr8/avr8-gnu-toolchain/bin/../lib/gcc/avr/5.4.0/avr5\libgcc.a(_udivmodhi4.o)
 .text          0x00000000        0x0 c:/program files (x86)/atmel/studio/7.0/toolchain/avr8/avr8-gnu-toolchain/bin/../lib/gcc/avr/5.4.0/avr5\libgcc.a(_udivmodsi4.o)
 .data          0x00000000        0x0 c:/program files (x86)/atmel/studio/7.0/toolchain/avr8/avr8-gnu-toolchain/bin/../lib/gcc/avr/5.4.0/avr5\libgcc.a(_udivmodsi4.o)
 .bss           0x00000000        0x0 c:/program files (x86)/atmel/studio/7.0/toolchain/avr8/avr8-gnu-toolchain/bin/../lib/gcc/avr/5.4.0/avr5\libgcc.a(_udivmodsi4.o)
 .text.libgcc.mul
                0x00000000        0x0 c:/program files (x86)/atmel/studio/7.0/toolchain/avr8/avr8-gnu-toolchain/bin/../lib/gcc/avr/5.4.0/avr5\libgcc.a(_udivmodsi4.o)
 .text.libgcc   0x00000000        0x0 c:/program files (x86)/atmel/studio/7.0/toolchain/avr8/avr8-gnu-toolchain/bin/../lib/gcc/avr/5.4.0/avr5\libgcc.a(_udivmodsi4.o)
 .text.libgcc.prologue
                0x00000000        0x0 c:/program files (x86)/atmel/studio/7.0/toolchain/avr8/avr8-gnu-toolchain/bin/../lib/gcc/avr/5.4.0/avr5\libgcc.a(_udivmodsi4.o)
 .text.libgcc.builtins
                0x00000000        0x0 c:/program files (x86)/atmel/studio/7.0/toolchain/avr8/avr8-gnu-toolchain/bin/../lib/gcc/avr/5.4.0/avr5\libgcc.a(_udivmodsi4.o)
 .text.libgcc.fmul
                0x00000000        0x0 c:/program files (x86)/atmel/studio/7.0/toolchain/avr8/avr8-gnu-toolchain/bin/../lib/gcc/avr/5.4.0/avr5\libgcc.a(_udivmodsi4.o)
 .text.libgcc.fixed
                0x00000000        0x0 c:/program files (x86)/atmel/studio/7.0/toolchain/avr8/avr8-gnu-toolchain/bin/../lib/gcc/avr/5.4.0/avr5\libgcc.a(_udivmodsi4.o)
 .text          0x00000000        0x0 c:/program files (x86)/atmel/studio/7.0/toolchain/avr8/avr8-gnu-toolchain/bin/../lib/gcc/avr/5.4.0/avr5\libgcc.a(_exit.o)
 .data          0x00000000        0x0 c:/program files (x86)/atmel/studio/7.0/toolchain/avr8/avr8-gnu-toolchain/bin/../lib/gcc/avr/5.4.0/avr5\libgcc.a(_exit.o)
 .bss           0x00000000        0x0 c:/program files (x86)/atmel/studio/7.0/toolchain/avr8/avr8-gnu-toolchain/bin/../lib/gcc/avr/5.4.0/avr5\libgcc.a(_exit.o)
 .text.libgcc.mul
                0x00000000        0x0 c:/program files (x86)/atmel/studio/7.0/toolchain/avr8/avr8-gnu-toolchain/bin/../lib/gcc/avr/5.4.0/avr5\libgcc.a(_exit.o)
 .text.libgcc.div
                0x00000000        0x0 c:/program files (x86)/atmel/studio/7.0/toolchain/avr8/avr8-gnu-toolchain/bin/../lib/gcc/avr/5.4.0/avr5\libgcc.a(_exit.o)
 .text.libgcc   0x00000000        0x0 c:/program files (x86)/atmel/studio/7.0/toolchain/avr8/avr8-gnu-toolchain/bin/../lib/gcc/avr/5.4.0/avr5\libgcc.a(_exit.o)
 .text.libgcc.prologue
                0x00000000        0x0 c:/program files (x86)/atmel/studio/7.0/toolchain/avr8/avr8-gnu-toolchain/bin/../lib/gcc/avr/5.4.0/avr5\libgcc.a(_exit.o)
 .text.libgcc.builtins
                0x00000000        0x0 c:/program files (x86)/atmel/studio/7.0/toolchain/avr8/avr8-gnu-toolchain/bin/../lib/gcc/avr/5.4.0/avr5\libgcc.a(_exit.o)
 .text.libgcc.fmul
                0x00000000        0x0 c:/program files (x86)/atmel/studio/7.0/toolchain/avr8/avr8-gnu-toolchain/bin/../lib/gcc/avr/5.4.0/avr5\libgcc.a(_exit.o)
 .text.libgcc.fixed
                0x00000000        0x0 c:/program files (x86)/atmel/studio/7.0/toolchain/avr8/avr8-gnu-toolchain/bin/../lib/gcc/avr/5.4.0/avr5\libgcc.a(_exit.o)
 .text          0x00000000        0x0 c:/program files (x86)/atmel/studio/7.0/toolchain/avr8/avr8-gnu-toolchain/bin/../lib/gcc/avr/5.4.0/avr5\libgcc.a(_copy_data.o)
 .data          0x00000000        0x0 c:/program files (x86)/atmel/studio/7.0/toolchain/avr8/avr8-gnu-toolchain/bin/../lib/gcc/avr/5.4.0/avr5\libgcc.a(_copy_data.o)
 .bss           0x00000000        0x0 c:/program files (x86)/atmel/studio/7.0/toolchain/avr8/avr8-gnu-toolchain/bin/../lib/gcc/avr/5.4.0/avr5\libgcc.a(_copy_data.o)
 .text.libgcc.mul
                0x00000000        0x0 c:/program files (x86)/atmel/studio/7.0/toolchain/avr8/avr8-gnu-toolchain/bin/../lib/gcc/avr/5.4.0/avr5\libgcc.a(_copy_data.o)
 .text.libgcc.div
                0x00000000        0x0 c:/program files (x86)/atmel/studio/7.0/toolchain/avr8/avr8-gnu-toolchain/bin/../lib/gcc/avr/5.4.0/avr5\libgcc.a(_copy_data.o)
 .text.libgcc   0x00000000        0x0 c:/program files (x86)/atmel/studio/7.0/toolchain/avr8/avr8-gnu-toolchain/bin/../lib/gcc/avr/5.4.0/avr5\libgcc.a(_copy_data.o)
 .text.libgcc.prologue
                0x00000000        0x0 c:/program files (x86)/atmel/studio/7.0/toolchain/avr8/avr8-gnu-toolchain/bin/../lib/gcc/avr/5.4.0/avr5\libgcc.a(_copy_data.o)
 .text.libgcc.builtins
                0x00000000        0x0 c:/program files (x86)/atmel/studio/7.0/toolchain/avr8/avr8-gnu-toolchain/bin/../lib/gcc/avr/5.4.0/avr5\libgcc.a(_copy_data.o)
 .text.libgcc.fmul
                0x00000000        0x0 c:/program files (x86)/atmel/studio/7.0/toolchain/avr8/avr8-gnu-toolchain/bin/../lib/gcc/avr/5.4.0/avr5\libgcc.a(_copy_data.o)
 .text.libgcc.fixed
                0x00000000        0x0 c:/program files (x86)/atmel/studio/7.0/toolchain/avr8/avr8-gnu-toolchain/bin/../lib/gcc/avr/5.4.0/avr5\libgcc.a(_copy_data.o)
 .text          0x00000000        0x0 c:/program files (x86)/atmel/studio/7.0/toolchain/avr8/avr8-gnu-toolchain/bin/../lib/gcc/avr/5.4.0/avr5\libgcc.a(_clear_bss.o)
 .data          0x00000000        0x0 c:/program files (x86)/atmel/studio/7.0/toolchain/avr8/avr8-gnu-toolchain/bin/../lib/gcc/avr/5.4.0/avr5\libgcc.a(_clear_bss.o)
 .bss           0x00000000        0x0 c:/program files (x86)/atmel/studio/7.0/toolchain/avr8/avr8-gnu-toolchain/bin/../lib/gcc/avr/5.4.0/avr5\libgcc.a(_clear_bss.o)
 .text.libgcc.mul
                0x00000000        0x0 c:/program files (x86)/atmel/studio/7.0/toolchain/avr8/avr8-gnu-toolchain/bin/../lib/gcc/avr/5.4.0/avr5\libgcc.a(_clear_bss.o)
 .text.libgcc.div
                0x00000000        0x0 c:/program files (x86)/atmel/studio/7.0/toolchain/avr8/avr8-gnu-toolchain/bin/../lib/gcc/avr/5.4.0/avr5\libgcc.a(_clear_bss.o)
 .text.libgcc   0x00000000        0x0 c:/program files (x86)/atmel/studio/7.0/toolchain/avr8/avr8-gnu-toolchain/bin/../lib/gcc/avr/5.4.0/avr5\libgcc.a(_clear_bss.o)
 .text.libgcc.prologue
                0x00000000        0x0 c:/program files (x86)/atmel/studio/7.0/toolchain/avr8/avr8-gnu-toolchain/bin/../lib/gcc/avr/5.4.0/avr5\libgcc.a(_clear_bss.o)
 .text.libgcc.builtins
                0x00000000        0x0 c:/program files (x86)/atmel/studio/7.0/toolchain/avr8/avr8-gnu-toolchain/bin/../lib/gcc/avr/5.4.0/avr5\libgcc.a(_clear_bss.o)
 .text.libgcc.fmul
                0x00000000        0x0 c:/program files (x86)/atmel/studio/7.0/toolchain/avr8/avr8-gnu-toolchain/bin/../lib/gcc/avr/5.4.0/avr5\libgcc.a(_clear_bss.o)
 .text.libgcc.fixed
                0x00000000        0x0 c:/program files (x86)/atmel/studio/7.0/toolchain/avr8/avr8-gnu-toolchain/bin/../lib/gcc/avr/5.4.0/avr5\libgcc.a(_clear_bss.o)
 .text          0x00000000        0x0 c:/program files (x86)/atmel/studio/7.0/toolchain/avr8/avr8-gnu-toolchain/bin/../lib/gcc/avr/5.4.0/avr5\libgcc.a(_muluhisi3.o)
 .data          0x00000000        0x0 c:/program files (x86)/atmel/studio/7.0/toolchain/avr8/avr8-gnu-toolchain/bin/../lib/gcc/avr/5.4.0/avr5\libgcc.a(_muluhisi3.o)
 .bss           0x00000000        0x0 c:/program files (x86)/atmel/studio/7.0/toolchain/avr8/avr8-gnu-toolchain/bin/../lib/gcc/avr/5.4.0/avr5\libgcc.a(_muluhisi3.o)
 .text.libgcc.div
                0x00000000        0x0 c:/program files (x86)/atmel/studio/7.0/toolchain/avr8/avr8-gnu-toolchain/bin/../lib/gcc/avr/5.4.0/avr5\libgcc.a(_muluhisi3.o)
 .text.libgcc   0x00000000        0x0 c:/program files (x86)/atmel/studio/7.0/toolchain/avr8/avr8-gnu-toolchain/bin/../lib/gcc/avr/5.4.0/avr5\libgcc.a(_muluhisi3.o)
 .text.libgcc.prologue
                0x00000000        0x0 c:/program files (x86)/atmel/studio/7.0/toolchain/avr8/avr8-gnu-toolchain/bin/../lib/gcc/avr/5.4.0/avr5\libgcc.a(_muluhisi3.o)
 .text.libgcc.builtins
                0x00000000        0x0 c:/program files (x86)/atmel/studio/7.0/toolchain/avr8/avr8-gnu-toolchain/bin/../lib/gcc/avr/5.4.0/avr5\libgcc.a(_muluhisi3.o)
 .text.libgcc.fmul
                0x00000000        0x0 c:/program files (x86)/atmel/studio/7.0/toolchain/avr8/avr8-gnu-toolchain/bin/../lib/gcc/avr/5.4.0/avr5\libgcc.a(_muluhisi3.o)
 .text.libgcc.fixed
                0x00000000        0x0 c:/program files (x86)/atmel/studio/7.0/toolchain/avr8/avr8-gnu-toolchain/bin/../lib/gcc/avr/5.4.0/avr5\libgcc.a(_muluhisi3.o)
 .text          0x00000000        0x0 c:/program files (x86)/atmel/studio/7.0/toolchain/avr8/avr8-gnu-toolchain/bin/../lib/gcc/avr/5.4.0/avr5\libgcc.a(_umulhisi3.o)
 .data          0x00000000        0x0 c:/program files (x86)/atmel/studio/7.0/toolchain/avr8/avr8-gnu-toolchain/bin/../lib/gcc/avr/5.4.0/avr5\libgcc.a(_umulhisi3.o)
 .bss           0x00000000        0x0 c:/program files (x86)/atmel/studio/7.0/toolchain/avr8/avr8-gnu-toolchain/bin/../lib/gcc/avr/5.4.0/avr5\libgcc.a(_umulhisi3.o)
 .text.libgcc.div
                0x00000000        0x0 c:/program files (x86)/atmel/studio/7.0/toolchain/avr8/avr8-gnu-toolchain/bin/../lib/gcc/avr/5.4.0/avr5\libgcc.a(_umulhisi3.o)
 .text.libgcc   0x00000000        0x0 c:/program files (x86)/atmel/studio/7.0/toolchain/avr8/avr8-gnu-toolchain/bin/../lib/gcc/avr/5.4.0/avr5\libgcc.a(_umulhisi3.o)
 .text.libgcc.prologue
                0x00000000        0x0 c:/program files (x86)/atmel/studio/7.0/toolchain/avr8/avr8-gnu-toolchain/bin/../lib/gcc/avr/5.4.0/avr5\libgcc.a(_umulhisi3.o)
 .text.libgcc.builtins
                0x00000000        0x0 c:/program files (x86)/atmel/studio/7.0/toolchain/avr8/avr8-gnu-toolchain/bin/../lib/gcc/avr/5.4.0/avr5\libgcc.a(_umulhisi3.o)
 .text.libgcc.fmul
                0x00000000        0x0 c:/program files (x86)/atmel/studio/7.0/toolchain/avr8/avr8-gnu-toolchain/bin/../lib/gcc/avr/5.4.0/avr5\libgcc.a(_umulhisi3.o)
 .text.libgcc.fixed
                0x00000000        0x0 c:/program files (x86)/atmel/studio/7.0/toolchain/avr8/avr8-gnu-toolchain/bin/../lib/gcc/avr/5.4.0/avr5\libgcc.a(_umulhisi3.o)

Memory Configuration

Name             Origin             Length             Attributes
text             0x00000000         0x00008000         xr
data             0x00800060         0x00000800         rw !x
eeprom           0x00810000         0x00000400         rw !x
fuse             0x00820000         0x00000002         rw !x
lock             0x00830000         0x00000400         rw !x
signature        0x00840000         0x00000400         rw !x
user_signatures  0x00850000         0x00000400         rw !x
*default*        0x00000000         0xffffffff

Linker script and memory map

LOAD C:/Program Files (x86)/Atmel/Studio/7.0/Packs/atmel/ATmega_DFP/1.6.364/gcc/dev/atmega32/avr5/crtatmega32.o
LOAD main.o
LOAD STACK/BSP/HAL/BUTTON/button.o
LOAD STACK/BSP/HAL/BUZZER/buzzer.o
LOAD STACK/BSP/HAL/DC_MOTOR/dc_motor.o
LOAD STACK/BSP/HAL/EEPROM/eeprom.o
LOAD STACK/BSP/HAL/KEYPAD/keypad.o
LOAD STACK/BSP/HAL/LCD/lcd.o
LOAD STACK/BSP/HAL/LED/led.o
LOAD STACK/BSP/HAL/SERVO_MOTOR/servo_motor.o
LOAD STACK/BSP/MCAL/e_interrupt/e_interrupt.o
LOAD STACK/BSP/MCAL/GPIO/gpio.o
LOAD STACK/BSP/MCAL/I2C/i2c.o
LOAD STACK/BSP/MCAL/PORT/port.o
LOAD STACK/BSP/MCAL/PWM/pwm.o
LOAD STACK/BSP/MCAL/TIMER/timer.o
LOAD STACK/BSP/MCAL/TIMER/timer_callbacks.o
LOAD STACK/BSP/MCAL/UART/uart.o
LOAD STACK/Managers/MessagingUnit/MessagingUnit.o
LOAD STACK/Services/Logger/logger.o
LOAD STACK/Utility/delay/delay.o
LOAD STACK/Utility/std_library/std_library.o
START GROUP
LOAD c:/program files (x86)/atmel/studio/7.0/toolchain/avr8/avr8-gnu-toolchain/bin/../lib/gcc/avr/5.4.0/../../../../avr/lib/avr5\libm.a
END GROUP
START GROUP
LOAD c:/program files (x86)/atmel/studio/7.0/toolchain/avr8/avr8-gnu-toolchain/bin/../lib/gcc/avr/5.4.0/avr5\libgcc.a
LOAD c:/program files (x86)/atmel/studio/7.0/toolchain/avr8/avr8-gnu-toolchain/bin/../lib/gcc/avr/5.4.0/../../../../avr/lib/avr5\libm.a
LOAD c:/program files (x86)/atmel/studio/7.0/toolchain/avr8/avr8-gnu-toolchain/bin/../lib/gcc/avr/5.4.0/../../../../avr/lib/avr5\libc.a
LOAD C:/Program Files (x86)/Atmel/Studio/7.0/Packs/atmel/ATmega_DFP/1.6.364/gcc/dev/atmega32/avr5\libatmega32.a
END GROUP
                0x00000000                __TEXT_REGION_ORIGIN__ = DEFINED (__TEXT_REGION_ORIGIN__)?__TEXT_REGION_ORIGIN__:0x0
                [0x00800060]                __DATA_REGION_ORIGIN__ = DEFINED (__DATA_REGION_ORIGIN__)?__DATA_REGION_ORIGIN__:0x800060
                [0x00008000]                __TEXT_REGION_LENGTH__ = DEFINED (__TEXT_REGION_LENGTH__)?__TEXT_REGION_LENGTH__:0x20000
                [0x00000800]                __DATA_REGION_LENGTH__ = DEFINED (__DATA_REGION_LENGTH__)?__DATA_REGION_LENGTH__:0xffa0
                [0x00000400]                __EEPROM_REGION_LENGTH__ = DEFINED (__EEPROM_REGION_LENGTH__)?__EEPROM_REGION_LENGTH__:0x10000
                [0x00000002]                __FUSE_REGION_LENGTH__ = DEFINED (__FUSE_REGION_LENGTH__)?__FUSE_REGION_LENGTH__:0x400
                0x00000400                __LOCK_REGION_LENGTH__ = DEFINED (__LOCK_REGION_LENGTH__)?__LOCK_REGION_LENGTH__:0x400
                0x00000400                __SIGNATURE_REGION_LENGTH__ = DEFINED (__SIGNATURE_REGION_LENGTH__)?__SIGNATURE_REGION_LENGTH__:0x400
                0x00000400                __USER_SIGNATURE_REGION_LENGTH__ = DEFINED (__USER_SIGNATURE_REGION_LENGTH__)?__USER_SIGNATURE_REGION_LENGTH__:0x400

.hash
 *(.hash)

.dynsym
 *(.dynsym)

.dynstr
 *(.dynstr)

.gnu.version
 *(.gnu.version)

.gnu.version_d
 *(.gnu.version_d)

.gnu.version_r
 *(.gnu.version_r)

.rel.init
 *(.rel.init)

.rela.init
 *(.rela.init)

.rel.text
 *(.rel.text)
 *(.rel.text.*)
 *(.rel.gnu.linkonce.t*)

.rela.text
 *(.rela.text)
 *(.rela.text.*)
 *(.rela.gnu.linkonce.t*)

.rel.fini
 *(.rel.fini)

.rela.fini
 *(.rela.fini)

.rel.rodata
 *(.rel.rodata)
 *(.rel.rodata.*)
 *(.rel.gnu.linkonce.r*)

.rela.rodata
 *(.rela.rodata)
 *(.rela.rodata.*)
 *(.rela.gnu.linkonce.r*)

.rel.data
 *(.rel.data)
 *(.rel.data.*)
 *(.rel.gnu.linkonce.d*)

.rela.data
 *(.rela.data)
 *(.rela.data.*)
 *(.rela.gnu.linkonce.d*)

.rel.ctors
 *(.rel.ctors)

.rela.ctors
 *(.rela.ctors)

.rel.dtors
 *(.rel.dtors)

.rela.dtors
 *(.rela.dtors)

.rel.got
 *(.rel.got)

.rela.got
 *(.rela.got)

.rel.bss
 *(.rel.bss)

.rela.bss
 *(.rela.bss)

.rel.plt
 *(.rel.plt)

.rela.plt
 *(.rela.plt)

.text           0x00000000     0x1962
 *(.vectors)
 .vectors       0x00000000       0x54 C:/Program Files (x86)/Atmel/Studio/7.0/Packs/atmel/ATmega_DFP/1.6.364/gcc/dev/atmega32/avr5/crtatmega32.o
                0x00000000                __vector_default
                0x00000000                __vectors
 *(.vectors)
 *(.progmem.gcc*)
                0x00000054                . = ALIGN (0x2)
                0x00000054                __trampolines_start = .
 *(.trampolines)
 .trampolines   0x00000054        0x0 linker stubs
 *(.trampolines*)
                0x00000054                __trampolines_end = .
 *libprintf_flt.a:*(.progmem.data)
 *libc.a:*(.progmem.data)
 *(.progmem*)
                0x00000054                . = ALIGN (0x2)
 *(.jumptables)
 *(.jumptables*)
 *(.lowtext)
 *(.lowtext*)
                0x00000054                __ctors_start = .
 *(.ctors)
                0x00000054                __ctors_end = .
                0x00000054                __dtors_start = .
 *(.dtors)
                0x00000054                __dtors_end = .
 SORT(*)(.ctors)
 SORT(*)(.dtors)
 *(.init0)
 .init0         0x00000054        0x0 C:/Program Files (x86)/Atmel/Studio/7.0/Packs/atmel/ATmega_DFP/1.6.364/gcc/dev/atmega32/avr5/crtatmega32.o
                0x00000054                __init
 *(.init0)
 *(.init1)
 *(.init1)
 *(.init2)
 .init2         0x00000054        0xc C:/Program Files (x86)/Atmel/Studio/7.0/Packs/atmel/ATmega_DFP/1.6.364/gcc/dev/atmega32/avr5/crtatmega32.o
 *(.init2)
 *(.init3)
 *(.init3)
 *(.init4)
 .init4         0x00000060       0x16 c:/program files (x86)/atmel/studio/7.0/toolchain/avr8/avr8-gnu-toolchain/bin/../lib/gcc/avr/5.4.0/avr5\libgcc.a(_copy_data.o)
                0x00000060                __do_copy_data
 .init4         0x00000076       0x10 c:/program files (x86)/atmel/studio/7.0/toolchain/avr8/avr8-gnu-toolchain/bin/../lib/gcc/avr/5.4.0/avr5\libgcc.a(_clear_bss.o)
                0x00000076                __do_clear_bss
 *(.init4)
 *(.init5)
 *(.init5)
 *(.init6)
 *(.init6)
 *(.init7)
 *(.init7)
 *(.init8)
 *(.init8)
 *(.init9)
 .init9         0x00000086        0x8 C:/Program Files (x86)/Atmel/Studio/7.0/Packs/atmel/ATmega_DFP/1.6.364/gcc/dev/atmega32/avr5/crtatmega32.o
 *(.init9)
 *(.text)
 .text          0x0000008e        0x4 C:/Program Files (x86)/Atmel/Studio/7.0/Packs/atmel/ATmega_DFP/1.6.364/gcc/dev/atmega32/avr5/crtatmega32.o
                0x0000008e                __vector_1
                0x0000008e                __vector_12
                0x0000008e                __bad_interrupt
                0x0000008e                __vector_11
                0x0000008e                __vector_13
                0x0000008e                __vector_17
                0x0000008e                __vector_2
                0x0000008e                __vector_15
                0x0000008e                __vector_14
                0x0000008e                __vector_10
                0x0000008e                __vector_16
                0x0000008e                __vector_18
                0x0000008e                __vector_20
                0x00000092                . = ALIGN (0x2)
 *(.text.*)
 .text.timerInit
                0x00000092       0x2e main.o
 .text.buzzerInit
                0x000000c0       0x1c main.o
 .text.servoMotorInit
                0x000000dc       0x24 main.o
 .text.systemInit
                0x00000100       0x12 main.o
 .text.checkDefaultPassword
                0x00000112       0x3a main.o
 .text.validatePassword
                0x0000014c       0x8e main.o
 .text.startPasswordFlashing
                0x000001da       0x9e main.o
 .text.startAlarmSystem
                0x00000278       0x22 main.o
 .text.releaseSystem
                0x0000029a       0x1a main.o
 .text.motorOpen
                0x000002b4       0x22 main.o
 .text.closeMotor
                0x000002d6       0x1a main.o
 .text.main     0x000002f0       0x56 main.o
                0x000002f0                main
 .text.hal_buzzer_init
                0x00000346       0x20 STACK/BSP/HAL/BUZZER/buzzer.o
                0x00000346                hal_buzzer_init
 .text.hal_buzzer_set_state
                0x00000366       0x3e STACK/BSP/HAL/BUZZER/buzzer.o
                0x00000366                hal_buzzer_set_state
 .text.hal_eeprom_init
                0x000003a4       0x26 STACK/BSP/HAL/EEPROM/eeprom.o
                0x000003a4                hal_eeprom_init
 .text.hal_eeprom_writeByte
                0x000003ca       0xc0 STACK/BSP/HAL/EEPROM/eeprom.o
                0x000003ca                hal_eeprom_writeByte
 .text.hal_eeprom_readByte
                0x0000048a      0x112 STACK/BSP/HAL/EEPROM/eeprom.o
                0x0000048a                hal_eeprom_readByte
 .text.map      0x0000059c       0x72 STACK/BSP/HAL/SERVO_MOTOR/servo_motor.o
 .text.hal_servo_motor_init
                0x0000060e       0xaa STACK/BSP/HAL/SERVO_MOTOR/servo_motor.o
                0x0000060e                hal_servo_motor_init
 .text.hal_servo_motor_set_degree
                0x000006b8      0x100 STACK/BSP/HAL/SERVO_MOTOR/servo_motor.o
                0x000006b8                hal_servo_motor_set_degree
 .text.mcal_gpio_pin_init
                0x000007b8       0x8a STACK/BSP/MCAL/GPIO/gpio.o
                0x000007b8                mcal_gpio_pin_init
 .text.mcal_gpio_pin_write
                0x00000842       0x62 STACK/BSP/MCAL/GPIO/gpio.o
                0x00000842                mcal_gpio_pin_write
 .text.mcal_TWI_init
                0x000008a4       0x2c STACK/BSP/MCAL/I2C/i2c.o
                0x000008a4                mcal_TWI_init
 .text.mcal_TWI_start
                0x000008d0       0x1c STACK/BSP/MCAL/I2C/i2c.o
                0x000008d0                mcal_TWI_start
 .text.mcal_TWI_stop
                0x000008ec       0x16 STACK/BSP/MCAL/I2C/i2c.o
                0x000008ec                mcal_TWI_stop
 .text.mcal_TWI_write
                0x00000902       0x18 STACK/BSP/MCAL/I2C/i2c.o
                0x00000902                mcal_TWI_write
 .text.mcal_TWI_readWithNACK
                0x0000091a       0x1c STACK/BSP/MCAL/I2C/i2c.o
                0x0000091a                mcal_TWI_readWithNACK
 .text.mcal_TWI_getStatus
                0x00000936        0xc STACK/BSP/MCAL/I2C/i2c.o
                0x00000936                mcal_TWI_getStatus
 .text.mcal_pwm_initialization
                0x00000942       0xf6 STACK/BSP/MCAL/PWM/pwm.o
                0x00000942                mcal_pwm_initialization
 .text.getPreScaler
                0x00000a38       0x54 STACK/BSP/MCAL/TIMER/timer.o
 .text.mcal_timer_init
                0x00000a8c      0x24a STACK/BSP/MCAL/TIMER/timer.o
                0x00000a8c                mcal_timer_init
 .text.mcal_timer_start
                0x00000cd6       0xa0 STACK/BSP/MCAL/TIMER/timer.o
                0x00000cd6                mcal_timer_start
 .text.mcal_timer_stop
                0x00000d76       0xa0 STACK/BSP/MCAL/TIMER/timer.o
                0x00000d76                mcal_timer_stop
 .text.timer_setCallBack
                0x00000e16        0xa STACK/BSP/MCAL/TIMER/timer_callbacks.o
                0x00000e16                timer_setCallBack
 .text.set_timer_overflow
                0x00000e20       0x12 STACK/BSP/MCAL/TIMER/timer_callbacks.o
                0x00000e20                set_timer_overflow
 .text.__vector_3
                0x00000e32       0x52 STACK/BSP/MCAL/TIMER/timer_callbacks.o
                0x00000e32                __vector_3
 .text.__vector_4
                0x00000e84       0x52 STACK/BSP/MCAL/TIMER/timer_callbacks.o
                0x00000e84                __vector_4
 .text.__vector_5
                0x00000ed6       0x52 STACK/BSP/MCAL/TIMER/timer_callbacks.o
                0x00000ed6                __vector_5
 .text.__vector_6
                0x00000f28       0x52 STACK/BSP/MCAL/TIMER/timer_callbacks.o
                0x00000f28                __vector_6
 .text.__vector_7
                0x00000f7a       0x52 STACK/BSP/MCAL/TIMER/timer_callbacks.o
                0x00000f7a                __vector_7
 .text.__vector_8
                0x00000fcc       0x52 STACK/BSP/MCAL/TIMER/timer_callbacks.o
                0x00000fcc                __vector_8
 .text.__vector_9
                0x0000101e       0xc0 STACK/BSP/MCAL/TIMER/timer_callbacks.o
                0x0000101e                __vector_9
 .text.__vector_19
                0x000010de       0x52 STACK/BSP/MCAL/TIMER/timer_callbacks.o
                0x000010de                __vector_19
 .text.mcal_UART_init
                0x00001130      0x1aa STACK/BSP/MCAL/UART/uart.o
                0x00001130                mcal_UART_init
 .text.mcal_UART_sendByte
                0x000012da        0xa STACK/BSP/MCAL/UART/uart.o
                0x000012da                mcal_UART_sendByte
 .text.mcal_UART_recieveByte
                0x000012e4        0xe STACK/BSP/MCAL/UART/uart.o
                0x000012e4                mcal_UART_recieveByte
 .text.mcal_UART_receiveString
                0x000012f2       0x46 STACK/BSP/MCAL/UART/uart.o
                0x000012f2                mcal_UART_receiveString
 .text.ms_manager_init
                0x00001338       0x58 STACK/Managers/MessagingUnit/MessagingUnit.o
                0x00001338                ms_manager_init
 .text.ms_manager_send_data
                0x00001390       0x28 STACK/Managers/MessagingUnit/MessagingUnit.o
                0x00001390                ms_manager_send_data
 .text.ms_manager_receive_data
                0x000013b8       0x28 STACK/Managers/MessagingUnit/MessagingUnit.o
                0x000013b8                ms_manager_receive_data
 .text.ms_manager_receive_string
                0x000013e0       0x28 STACK/Managers/MessagingUnit/MessagingUnit.o
                0x000013e0                ms_manager_receive_string
 .text.logger_write_debug
                0x00001408        0x2 STACK/Services/Logger/logger.o
                0x00001408                logger_write_debug
 .text.logger_write_error
                0x0000140a        0x2 STACK/Services/Logger/logger.o
                0x0000140a                logger_write_error
 .text.delay_loop
                0x0000140c        0x6 STACK/Utility/delay/delay.o
 .text.delay_ms
                0x00001412       0x9e STACK/Utility/delay/delay.o
                0x00001412                delay_ms
 .text.std_strcmp
                0x000014b0       0x22 STACK/Utility/std_library/std_library.o
                0x000014b0                std_strcmp
 .text.avr-libc.fplib
                0x000014d2        0xe c:/program files (x86)/atmel/studio/7.0/toolchain/avr8/avr8-gnu-toolchain/bin/../lib/gcc/avr/5.4.0/../../../../avr/lib/avr5\libm.a(addsf3.o)
                0x000014d2                __subsf3
                0x000014d4                __addsf3
 .text.avr-libc.fplib
                0x000014e0       0xcc c:/program files (x86)/atmel/studio/7.0/toolchain/avr8/avr8-gnu-toolchain/bin/../lib/gcc/avr/5.4.0/../../../../avr/lib/avr5\libm.a(addsf3x.o)
                0x00001502                __addsf3x
 .text.avr-libc.fplib
                0x000015ac        0xa c:/program files (x86)/atmel/studio/7.0/toolchain/avr8/avr8-gnu-toolchain/bin/../lib/gcc/avr/5.4.0/../../../../avr/lib/avr5\libm.a(cmpsf2.o)
                0x000015ac                __nesf2
                0x000015ac                __eqsf2
                0x000015ac                __cmpsf2
                0x000015ac                __ltsf2
                0x000015ac                __lesf2
 .text.avr-libc.fplib
                0x000015b6        0x8 c:/program files (x86)/atmel/studio/7.0/toolchain/avr8/avr8-gnu-toolchain/bin/../lib/gcc/avr/5.4.0/../../../../avr/lib/avr5\libm.a(divsf3.o)
                0x000015b6                __divsf3
 .text.avr-libc.fplib
                0x000015be       0xdc c:/program files (x86)/atmel/studio/7.0/toolchain/avr8/avr8-gnu-toolchain/bin/../lib/gcc/avr/5.4.0/../../../../avr/lib/avr5\libm.a(divsf3x.o)
                0x000015de                __divsf3x
                0x000015e4                __divsf3_pse
 .text.avr-libc.fplib
                0x0000169a       0x5e c:/program files (x86)/atmel/studio/7.0/toolchain/avr8/avr8-gnu-toolchain/bin/../lib/gcc/avr/5.4.0/../../../../avr/lib/avr5\libm.a(fixunssfsi.o)
                0x0000169a                __fixunssfsi
 .text.avr-libc.fplib
                0x000016f8       0x48 c:/program files (x86)/atmel/studio/7.0/toolchain/avr8/avr8-gnu-toolchain/bin/../lib/gcc/avr/5.4.0/../../../../avr/lib/avr5\libm.a(fp_cmp.o)
                0x000016f8                __fp_cmp
 .text.avr-libc.fplib
                0x00001740        0xc c:/program files (x86)/atmel/studio/7.0/toolchain/avr8/avr8-gnu-toolchain/bin/../lib/gcc/avr/5.4.0/../../../../avr/lib/avr5\libm.a(fp_inf.o)
                0x00001740                __fp_inf
 .text.avr-libc.fplib
                0x0000174c        0x6 c:/program files (x86)/atmel/studio/7.0/toolchain/avr8/avr8-gnu-toolchain/bin/../lib/gcc/avr/5.4.0/../../../../avr/lib/avr5\libm.a(fp_nan.o)
                0x0000174c                __fp_nan
 .text.avr-libc.fplib
                0x00001752        0xe c:/program files (x86)/atmel/studio/7.0/toolchain/avr8/avr8-gnu-toolchain/bin/../lib/gcc/avr/5.4.0/../../../../avr/lib/avr5\libm.a(fp_pscA.o)
                0x00001752                __fp_pscA
 .text.avr-libc.fplib
                0x00001760        0xe c:/program files (x86)/atmel/studio/7.0/toolchain/avr8/avr8-gnu-toolchain/bin/../lib/gcc/avr/5.4.0/../../../../avr/lib/avr5\libm.a(fp_pscB.o)
                0x00001760                __fp_pscB
 .text.avr-libc.fplib
                0x0000176e       0x22 c:/program files (x86)/atmel/studio/7.0/toolchain/avr8/avr8-gnu-toolchain/bin/../lib/gcc/avr/5.4.0/../../../../avr/lib/avr5\libm.a(fp_round.o)
                0x0000176e                __fp_round
 .text.avr-libc.fplib
                0x00001790       0x44 c:/program files (x86)/atmel/studio/7.0/toolchain/avr8/avr8-gnu-toolchain/bin/../lib/gcc/avr/5.4.0/../../../../avr/lib/avr5\libm.a(fp_split3.o)
                0x00001790                __fp_split3
                0x000017a0                __fp_splitA
 .text.avr-libc.fplib
                0x000017d4        0xe c:/program files (x86)/atmel/studio/7.0/toolchain/avr8/avr8-gnu-toolchain/bin/../lib/gcc/avr/5.4.0/../../../../avr/lib/avr5\libm.a(fp_zero.o)
                0x000017d4                __fp_zero
                0x000017d6                __fp_szero
 .text.avr-libc.fplib
                0x000017e2        0xa c:/program files (x86)/atmel/studio/7.0/toolchain/avr8/avr8-gnu-toolchain/bin/../lib/gcc/avr/5.4.0/../../../../avr/lib/avr5\libm.a(gesf2.o)
                0x000017e2                __gesf2
                0x000017e2                __gtsf2
 .text.avr-libc.fplib
                0x000017ec        0x8 c:/program files (x86)/atmel/studio/7.0/toolchain/avr8/avr8-gnu-toolchain/bin/../lib/gcc/avr/5.4.0/../../../../avr/lib/avr5\libm.a(mulsf3.o)
                0x000017ec                __mulsf3
 .text.avr-libc.fplib
                0x000017f4       0xd2 c:/program files (x86)/atmel/studio/7.0/toolchain/avr8/avr8-gnu-toolchain/bin/../lib/gcc/avr/5.4.0/../../../../avr/lib/avr5\libm.a(mulsf3x.o)
                0x00001812                __mulsf3x
                0x00001818                __mulsf3_pse
 .text.libgcc.mul
                0x000018c6       0x20 c:/program files (x86)/atmel/studio/7.0/toolchain/avr8/avr8-gnu-toolchain/bin/../lib/gcc/avr/5.4.0/avr5\libgcc.a(_mulsi3.o)
                0x000018c6                __mulsi3
 .text.libgcc.div
                0x000018e6       0x44 c:/program files (x86)/atmel/studio/7.0/toolchain/avr8/avr8-gnu-toolchain/bin/../lib/gcc/avr/5.4.0/avr5\libgcc.a(_udivmodsi4.o)
                0x000018e6                __udivmodsi4
 .text.libgcc.mul
                0x0000192a       0x16 c:/program files (x86)/atmel/studio/7.0/toolchain/avr8/avr8-gnu-toolchain/bin/../lib/gcc/avr/5.4.0/avr5\libgcc.a(_muluhisi3.o)
                0x0000192a                __muluhisi3
 .text.libgcc.mul
                0x00001940       0x1e c:/program files (x86)/atmel/studio/7.0/toolchain/avr8/avr8-gnu-toolchain/bin/../lib/gcc/avr/5.4.0/avr5\libgcc.a(_umulhisi3.o)
                0x00001940                __umulhisi3
                0x0000195e                . = ALIGN (0x2)
 *(.fini9)
 .fini9         0x0000195e        0x0 c:/program files (x86)/atmel/studio/7.0/toolchain/avr8/avr8-gnu-toolchain/bin/../lib/gcc/avr/5.4.0/avr5\libgcc.a(_exit.o)
                0x0000195e                _exit
                0x0000195e                exit
 *(.fini9)
 *(.fini8)
 *(.fini8)
 *(.fini7)
 *(.fini7)
 *(.fini6)
 *(.fini6)
 *(.fini5)
 *(.fini5)
 *(.fini4)
 *(.fini4)
 *(.fini3)
 *(.fini3)
 *(.fini2)
 *(.fini2)
 *(.fini1)
 *(.fini1)
 *(.fini0)
 .fini0         0x0000195e        0x4 c:/program files (x86)/atmel/studio/7.0/toolchain/avr8/avr8-gnu-toolchain/bin/../lib/gcc/avr/5.4.0/avr5\libgcc.a(_exit.o)
 *(.fini0)
                0x00001962                _etext = .

.data           0x00800060      0x126 load address 0x00001962
                0x00800060                PROVIDE (__data_start, .)
 *(.data)
 *(.data*)
 *(.gnu.linkonce.d*)
 *(.rodata)
 *(.rodata*)
 .rodata.str1.1
                0x00800060      0x126 STACK/Managers/MessagingUnit/MessagingUnit.o
 *(.gnu.linkonce.r*)
                0x00800186                . = ALIGN (0x2)
                0x00800186                _edata = .
                0x00800186                PROVIDE (__data_end, .)

.bss            0x00800186       0x1f
                0x00800186                PROVIDE (__bss_start, .)
 *(.bss)
 *(.bss*)
 .bss.timer_max_duty
                0x00800186        0x2 STACK/BSP/HAL/SERVO_MOTOR/servo_motor.o
 .bss.timer_min_duty
                0x00800188        0x2 STACK/BSP/HAL/SERVO_MOTOR/servo_motor.o
 .bss.interruptOverflow
                0x0080018a        0x4 STACK/BSP/MCAL/TIMER/timer_callbacks.o
                0x0080018a                interruptOverflow
 .bss.ticks     0x0080018e        0x4 STACK/BSP/MCAL/TIMER/timer_callbacks.o
                0x0080018e                ticks
 .bss.g_callBackPtr
                0x00800192        0x2 STACK/BSP/MCAL/TIMER/timer_callbacks.o
 *(COMMON)
 COMMON         0x00800194       0x11 main.o
                0x00800194                timer
                0x0080019f                state
                0x008001a0                buzzer
                0x008001a3                servo
                0x008001a5                PROVIDE (__bss_end, .)
                0x00001962                __data_load_start = LOADADDR (.data)
                0x00001a88                __data_load_end = (__data_load_start + SIZEOF (.data))

.noinit         0x008001a5        0x0
                [!provide]                PROVIDE (__noinit_start, .)
 *(.noinit*)
                [!provide]                PROVIDE (__noinit_end, .)
                0x008001a5                _end = .
                [!provide]                PROVIDE (__heap_start, .)

.eeprom         0x00810000        0x0
 *(.eeprom*)
                0x00810000                __eeprom_end = .

.fuse
 *(.fuse)
 *(.lfuse)
 *(.hfuse)
 *(.efuse)

.lock
 *(.lock*)

.signature
 *(.signature*)

.user_signatures
 *(.user_signatures*)

.stab
 *(.stab)

.stabstr
 *(.stabstr)

.stab.excl
 *(.stab.excl)

.stab.exclstr
 *(.stab.exclstr)

.stab.index
 *(.stab.index)

.stab.indexstr
 *(.stab.indexstr)

.comment        0x00000000       0x30
 *(.comment)
 .comment       0x00000000       0x30 main.o
                                 0x31 (size before relaxing)
 .comment       0x00000030       0x31 STACK/BSP/HAL/BUZZER/buzzer.o
 .comment       0x00000030       0x31 STACK/BSP/HAL/EEPROM/eeprom.o
 .comment       0x00000030       0x31 STACK/BSP/HAL/SERVO_MOTOR/servo_motor.o
 .comment       0x00000030       0x31 STACK/BSP/MCAL/GPIO/gpio.o
 .comment       0x00000030       0x31 STACK/BSP/MCAL/I2C/i2c.o
 .comment       0x00000030       0x31 STACK/BSP/MCAL/PWM/pwm.o
 .comment       0x00000030       0x31 STACK/BSP/MCAL/TIMER/timer.o
 .comment       0x00000030       0x31 STACK/BSP/MCAL/TIMER/timer_callbacks.o
 .comment       0x00000030       0x31 STACK/BSP/MCAL/UART/uart.o
 .comment       0x00000030       0x31 STACK/Managers/MessagingUnit/MessagingUnit.o
 .comment       0x00000030       0x31 STACK/Services/Logger/logger.o
 .comment       0x00000030       0x31 STACK/Utility/delay/delay.o
 .comment       0x00000030       0x31 STACK/Utility/std_library/std_library.o

.note.gnu.avr.deviceinfo
                0x00000000       0x3c
 .note.gnu.avr.deviceinfo
                0x00000000       0x3c C:/Program Files (x86)/Atmel/Studio/7.0/Packs/atmel/ATmega_DFP/1.6.364/gcc/dev/atmega32/avr5/crtatmega32.o

.note.gnu.build-id
 *(.note.gnu.build-id)

.debug
 *(.debug)

.line
 *(.line)

.debug_srcinfo
 *(.debug_srcinfo)

.debug_sfnames
 *(.debug_sfnames)

.debug_aranges  0x00000000      0x388
 *(.debug_aranges)
 .debug_aranges
                0x00000000       0x78 main.o
 .debug_aranges
                0x00000078       0x38 STACK/BSP/HAL/BUZZER/buzzer.o
 .debug_aranges
                0x000000b0       0x30 STACK/BSP/HAL/EEPROM/eeprom.o
 .debug_aranges
                0x000000e0       0x30 STACK/BSP/HAL/SERVO_MOTOR/servo_motor.o
 .debug_aranges
                0x00000110       0x38 STACK/BSP/MCAL/GPIO/gpio.o
 .debug_aranges
                0x00000148       0x50 STACK/BSP/MCAL/I2C/i2c.o
 .debug_aranges
                0x00000198       0x28 STACK/BSP/MCAL/PWM/pwm.o
 .debug_aranges
                0x000001c0       0x38 STACK/BSP/MCAL/TIMER/timer.o
 .debug_aranges
                0x000001f8       0x68 STACK/BSP/MCAL/TIMER/timer_callbacks.o
 .debug_aranges
                0x00000260       0x40 STACK/BSP/MCAL/UART/uart.o
 .debug_aranges
                0x000002a0       0x40 STACK/Managers/MessagingUnit/MessagingUnit.o
 .debug_aranges
                0x000002e0       0x38 STACK/Services/Logger/logger.o
 .debug_aranges
                0x00000318       0x28 STACK/Utility/delay/delay.o
 .debug_aranges
                0x00000340       0x48 STACK/Utility/std_library/std_library.o

.debug_pubnames
 *(.debug_pubnames)

.debug_info     0x00000000     0x32f8
 *(.debug_info .gnu.linkonce.wi.*)
 .debug_info    0x00000000      0x4e6 C:/Program Files (x86)/Atmel/Studio/7.0/Packs/atmel/ATmega_DFP/1.6.364/gcc/dev/atmega32/avr5/crtatmega32.o
 .debug_info    0x000004e6      0xa1d main.o
 .debug_info    0x00000f03      0x2f8 STACK/BSP/HAL/BUZZER/buzzer.o
 .debug_info    0x000011fb      0x40d STACK/BSP/HAL/EEPROM/eeprom.o
 .debug_info    0x00001608      0x350 STACK/BSP/HAL/SERVO_MOTOR/servo_motor.o
 .debug_info    0x00001958      0x23c STACK/BSP/MCAL/GPIO/gpio.o
 .debug_info    0x00001b94      0x26b STACK/BSP/MCAL/I2C/i2c.o
 .debug_info    0x00001dff      0x1bd STACK/BSP/MCAL/PWM/pwm.o
 .debug_info    0x00001fbc      0x2ff STACK/BSP/MCAL/TIMER/timer.o
 .debug_info    0x000022bb      0x1dd STACK/BSP/MCAL/TIMER/timer_callbacks.o
 .debug_info    0x00002498      0x34b STACK/BSP/MCAL/UART/uart.o
 .debug_info    0x000027e3      0x579 STACK/Managers/MessagingUnit/MessagingUnit.o
 .debug_info    0x00002d5c      0x1a1 STACK/Services/Logger/logger.o
 .debug_info    0x00002efd      0x10e STACK/Utility/delay/delay.o
 .debug_info    0x0000300b      0x2ed STACK/Utility/std_library/std_library.o

.debug_abbrev   0x00000000     0x1341
 *(.debug_abbrev)
 .debug_abbrev  0x00000000      0x4a3 C:/Program Files (x86)/Atmel/Studio/7.0/Packs/atmel/ATmega_DFP/1.6.364/gcc/dev/atmega32/avr5/crtatmega32.o
 .debug_abbrev  0x000004a3      0x1c1 main.o
 .debug_abbrev  0x00000664      0x122 STACK/BSP/HAL/BUZZER/buzzer.o
 .debug_abbrev  0x00000786      0x104 STACK/BSP/HAL/EEPROM/eeprom.o
 .debug_abbrev  0x0000088a      0x13e STACK/BSP/HAL/SERVO_MOTOR/servo_motor.o
 .debug_abbrev  0x000009c8       0xb8 STACK/BSP/MCAL/GPIO/gpio.o
 .debug_abbrev  0x00000a80       0xdd STACK/BSP/MCAL/I2C/i2c.o
 .debug_abbrev  0x00000b5d       0xbf STACK/BSP/MCAL/PWM/pwm.o
 .debug_abbrev  0x00000c1c      0x15a STACK/BSP/MCAL/TIMER/timer.o
 .debug_abbrev  0x00000d76       0xca STACK/BSP/MCAL/TIMER/timer_callbacks.o
 .debug_abbrev  0x00000e40      0x145 STACK/BSP/MCAL/UART/uart.o
 .debug_abbrev  0x00000f85      0x123 STACK/Managers/MessagingUnit/MessagingUnit.o
 .debug_abbrev  0x000010a8       0x98 STACK/Services/Logger/logger.o
 .debug_abbrev  0x00001140       0xa2 STACK/Utility/delay/delay.o
 .debug_abbrev  0x000011e2      0x15f STACK/Utility/std_library/std_library.o

.debug_line     0x00000000     0x20e5
 *(.debug_line .debug_line.* .debug_line_end)
 .debug_line    0x00000000      0x116 C:/Program Files (x86)/Atmel/Studio/7.0/Packs/atmel/ATmega_DFP/1.6.364/gcc/dev/atmega32/avr5/crtatmega32.o
 .debug_line    0x00000116      0x53a main.o
 .debug_line    0x00000650      0x1b5 STACK/BSP/HAL/BUZZER/buzzer.o
 .debug_line    0x00000805      0x283 STACK/BSP/HAL/EEPROM/eeprom.o
 .debug_line    0x00000a88      0x1f5 STACK/BSP/HAL/SERVO_MOTOR/servo_motor.o
 .debug_line    0x00000c7d      0x253 STACK/BSP/MCAL/GPIO/gpio.o
 .debug_line    0x00000ed0      0x1f5 STACK/BSP/MCAL/I2C/i2c.o
 .debug_line    0x000010c5      0x1ff STACK/BSP/MCAL/PWM/pwm.o
 .debug_line    0x000012c4      0x3ef STACK/BSP/MCAL/TIMER/timer.o
 .debug_line    0x000016b3      0x1ae STACK/BSP/MCAL/TIMER/timer_callbacks.o
 .debug_line    0x00001861      0x299 STACK/BSP/MCAL/UART/uart.o
 .debug_line    0x00001afa      0x228 STACK/Managers/MessagingUnit/MessagingUnit.o
 .debug_line    0x00001d22       0xd6 STACK/Services/Logger/logger.o
 .debug_line    0x00001df8       0xf4 STACK/Utility/delay/delay.o
 .debug_line    0x00001eec      0x1f9 STACK/Utility/std_library/std_library.o

.debug_frame    0x00000000      0xa2c
 *(.debug_frame)
 .debug_frame   0x00000000      0x110 main.o
 .debug_frame   0x00000110       0x78 STACK/BSP/HAL/BUZZER/buzzer.o
 .debug_frame   0x00000188       0xa4 STACK/BSP/HAL/EEPROM/eeprom.o
 .debug_frame   0x0000022c       0xf4 STACK/BSP/HAL/SERVO_MOTOR/servo_motor.o
 .debug_frame   0x00000320       0x54 STACK/BSP/MCAL/GPIO/gpio.o
 .debug_frame   0x00000374       0x84 STACK/BSP/MCAL/I2C/i2c.o
 .debug_frame   0x000003f8       0x34 STACK/BSP/MCAL/PWM/pwm.o
 .debug_frame   0x0000042c       0x8c STACK/BSP/MCAL/TIMER/timer.o
 .debug_frame   0x000004b8      0x2fc STACK/BSP/MCAL/TIMER/timer_callbacks.o
 .debug_frame   0x000007b4       0xac STACK/BSP/MCAL/UART/uart.o
 .debug_frame   0x00000860       0x74 STACK/Managers/MessagingUnit/MessagingUnit.o
 .debug_frame   0x000008d4       0x54 STACK/Services/Logger/logger.o
 .debug_frame   0x00000928       0x68 STACK/Utility/delay/delay.o
 .debug_frame   0x00000990       0x9c STACK/Utility/std_library/std_library.o

.debug_str      0x00000000     0x133a
 *(.debug_str)
 .debug_str     0x00000000      0x196 C:/Program Files (x86)/Atmel/Studio/7.0/Packs/atmel/ATmega_DFP/1.6.364/gcc/dev/atmega32/avr5/crtatmega32.o
 .debug_str     0x00000196      0x6d1 main.o
                                0x71a (size before relaxing)
 .debug_str     0x00000867      0x1c6 STACK/BSP/HAL/BUZZER/buzzer.o
                                0x3cc (size before relaxing)
 .debug_str     0x00000a2d      0x14d STACK/BSP/HAL/EEPROM/eeprom.o
                                0x2e1 (size before relaxing)
 .debug_str     0x00000b7a      0x129 STACK/BSP/HAL/SERVO_MOTOR/servo_motor.o
                                0x42d (size before relaxing)
 .debug_str     0x00000ca3       0x3f STACK/BSP/MCAL/GPIO/gpio.o
                                0x2ba (size before relaxing)
 .debug_str     0x00000ce2       0x50 STACK/BSP/MCAL/I2C/i2c.o
                                0x290 (size before relaxing)
 .debug_str     0x00000d32       0x87 STACK/BSP/MCAL/PWM/pwm.o
                                0x2cd (size before relaxing)
 .debug_str     0x00000db9       0x97 STACK/BSP/MCAL/TIMER/timer.o
                                0x3a3 (size before relaxing)
 .debug_str     0x00000e50       0xbc STACK/BSP/MCAL/TIMER/timer_callbacks.o
                                0x260 (size before relaxing)
 .debug_str     0x00000f0c      0x219 STACK/BSP/MCAL/UART/uart.o
                                0x38c (size before relaxing)
 .debug_str     0x00001125       0x80 STACK/Managers/MessagingUnit/MessagingUnit.o
                                0x449 (size before relaxing)
 .debug_str     0x000011a5       0xa9 STACK/Services/Logger/logger.o
                                0x240 (size before relaxing)
 .debug_str     0x0000124e       0x58 STACK/Utility/delay/delay.o
                                0x1c4 (size before relaxing)
 .debug_str     0x000012a6       0x94 STACK/Utility/std_library/std_library.o
                                0x20b (size before relaxing)

.debug_loc      0x00000000     0x247e
 *(.debug_loc)
 .debug_loc     0x00000000      0x170 main.o
 .debug_loc     0x00000170      0x31c STACK/BSP/HAL/BUZZER/buzzer.o
 .debug_loc     0x0000048c      0x278 STACK/BSP/HAL/EEPROM/eeprom.o
 .debug_loc     0x00000704      0x407 STACK/BSP/HAL/SERVO_MOTOR/servo_motor.o
 .debug_loc     0x00000b0b      0x225 STACK/BSP/MCAL/GPIO/gpio.o
 .debug_loc     0x00000d30       0xec STACK/BSP/MCAL/I2C/i2c.o
 .debug_loc     0x00000e1c       0xc4 STACK/BSP/MCAL/PWM/pwm.o
 .debug_loc     0x00000ee0      0x505 STACK/BSP/MCAL/TIMER/timer.o
 .debug_loc     0x000013e5      0x672 STACK/BSP/MCAL/TIMER/timer_callbacks.o
 .debug_loc     0x00001a57      0x2bd STACK/BSP/MCAL/UART/uart.o
 .debug_loc     0x00001d14      0x1ee STACK/Managers/MessagingUnit/MessagingUnit.o
 .debug_loc     0x00001f02      0x139 STACK/Utility/delay/delay.o
 .debug_loc     0x0000203b      0x443 STACK/Utility/std_library/std_library.o

.debug_macinfo
 *(.debug_macinfo)

.debug_weaknames
 *(.debug_weaknames)

.debug_funcnames
 *(.debug_funcnames)

.debug_typenames
 *(.debug_typenames)

.debug_varnames
 *(.debug_varnames)

.debug_pubtypes
 *(.debug_pubtypes)

.debug_ranges   0x00000000      0x2a8
 *(.debug_ranges)
 .debug_ranges  0x00000000       0x68 main.o
 .debug_ranges  0x00000068       0x28 STACK/BSP/HAL/BUZZER/buzzer.o
 .debug_ranges  0x00000090       0x20 STACK/BSP/HAL/EEPROM/eeprom.o
 .debug_ranges  0x000000b0       0x20 STACK/BSP/HAL/SERVO_MOTOR/servo_motor.o
 .debug_ranges  0x000000d0       0x28 STACK/BSP/MCAL/GPIO/gpio.o
 .debug_ranges  0x000000f8       0x40 STACK/BSP/MCAL/I2C/i2c.o
 .debug_ranges  0x00000138       0x18 STACK/BSP/MCAL/PWM/pwm.o
 .debug_ranges  0x00000150       0x28 STACK/BSP/MCAL/TIMER/timer.o
 .debug_ranges  0x00000178       0x58 STACK/BSP/MCAL/TIMER/timer_callbacks.o
 .debug_ranges  0x000001d0       0x30 STACK/BSP/MCAL/UART/uart.o
 .debug_ranges  0x00000200       0x30 STACK/Managers/MessagingUnit/MessagingUnit.o
 .debug_ranges  0x00000230       0x28 STACK/Services/Logger/logger.o
 .debug_ranges  0x00000258       0x18 STACK/Utility/delay/delay.o
 .debug_ranges  0x00000270       0x38 STACK/Utility/std_library/std_library.o

.debug_macro
 *(.debug_macro)
OUTPUT(Door Locker - CONTROL_ECU.elf elf32-avr)
LOAD linker stubs
