22:11:57 **** Incremental Build of configuration Debug for project AVR_BSP ****
make all 
Building file: ../main.c
Invoking: AVR Compiler
avr-gcc -Wall -g2 -gstabs -O0 -fpack-struct -fshort-enums -ffunction-sections -fdata-sections -std=gnu99 -funsigned-char -funsigned-bitfields -mmcu=atmega16 -DF_CPU=1000000UL -MMD -MP -MF"main.d" -MT"main.o" -c -o "main.o" "../main.c"
Finished building: ../main.c
 
Building target: AVR_BSP.elf
Invoking: AVR C Linker
avr-gcc -Wl,-Map,AVR_BSP.map -mmcu=atmega16 -o "AVR_BSP.elf"  ./main.o   
Finished building target: AVR_BSP.elf
 
Invoking: AVR Create Extended Listing
avr-objdump -h -S AVR_BSP.elf  >"AVR_BSP.lss"
Finished building: AVR_BSP.lss
 
Invoking: Print Size
avr-size --format=berkeley -t AVR_BSP.elf
   text	   data	    bss	    dec	    hex	filename
    130	      0	      0	    130	     82	AVR_BSP.elf
    130	      0	      0	    130	     82	(TOTALS)
Finished building: sizedummy
 

22:12:00 Build Finished. 0 errors, 0 warnings. (took 3s.153ms)

