22:08:22 **** Build of configuration Debug for project AVR_BSP ****
make all 
Cannot run program "make": Launching failed

Error: Program "make" not found in PATH
PATH=[C:\Program Files\bin;C:\Program Files\utils\bin;C:/Program Files/eclipse/plugins/org.eclipse.justj.openjdk.hotspot.jre.full.win32.x86_64_15.0.1.v20201027-0507/jre/bin/server;C:/Program Files/eclipse/plugins/org.eclipse.justj.openjdk.hotspot.jre.full.win32.x86_64_15.0.1.v20201027-0507/jre/bin;C:/Program Files/eclipse//plugins/org.eclipse.justj.openjdk.hotspot.jre.full.win32.x86_64_15.0.1.v20201027-0507/jre/bin/server;C:/Program Files/eclipse//plugins/org.eclipse.justj.openjdk.hotspot.jre.full.win32.x86_64_15.0.1.v20201027-0507/jre/bin;C:\windows\system32;C:\windows;C:\windows\System32\Wbem;C:\windows\System32\WindowsPowerShell\v1.0\;C:\windows\System32\OpenSSH\;C:\Program Files (x86)\NVIDIA Corporation\PhysX\Common;C:\Program Files\NVIDIA Corporation\NVIDIA NvDLISR;C:\Program Files\Git\cmd;C:\Program Files\nodejs\;C:\Users\Omnia\AppData\Local\Microsoft\WindowsApps;D:\Programs;C:\Users\Omnia\AppData\Roaming\npm;C:\Users\Omnia\AppData\Local\Programs\Microsoft VS Code\bin;C:\Program Files\eclipse;;C:\Program Files\eclipse]
22:11:57 **** Incremental Build of configuration Debug for project AVR_BSP ****
make all 
Building file: ../main.c
Invoking: AVR Compiler
avr-gcc -Wall -g2 -gstabs -O0 -fpack-struct -fshort-enums -ffunction-sections -fdata-sections -std=gnu99 -funsigned-char -funsigned-bitfields -mmcu=atmega16 -DF_CPU=1000000UL -MMD -MP -MF"main.d" -MT"main.o" -c -o "main.o" "../main.c"
Finished building: ../main.c
 
Building target: AVR_BSP.elf
Invoking: AVR C Linker
avr-gcc -Wl,-Map,AVR_BSP.map -mmcu=atmega16 -o "AVR_BSP.elf"  ./main.o   
Finished building target: AVR_BSP.elf
 
Invoking: AVR Create Extended Listing
avr-objdump -h -S AVR_BSP.elf  >"AVR_BSP.lss"
Finished building: AVR_BSP.lss
 
Invoking: Print Size
avr-size --format=berkeley -t AVR_BSP.elf
   text	   data	    bss	    dec	    hex	filename
    130	      0	      0	    130	     82	AVR_BSP.elf
    130	      0	      0	    130	     82	(TOTALS)
Finished building: sizedummy
 
