Archive member included because of file (symbol)

c:/program files/winavr-20100110/bin/../lib/gcc/avr/4.3.3/avr5\libgcc.a(_exit.o)
                              c:/program files/winavr-20100110/bin/../lib/gcc/avr/4.3.3/../../../../avr/lib/avr5/crtm16.o (exit)
c:/program files/winavr-20100110/bin/../lib/gcc/avr/4.3.3/avr5\libgcc.a(_clear_bss.o)
                              ./2_sourceCode/programs/gpio/gpio_program.o (__do_clear_bss)

Allocating common symbols
Common symbol       size              file

red_led             0x3               ./2_sourceCode/programs/gpio/gpio_program.o
button_1            0x3               ./2_sourceCode/programs/gpio/gpio_program.o
blue_led            0x3               ./2_sourceCode/programs/eInterrupts/e_interrupts_program.o
green_led           0x3               ./2_sourceCode/programs/eInterrupts/e_interrupts_program.o

Memory Configuration

Name             Origin             Length             Attributes
text             0x00000000         0x00020000         xr
data             0x00800060         0x0000ffa0         rw !x
eeprom           0x00810000         0x00010000         rw !x
fuse             0x00820000         0x00000400         rw !x
lock             0x00830000         0x00000400         rw !x
signature        0x00840000         0x00000400         rw !x
*default*        0x00000000         0xffffffff

Linker script and memory map

LOAD c:/program files/winavr-20100110/bin/../lib/gcc/avr/4.3.3/../../../../avr/lib/avr5/crtm16.o
LOAD ./2_sourceCode/programs/port/port_program.o
LOAD ./2_sourceCode/programs/gpio/gpio_program.o
LOAD ./2_sourceCode/programs/eInterrupts/e_interrupts_program.o
LOAD ./2_sourceCode/MCAL/port/port.o
LOAD ./2_sourceCode/MCAL/e_interrupt/e_interrupt.o
LOAD ./2_sourceCode/MCAL/GPIO/gpio.o
LOAD ./2_sourceCode/HAL/LED/led.o
LOAD ./2_sourceCode/HAL/BUTTON/button.o
LOAD ./2_sourceCode/main.o
LOAD c:/program files/winavr-20100110/bin/../lib/gcc/avr/4.3.3/avr5\libgcc.a
LOAD c:/program files/winavr-20100110/bin/../lib/gcc/avr/4.3.3/../../../../avr/lib/avr5\libc.a
LOAD c:/program files/winavr-20100110/bin/../lib/gcc/avr/4.3.3/avr5\libgcc.a

.hash
 *(.hash)

.dynsym
 *(.dynsym)

.dynstr
 *(.dynstr)

.gnu.version
 *(.gnu.version)

.gnu.version_d
 *(.gnu.version_d)

.gnu.version_r
 *(.gnu.version_r)

.rel.init
 *(.rel.init)

.rela.init
 *(.rela.init)

.rel.text
 *(.rel.text)
 *(.rel.text.*)
 *(.rel.gnu.linkonce.t*)

.rela.text
 *(.rela.text)
 *(.rela.text.*)
 *(.rela.gnu.linkonce.t*)

.rel.fini
 *(.rel.fini)

.rela.fini
 *(.rela.fini)

.rel.rodata
 *(.rel.rodata)
 *(.rel.rodata.*)
 *(.rel.gnu.linkonce.r*)

.rela.rodata
 *(.rela.rodata)
 *(.rela.rodata.*)
 *(.rela.gnu.linkonce.r*)

.rel.data
 *(.rel.data)
 *(.rel.data.*)
 *(.rel.gnu.linkonce.d*)

.rela.data
 *(.rela.data)
 *(.rela.data.*)
 *(.rela.gnu.linkonce.d*)

.rel.ctors
 *(.rel.ctors)

.rela.ctors
 *(.rela.ctors)

.rel.dtors
 *(.rel.dtors)

.rela.dtors
 *(.rela.dtors)

.rel.got
 *(.rel.got)

.rela.got
 *(.rela.got)

.rel.bss
 *(.rel.bss)

.rela.bss
 *(.rela.bss)

.rel.plt
 *(.rel.plt)

.rela.plt
 *(.rela.plt)

.text           0x00000000      0xdf8
 *(.vectors)
 .vectors       0x00000000       0x54 c:/program files/winavr-20100110/bin/../lib/gcc/avr/4.3.3/../../../../avr/lib/avr5/crtm16.o
                0x00000000                __vectors
                0x00000000                __vector_default
 *(.vectors)
 *(.progmem.gcc*)
 *(.progmem*)
                0x00000054                . = ALIGN (0x2)
                0x00000054                __trampolines_start = .
 *(.trampolines)
 .trampolines   0x00000054        0x0 linker stubs
 *(.trampolines*)
                0x00000054                __trampolines_end = .
 *(.jumptables)
 *(.jumptables*)
 *(.lowtext)
 *(.lowtext*)
                0x00000054                __ctors_start = .
 *(.ctors)
                0x00000054                __ctors_end = .
                0x00000054                __dtors_start = .
 *(.dtors)
                0x00000054                __dtors_end = .
 SORT(*)(.ctors)
 SORT(*)(.dtors)
 *(.init0)
 .init0         0x00000054        0x0 c:/program files/winavr-20100110/bin/../lib/gcc/avr/4.3.3/../../../../avr/lib/avr5/crtm16.o
                0x00000054                __init
 *(.init0)
 *(.init1)
 *(.init1)
 *(.init2)
 .init2         0x00000054        0xc c:/program files/winavr-20100110/bin/../lib/gcc/avr/4.3.3/../../../../avr/lib/avr5/crtm16.o
 *(.init2)
 *(.init3)
 *(.init3)
 *(.init4)
 .init4         0x00000060       0x10 c:/program files/winavr-20100110/bin/../lib/gcc/avr/4.3.3/avr5\libgcc.a(_clear_bss.o)
                0x00000060                __do_clear_bss
 *(.init4)
 *(.init5)
 *(.init5)
 *(.init6)
 *(.init6)
 *(.init7)
 *(.init7)
 *(.init8)
 *(.init8)
 *(.init9)
 .init9         0x00000070        0x8 c:/program files/winavr-20100110/bin/../lib/gcc/avr/4.3.3/../../../../avr/lib/avr5/crtm16.o
 *(.init9)
 *(.text)
 .text          0x00000078        0x4 c:/program files/winavr-20100110/bin/../lib/gcc/avr/4.3.3/../../../../avr/lib/avr5/crtm16.o
                0x00000078                __vector_12
                0x00000078                __bad_interrupt
                0x00000078                __vector_6
                0x00000078                __vector_11
                0x00000078                __vector_13
                0x00000078                __vector_17
                0x00000078                __vector_19
                0x00000078                __vector_7
                0x00000078                __vector_5
                0x00000078                __vector_4
                0x00000078                __vector_9
                0x00000078                __vector_15
                0x00000078                __vector_8
                0x00000078                __vector_14
                0x00000078                __vector_10
                0x00000078                __vector_16
                0x00000078                __vector_18
                0x00000078                __vector_20
 .text          0x0000007c        0x0 ./2_sourceCode/programs/port/port_program.o
 .text          0x0000007c        0x0 ./2_sourceCode/programs/gpio/gpio_program.o
 .text          0x0000007c        0x0 ./2_sourceCode/programs/eInterrupts/e_interrupts_program.o
 .text          0x0000007c        0x0 ./2_sourceCode/MCAL/port/port.o
 .text          0x0000007c        0x0 ./2_sourceCode/MCAL/e_interrupt/e_interrupt.o
 .text          0x0000007c        0x0 ./2_sourceCode/MCAL/GPIO/gpio.o
 .text          0x0000007c        0x0 ./2_sourceCode/HAL/LED/led.o
 .text          0x0000007c        0x0 ./2_sourceCode/HAL/BUTTON/button.o
 .text          0x0000007c        0x0 ./2_sourceCode/main.o
 .text          0x0000007c        0x0 c:/program files/winavr-20100110/bin/../lib/gcc/avr/4.3.3/avr5\libgcc.a(_exit.o)
 .text          0x0000007c        0x0 c:/program files/winavr-20100110/bin/../lib/gcc/avr/4.3.3/avr5\libgcc.a(_clear_bss.o)
                0x0000007c                . = ALIGN (0x2)
 *(.text.*)
 .text.execute_port_program
                0x0000007c       0x16 ./2_sourceCode/programs/port/port_program.o
                0x0000007c                execute_port_program
 .text.systemInit
                0x00000092       0x12 ./2_sourceCode/programs/port/port_program.o
 .text.init_port
                0x000000a4       0x2e ./2_sourceCode/programs/port/port_program.o
 .text.execute_gpio_program
                0x000000d2       0x54 ./2_sourceCode/programs/gpio/gpio_program.o
                0x000000d2                execute_gpio_program
 .text.systemInit
                0x00000126       0x16 ./2_sourceCode/programs/gpio/gpio_program.o
 .text.init_led
                0x0000013c       0x2e ./2_sourceCode/programs/gpio/gpio_program.o
 .text.init_button
                0x0000016a       0x28 ./2_sourceCode/programs/gpio/gpio_program.o
 .text.execute_interrupt_program
                0x00000192        0xe ./2_sourceCode/programs/eInterrupts/e_interrupts_program.o
                0x00000192                execute_interrupt_program
 .text.systemInit
                0x000001a0       0x16 ./2_sourceCode/programs/eInterrupts/e_interrupts_program.o
 .text.init_led
                0x000001b6       0x72 ./2_sourceCode/programs/eInterrupts/e_interrupts_program.o
 .text.init_interrupts
                0x00000228       0x26 ./2_sourceCode/programs/eInterrupts/e_interrupts_program.o
 .text.__vector_1
                0x0000024e       0x58 ./2_sourceCode/programs/eInterrupts/e_interrupts_program.o
                0x0000024e                __vector_1
 .text.__vector_2
                0x000002a6       0x58 ./2_sourceCode/programs/eInterrupts/e_interrupts_program.o
                0x000002a6                __vector_2
 .text.__vector_3
                0x000002fe       0x58 ./2_sourceCode/programs/eInterrupts/e_interrupts_program.o
                0x000002fe                __vector_3
 .text.mcal_port_init
                0x00000356       0xa8 ./2_sourceCode/MCAL/port/port.o
                0x00000356                mcal_port_init
 .text.mcal_port_write
                0x000003fe       0x48 ./2_sourceCode/MCAL/port/port.o
                0x000003fe                mcal_port_write
 .text.mcal_port_read
                0x00000446       0x4e ./2_sourceCode/MCAL/port/port.o
                0x00000446                mcal_port_read
 .text.mcal_interrupt_initialize
                0x00000494      0x1e8 ./2_sourceCode/MCAL/e_interrupt/e_interrupt.o
                0x00000494                mcal_interrupt_initialize
 .text.mcal_interrupt_read_flag
                0x0000067c       0xbc ./2_sourceCode/MCAL/e_interrupt/e_interrupt.o
                0x0000067c                mcal_interrupt_read_flag
 .text.mcal_interrupt_clear_flag
                0x00000738       0x7e ./2_sourceCode/MCAL/e_interrupt/e_interrupt.o
                0x00000738                mcal_interrupt_clear_flag
 .text.mcal_gpio_pin_init
                0x000007b6      0x154 ./2_sourceCode/MCAL/GPIO/gpio.o
                0x000007b6                mcal_gpio_pin_init
 .text.mcal_gpio_pin_write
                0x0000090a       0xd4 ./2_sourceCode/MCAL/GPIO/gpio.o
                0x0000090a                mcal_gpio_pin_write
 .text.mcal_gpio_pin_toggle
                0x000009de       0x70 ./2_sourceCode/MCAL/GPIO/gpio.o
                0x000009de                mcal_gpio_pin_toggle
 .text.mcal_gpio_pin_read
                0x00000a4e       0x7e ./2_sourceCode/MCAL/GPIO/gpio.o
                0x00000a4e                mcal_gpio_pin_read
 .text.hal_led_init
                0x00000acc       0x56 ./2_sourceCode/HAL/LED/led.o
                0x00000acc                hal_led_init
 .text.hal_led_set_state
                0x00000b22       0x96 ./2_sourceCode/HAL/LED/led.o
                0x00000b22                hal_led_set_state
 .text.hal_led_toggle_state
                0x00000bb8       0x44 ./2_sourceCode/HAL/LED/led.o
                0x00000bb8                hal_led_toggle_state
 .text.hal_led_get_state
                0x00000bfc       0x8e ./2_sourceCode/HAL/LED/led.o
                0x00000bfc                hal_led_get_state
 .text.hal_button_init
                0x00000c8a       0x88 ./2_sourceCode/HAL/BUTTON/button.o
                0x00000c8a                hal_button_init
 .text.hal_button_get_state
                0x00000d12       0x8e ./2_sourceCode/HAL/BUTTON/button.o
                0x00000d12                hal_button_get_state
 .text.main     0x00000da0       0x54 ./2_sourceCode/main.o
                0x00000da0                main
 .text.libgcc   0x00000df4        0x0 c:/program files/winavr-20100110/bin/../lib/gcc/avr/4.3.3/avr5\libgcc.a(_exit.o)
 .text.libgcc   0x00000df4        0x0 c:/program files/winavr-20100110/bin/../lib/gcc/avr/4.3.3/avr5\libgcc.a(_clear_bss.o)
                0x00000df4                . = ALIGN (0x2)
 *(.fini9)
 .fini9         0x00000df4        0x0 c:/program files/winavr-20100110/bin/../lib/gcc/avr/4.3.3/avr5\libgcc.a(_exit.o)
                0x00000df4                exit
                0x00000df4                _exit
 *(.fini9)
 *(.fini8)
 *(.fini8)
 *(.fini7)
 *(.fini7)
 *(.fini6)
 *(.fini6)
 *(.fini5)
 *(.fini5)
 *(.fini4)
 *(.fini4)
 *(.fini3)
 *(.fini3)
 *(.fini2)
 *(.fini2)
 *(.fini1)
 *(.fini1)
 *(.fini0)
 .fini0         0x00000df4        0x4 c:/program files/winavr-20100110/bin/../lib/gcc/avr/4.3.3/avr5\libgcc.a(_exit.o)
 *(.fini0)
                0x00000df8                _etext = .

.data           0x00800060        0x0 load address 0x00000df8
                0x00800060                PROVIDE (__data_start, .)
 *(.data)
 .data          0x00800060        0x0 c:/program files/winavr-20100110/bin/../lib/gcc/avr/4.3.3/../../../../avr/lib/avr5/crtm16.o
 .data          0x00800060        0x0 ./2_sourceCode/programs/port/port_program.o
 .data          0x00800060        0x0 ./2_sourceCode/programs/gpio/gpio_program.o
 .data          0x00800060        0x0 ./2_sourceCode/programs/eInterrupts/e_interrupts_program.o
 .data          0x00800060        0x0 ./2_sourceCode/MCAL/port/port.o
 .data          0x00800060        0x0 ./2_sourceCode/MCAL/e_interrupt/e_interrupt.o
 .data          0x00800060        0x0 ./2_sourceCode/MCAL/GPIO/gpio.o
 .data          0x00800060        0x0 ./2_sourceCode/HAL/LED/led.o
 .data          0x00800060        0x0 ./2_sourceCode/HAL/BUTTON/button.o
 .data          0x00800060        0x0 ./2_sourceCode/main.o
 .data          0x00800060        0x0 c:/program files/winavr-20100110/bin/../lib/gcc/avr/4.3.3/avr5\libgcc.a(_exit.o)
 .data          0x00800060        0x0 c:/program files/winavr-20100110/bin/../lib/gcc/avr/4.3.3/avr5\libgcc.a(_clear_bss.o)
 *(.data*)
 *(.rodata)
 *(.rodata*)
 *(.gnu.linkonce.d*)
                0x00800060                . = ALIGN (0x2)
                0x00800060                _edata = .
                0x00800060                PROVIDE (__data_end, .)

.bss            0x00800060        0xc
                0x00800060                PROVIDE (__bss_start, .)
 *(.bss)
 .bss           0x00800060        0x0 c:/program files/winavr-20100110/bin/../lib/gcc/avr/4.3.3/../../../../avr/lib/avr5/crtm16.o
 .bss           0x00800060        0x0 ./2_sourceCode/programs/port/port_program.o
 .bss           0x00800060        0x0 ./2_sourceCode/programs/gpio/gpio_program.o
 .bss           0x00800060        0x0 ./2_sourceCode/programs/eInterrupts/e_interrupts_program.o
 .bss           0x00800060        0x0 ./2_sourceCode/MCAL/port/port.o
 .bss           0x00800060        0x0 ./2_sourceCode/MCAL/e_interrupt/e_interrupt.o
 .bss           0x00800060        0x0 ./2_sourceCode/MCAL/GPIO/gpio.o
 .bss           0x00800060        0x0 ./2_sourceCode/HAL/LED/led.o
 .bss           0x00800060        0x0 ./2_sourceCode/HAL/BUTTON/button.o
 .bss           0x00800060        0x0 ./2_sourceCode/main.o
 .bss           0x00800060        0x0 c:/program files/winavr-20100110/bin/../lib/gcc/avr/4.3.3/avr5\libgcc.a(_exit.o)
 .bss           0x00800060        0x0 c:/program files/winavr-20100110/bin/../lib/gcc/avr/4.3.3/avr5\libgcc.a(_clear_bss.o)
 *(.bss*)
 *(COMMON)
 COMMON         0x00800060        0x6 ./2_sourceCode/programs/gpio/gpio_program.o
                0x00800060                red_led
                0x00800063                button_1
 COMMON         0x00800066        0x6 ./2_sourceCode/programs/eInterrupts/e_interrupts_program.o
                0x00800066                blue_led
                0x00800069                green_led
                0x0080006c                PROVIDE (__bss_end, .)
                0x00000df8                __data_load_start = LOADADDR (.data)
                0x00000df8                __data_load_end = (__data_load_start + SIZEOF (.data))

.noinit         0x0080006c        0x0
                0x0080006c                PROVIDE (__noinit_start, .)
 *(.noinit*)
                0x0080006c                PROVIDE (__noinit_end, .)
                0x0080006c                _end = .
                0x0080006c                PROVIDE (__heap_start, .)

.eeprom         0x00810000        0x0
 *(.eeprom*)
                0x00810000                __eeprom_end = .

.fuse
 *(.fuse)
 *(.lfuse)
 *(.hfuse)
 *(.efuse)

.lock
 *(.lock*)

.signature
 *(.signature*)

.stab           0x00000000     0x21f0
 *(.stab)
 .stab          0x00000000      0x438 ./2_sourceCode/programs/port/port_program.o
 .stab          0x00000438      0x414 ./2_sourceCode/programs/gpio/gpio_program.o
                                0x660 (size before relaxing)
 .stab          0x0000084c      0x390 ./2_sourceCode/programs/eInterrupts/e_interrupts_program.o
                                0x69c (size before relaxing)
 .stab          0x00000bdc      0x378 ./2_sourceCode/MCAL/port/port.o
                                0x588 (size before relaxing)
 .stab          0x00000f54      0x468 ./2_sourceCode/MCAL/e_interrupt/e_interrupt.o
                                0x678 (size before relaxing)
 .stab          0x000013bc      0x48c ./2_sourceCode/MCAL/GPIO/gpio.o
                                0x6d8 (size before relaxing)
 .stab          0x00001848      0x450 ./2_sourceCode/HAL/LED/led.o
                                0x6d8 (size before relaxing)
 .stab          0x00001c98      0x330 ./2_sourceCode/HAL/BUTTON/button.o
                                0x5b8 (size before relaxing)
 .stab          0x00001fc8      0x228 ./2_sourceCode/main.o
                                0x5a0 (size before relaxing)

.stabstr        0x00000000     0x1be8
 *(.stabstr)
 .stabstr       0x00000000     0x1be8 ./2_sourceCode/programs/port/port_program.o

.stab.excl
 *(.stab.excl)

.stab.exclstr
 *(.stab.exclstr)

.stab.index
 *(.stab.index)

.stab.indexstr
 *(.stab.indexstr)

.comment
 *(.comment)

.debug
 *(.debug)

.line
 *(.line)

.debug_srcinfo
 *(.debug_srcinfo)

.debug_sfnames
 *(.debug_sfnames)

.debug_aranges
 *(.debug_aranges)

.debug_pubnames
 *(.debug_pubnames)

.debug_info
 *(.debug_info)
 *(.gnu.linkonce.wi.*)

.debug_abbrev
 *(.debug_abbrev)

.debug_line
 *(.debug_line)

.debug_frame
 *(.debug_frame)

.debug_str
 *(.debug_str)

.debug_loc
 *(.debug_loc)

.debug_macinfo
 *(.debug_macinfo)
OUTPUT(AVR_BSP.elf elf32-avr)
LOAD linker stubs
