Archive member included to satisfy reference by file (symbol)

c:/program files (x86)/atmel/studio/7.0/toolchain/avr8/avr8-gnu-toolchain/bin/../lib/gcc/avr/4.9.2/avr5\libgcc.a(_exit.o)
                              c:/program files (x86)/atmel/studio/7.0/toolchain/avr8/avr8-gnu-toolchain/bin/../lib/gcc/avr/4.9.2/../../../../avr/lib/avr5/crtatmega32.o (exit)
c:/program files (x86)/atmel/studio/7.0/toolchain/avr8/avr8-gnu-toolchain/bin/../lib/gcc/avr/4.9.2/avr5\libgcc.a(_clear_bss.o)
                              main.o (__do_clear_bss)

Allocating common symbols
Common symbol       size              file

red_led             0x3               main.o
button_1            0x3               main.o
yellow_led          0x3               main.o
green_led           0x3               main.o

Discarded input sections

 .data          0x00000000        0x0 c:/program files (x86)/atmel/studio/7.0/toolchain/avr8/avr8-gnu-toolchain/bin/../lib/gcc/avr/4.9.2/../../../../avr/lib/avr5/crtatmega32.o
 .bss           0x00000000        0x0 c:/program files (x86)/atmel/studio/7.0/toolchain/avr8/avr8-gnu-toolchain/bin/../lib/gcc/avr/4.9.2/../../../../avr/lib/avr5/crtatmega32.o
 .text          0x00000000        0x0 hal/button/button.o
 .data          0x00000000        0x0 hal/button/button.o
 .bss           0x00000000        0x0 hal/button/button.o
 .text          0x00000000        0x0 hal/led/led.o
 .data          0x00000000        0x0 hal/led/led.o
 .bss           0x00000000        0x0 hal/led/led.o
 .text.hal_led_get_state
                0x00000000       0x64 hal/led/led.o
 .text          0x00000000        0x0 main.o
 .data          0x00000000        0x0 main.o
 .bss           0x00000000        0x0 main.o
 .text          0x00000000        0x0 mcal/gpio/gpio.o
 .data          0x00000000        0x0 mcal/gpio/gpio.o
 .bss           0x00000000        0x0 mcal/gpio/gpio.o
 .text.mcal_gpio_port_init
                0x00000000       0x5a mcal/gpio/gpio.o
 .text.mcal_gpio_port_write
                0x00000000       0x20 mcal/gpio/gpio.o
 .text.mcal_gpio_port_read
                0x00000000       0x1e mcal/gpio/gpio.o
 .text          0x00000000        0x0 mcal/interupt/interrupt.o
 .data          0x00000000        0x0 mcal/interupt/interrupt.o
 .bss           0x00000000        0x0 mcal/interupt/interrupt.o
 .text.mcal_interrupt_initialize
                0x00000000       0xbc mcal/interupt/interrupt.o
 .text.mcal_interrupt_read_flag
                0x00000000       0x42 mcal/interupt/interrupt.o
 .text.mcal_interrupt_clear_flag
                0x00000000       0x30 mcal/interupt/interrupt.o
 .debug_info    0x00000000      0x531 mcal/interupt/interrupt.o
 .debug_abbrev  0x00000000      0x124 mcal/interupt/interrupt.o
 .debug_loc     0x00000000      0x59d mcal/interupt/interrupt.o
 .debug_aranges
                0x00000000       0x30 mcal/interupt/interrupt.o
 .debug_ranges  0x00000000       0x20 mcal/interupt/interrupt.o
 .debug_line    0x00000000      0x221 mcal/interupt/interrupt.o
 .debug_str     0x00000000      0x2d0 mcal/interupt/interrupt.o
 .comment       0x00000000       0x31 mcal/interupt/interrupt.o
 .debug_frame   0x00000000       0x44 mcal/interupt/interrupt.o
 .text          0x00000000        0x0 c:/program files (x86)/atmel/studio/7.0/toolchain/avr8/avr8-gnu-toolchain/bin/../lib/gcc/avr/4.9.2/avr5\libgcc.a(_exit.o)
 .data          0x00000000        0x0 c:/program files (x86)/atmel/studio/7.0/toolchain/avr8/avr8-gnu-toolchain/bin/../lib/gcc/avr/4.9.2/avr5\libgcc.a(_exit.o)
 .bss           0x00000000        0x0 c:/program files (x86)/atmel/studio/7.0/toolchain/avr8/avr8-gnu-toolchain/bin/../lib/gcc/avr/4.9.2/avr5\libgcc.a(_exit.o)
 .text.libgcc.mul
                0x00000000        0x0 c:/program files (x86)/atmel/studio/7.0/toolchain/avr8/avr8-gnu-toolchain/bin/../lib/gcc/avr/4.9.2/avr5\libgcc.a(_exit.o)
 .text.libgcc.div
                0x00000000        0x0 c:/program files (x86)/atmel/studio/7.0/toolchain/avr8/avr8-gnu-toolchain/bin/../lib/gcc/avr/4.9.2/avr5\libgcc.a(_exit.o)
 .text.libgcc   0x00000000        0x0 c:/program files (x86)/atmel/studio/7.0/toolchain/avr8/avr8-gnu-toolchain/bin/../lib/gcc/avr/4.9.2/avr5\libgcc.a(_exit.o)
 .text.libgcc.prologue
                0x00000000        0x0 c:/program files (x86)/atmel/studio/7.0/toolchain/avr8/avr8-gnu-toolchain/bin/../lib/gcc/avr/4.9.2/avr5\libgcc.a(_exit.o)
 .text.libgcc.builtins
                0x00000000        0x0 c:/program files (x86)/atmel/studio/7.0/toolchain/avr8/avr8-gnu-toolchain/bin/../lib/gcc/avr/4.9.2/avr5\libgcc.a(_exit.o)
 .text.libgcc.fmul
                0x00000000        0x0 c:/program files (x86)/atmel/studio/7.0/toolchain/avr8/avr8-gnu-toolchain/bin/../lib/gcc/avr/4.9.2/avr5\libgcc.a(_exit.o)
 .text.libgcc.fixed
                0x00000000        0x0 c:/program files (x86)/atmel/studio/7.0/toolchain/avr8/avr8-gnu-toolchain/bin/../lib/gcc/avr/4.9.2/avr5\libgcc.a(_exit.o)
 .text          0x00000000        0x0 c:/program files (x86)/atmel/studio/7.0/toolchain/avr8/avr8-gnu-toolchain/bin/../lib/gcc/avr/4.9.2/avr5\libgcc.a(_clear_bss.o)
 .data          0x00000000        0x0 c:/program files (x86)/atmel/studio/7.0/toolchain/avr8/avr8-gnu-toolchain/bin/../lib/gcc/avr/4.9.2/avr5\libgcc.a(_clear_bss.o)
 .bss           0x00000000        0x0 c:/program files (x86)/atmel/studio/7.0/toolchain/avr8/avr8-gnu-toolchain/bin/../lib/gcc/avr/4.9.2/avr5\libgcc.a(_clear_bss.o)
 .text.libgcc.mul
                0x00000000        0x0 c:/program files (x86)/atmel/studio/7.0/toolchain/avr8/avr8-gnu-toolchain/bin/../lib/gcc/avr/4.9.2/avr5\libgcc.a(_clear_bss.o)
 .text.libgcc.div
                0x00000000        0x0 c:/program files (x86)/atmel/studio/7.0/toolchain/avr8/avr8-gnu-toolchain/bin/../lib/gcc/avr/4.9.2/avr5\libgcc.a(_clear_bss.o)
 .text.libgcc   0x00000000        0x0 c:/program files (x86)/atmel/studio/7.0/toolchain/avr8/avr8-gnu-toolchain/bin/../lib/gcc/avr/4.9.2/avr5\libgcc.a(_clear_bss.o)
 .text.libgcc.prologue
                0x00000000        0x0 c:/program files (x86)/atmel/studio/7.0/toolchain/avr8/avr8-gnu-toolchain/bin/../lib/gcc/avr/4.9.2/avr5\libgcc.a(_clear_bss.o)
 .text.libgcc.builtins
                0x00000000        0x0 c:/program files (x86)/atmel/studio/7.0/toolchain/avr8/avr8-gnu-toolchain/bin/../lib/gcc/avr/4.9.2/avr5\libgcc.a(_clear_bss.o)
 .text.libgcc.fmul
                0x00000000        0x0 c:/program files (x86)/atmel/studio/7.0/toolchain/avr8/avr8-gnu-toolchain/bin/../lib/gcc/avr/4.9.2/avr5\libgcc.a(_clear_bss.o)
 .text.libgcc.fixed
                0x00000000        0x0 c:/program files (x86)/atmel/studio/7.0/toolchain/avr8/avr8-gnu-toolchain/bin/../lib/gcc/avr/4.9.2/avr5\libgcc.a(_clear_bss.o)

Memory Configuration

Name             Origin             Length             Attributes
text             0x00000000         0x00020000         xr
data             0x00800060         0x0000ffa0         rw !x
eeprom           0x00810000         0x00010000         rw !x
fuse             0x00820000         0x00000002         rw !x
lock             0x00830000         0x00000400         rw !x
signature        0x00840000         0x00000400         rw !x
user_signatures  0x00850000         0x00000400         rw !x
*default*        0x00000000         0xffffffff

Linker script and memory map

LOAD c:/program files (x86)/atmel/studio/7.0/toolchain/avr8/avr8-gnu-toolchain/bin/../lib/gcc/avr/4.9.2/../../../../avr/lib/avr5/crtatmega32.o
LOAD hal/button/button.o
LOAD hal/led/led.o
LOAD main.o
LOAD mcal/gpio/gpio.o
LOAD mcal/interupt/interrupt.o
START GROUP
END GROUP
START GROUP
LOAD c:/program files (x86)/atmel/studio/7.0/toolchain/avr8/avr8-gnu-toolchain/bin/../lib/gcc/avr/4.9.2/avr5\libgcc.a
LOAD c:/program files (x86)/atmel/studio/7.0/toolchain/avr8/avr8-gnu-toolchain/bin/../lib/gcc/avr/4.9.2/../../../../avr/lib/avr5\libm.a
LOAD c:/program files (x86)/atmel/studio/7.0/toolchain/avr8/avr8-gnu-toolchain/bin/../lib/gcc/avr/4.9.2/../../../../avr/lib/avr5\libc.a
LOAD c:/program files (x86)/atmel/studio/7.0/toolchain/avr8/avr8-gnu-toolchain/bin/../lib/gcc/avr/4.9.2/../../../../avr/lib/avr5\libatmega32.a
END GROUP
                0x00020000                __TEXT_REGION_LENGTH__ = DEFINED (__TEXT_REGION_LENGTH__)?__TEXT_REGION_LENGTH__:0x20000
                0x0000ffa0                __DATA_REGION_LENGTH__ = DEFINED (__DATA_REGION_LENGTH__)?__DATA_REGION_LENGTH__:0xffa0
                0x00010000                __EEPROM_REGION_LENGTH__ = DEFINED (__EEPROM_REGION_LENGTH__)?__EEPROM_REGION_LENGTH__:0x10000
                [0x00000002]                __FUSE_REGION_LENGTH__ = DEFINED (__FUSE_REGION_LENGTH__)?__FUSE_REGION_LENGTH__:0x400
                0x00000400                __LOCK_REGION_LENGTH__ = DEFINED (__LOCK_REGION_LENGTH__)?__LOCK_REGION_LENGTH__:0x400
                0x00000400                __SIGNATURE_REGION_LENGTH__ = DEFINED (__SIGNATURE_REGION_LENGTH__)?__SIGNATURE_REGION_LENGTH__:0x400
                0x00000400                __USER_SIGNATURE_REGION_LENGTH__ = DEFINED (__USER_SIGNATURE_REGION_LENGTH__)?__USER_SIGNATURE_REGION_LENGTH__:0x400

.hash
 *(.hash)

.dynsym
 *(.dynsym)

.dynstr
 *(.dynstr)

.gnu.version
 *(.gnu.version)

.gnu.version_d
 *(.gnu.version_d)

.gnu.version_r
 *(.gnu.version_r)

.rel.init
 *(.rel.init)

.rela.init
 *(.rela.init)

.rel.text
 *(.rel.text)
 *(.rel.text.*)
 *(.rel.gnu.linkonce.t*)

.rela.text
 *(.rela.text)
 *(.rela.text.*)
 *(.rela.gnu.linkonce.t*)

.rel.fini
 *(.rel.fini)

.rela.fini
 *(.rela.fini)

.rel.rodata
 *(.rel.rodata)
 *(.rel.rodata.*)
 *(.rel.gnu.linkonce.r*)

.rela.rodata
 *(.rela.rodata)
 *(.rela.rodata.*)
 *(.rela.gnu.linkonce.r*)

.rel.data
 *(.rel.data)
 *(.rel.data.*)
 *(.rel.gnu.linkonce.d*)

.rela.data
 *(.rela.data)
 *(.rela.data.*)
 *(.rela.gnu.linkonce.d*)

.rel.ctors
 *(.rel.ctors)

.rela.ctors
 *(.rela.ctors)

.rel.dtors
 *(.rel.dtors)

.rela.dtors
 *(.rela.dtors)

.rel.got
 *(.rel.got)

.rela.got
 *(.rela.got)

.rel.bss
 *(.rel.bss)

.rela.bss
 *(.rela.bss)

.rel.plt
 *(.rel.plt)

.rela.plt
 *(.rela.plt)

.text           0x00000000      0x428
 *(.vectors)
 .vectors       0x00000000       0x54 c:/program files (x86)/atmel/studio/7.0/toolchain/avr8/avr8-gnu-toolchain/bin/../lib/gcc/avr/4.9.2/../../../../avr/lib/avr5/crtatmega32.o
                0x00000000                __vector_default
                0x00000000                __vectors
 *(.vectors)
 *(.progmem.gcc*)
                0x00000054                . = ALIGN (0x2)
                0x00000054                __trampolines_start = .
 *(.trampolines)
 .trampolines   0x00000054        0x0 linker stubs
 *(.trampolines*)
                0x00000054                __trampolines_end = .
 *(.progmem*)
                0x00000054                . = ALIGN (0x2)
 *(.jumptables)
 *(.jumptables*)
 *(.lowtext)
 *(.lowtext*)
                0x00000054                __ctors_start = .
 *(.ctors)
                0x00000054                __ctors_end = .
                0x00000054                __dtors_start = .
 *(.dtors)
                0x00000054                __dtors_end = .
 SORT(*)(.ctors)
 SORT(*)(.dtors)
 *(.init0)
 .init0         0x00000054        0x0 c:/program files (x86)/atmel/studio/7.0/toolchain/avr8/avr8-gnu-toolchain/bin/../lib/gcc/avr/4.9.2/../../../../avr/lib/avr5/crtatmega32.o
                0x00000054                __init
 *(.init0)
 *(.init1)
 *(.init1)
 *(.init2)
 .init2         0x00000054        0xc c:/program files (x86)/atmel/studio/7.0/toolchain/avr8/avr8-gnu-toolchain/bin/../lib/gcc/avr/4.9.2/../../../../avr/lib/avr5/crtatmega32.o
 *(.init2)
 *(.init3)
 *(.init3)
 *(.init4)
 .init4         0x00000060       0x10 c:/program files (x86)/atmel/studio/7.0/toolchain/avr8/avr8-gnu-toolchain/bin/../lib/gcc/avr/4.9.2/avr5\libgcc.a(_clear_bss.o)
                0x00000060                __do_clear_bss
 *(.init4)
 *(.init5)
 *(.init5)
 *(.init6)
 *(.init6)
 *(.init7)
 *(.init7)
 *(.init8)
 *(.init8)
 *(.init9)
 .init9         0x00000070        0x8 c:/program files (x86)/atmel/studio/7.0/toolchain/avr8/avr8-gnu-toolchain/bin/../lib/gcc/avr/4.9.2/../../../../avr/lib/avr5/crtatmega32.o
 *(.init9)
 *(.text)
 .text          0x00000078        0x4 c:/program files (x86)/atmel/studio/7.0/toolchain/avr8/avr8-gnu-toolchain/bin/../lib/gcc/avr/4.9.2/../../../../avr/lib/avr5/crtatmega32.o
                0x00000078                __vector_12
                0x00000078                __bad_interrupt
                0x00000078                __vector_6
                0x00000078                __vector_11
                0x00000078                __vector_13
                0x00000078                __vector_17
                0x00000078                __vector_19
                0x00000078                __vector_7
                0x00000078                __vector_5
                0x00000078                __vector_4
                0x00000078                __vector_9
                0x00000078                __vector_15
                0x00000078                __vector_8
                0x00000078                __vector_14
                0x00000078                __vector_10
                0x00000078                __vector_16
                0x00000078                __vector_18
                0x00000078                __vector_20
                0x0000007c                . = ALIGN (0x2)
 *(.text.*)
 .text.hal_button_init
                0x0000007c       0x3e hal/button/button.o
                0x0000007c                hal_button_init
 .text.hal_button_get_state
                0x000000ba       0x66 hal/button/button.o
                0x000000ba                hal_button_get_state
 .text.hal_led_init
                0x00000120       0x22 hal/led/led.o
                0x00000120                hal_led_init
 .text.hal_led_set_state
                0x00000142       0x42 hal/led/led.o
                0x00000142                hal_led_set_state
 .text.main     0x00000184       0x8a main.o
                0x00000184                main
 .text.__vector_1
                0x0000020e       0x4e main.o
                0x0000020e                __vector_1
 .text.__vector_2
                0x0000025c       0x4e main.o
                0x0000025c                __vector_2
 .text.__vector_3
                0x000002aa       0x4e main.o
                0x000002aa                __vector_3
 .text.mcal_gpio_pin_init
                0x000002f8       0x96 mcal/gpio/gpio.o
                0x000002f8                mcal_gpio_pin_init
 .text.mcal_gpio_pin_write
                0x0000038e       0x5e mcal/gpio/gpio.o
                0x0000038e                mcal_gpio_pin_write
 .text.mcal_gpio_pin_read
                0x000003ec       0x38 mcal/gpio/gpio.o
                0x000003ec                mcal_gpio_pin_read
                0x00000424                . = ALIGN (0x2)
 *(.fini9)
 .fini9         0x00000424        0x0 c:/program files (x86)/atmel/studio/7.0/toolchain/avr8/avr8-gnu-toolchain/bin/../lib/gcc/avr/4.9.2/avr5\libgcc.a(_exit.o)
                0x00000424                _exit
                0x00000424                exit
 *(.fini9)
 *(.fini8)
 *(.fini8)
 *(.fini7)
 *(.fini7)
 *(.fini6)
 *(.fini6)
 *(.fini5)
 *(.fini5)
 *(.fini4)
 *(.fini4)
 *(.fini3)
 *(.fini3)
 *(.fini2)
 *(.fini2)
 *(.fini1)
 *(.fini1)
 *(.fini0)
 .fini0         0x00000424        0x4 c:/program files (x86)/atmel/studio/7.0/toolchain/avr8/avr8-gnu-toolchain/bin/../lib/gcc/avr/4.9.2/avr5\libgcc.a(_exit.o)
 *(.fini0)
                0x00000428                _etext = .

.data           0x00800060        0x0 load address 0x00000428
                [!provide]                PROVIDE (__data_start, .)
 *(.data)
 *(.data*)
 *(.rodata)
 *(.rodata*)
 *(.gnu.linkonce.d*)
                0x00800060                . = ALIGN (0x2)
                0x00800060                _edata = .
                [!provide]                PROVIDE (__data_end, .)

.bss            0x00800060        0xc
                0x00800060                PROVIDE (__bss_start, .)
 *(.bss)
 *(.bss*)
 *(COMMON)
 COMMON         0x00800060        0xc main.o
                0x00800060                red_led
                0x00800063                button_1
                0x00800066                yellow_led
                0x00800069                green_led
                0x0080006c                PROVIDE (__bss_end, .)
                0x00000428                __data_load_start = LOADADDR (.data)
                0x00000428                __data_load_end = (__data_load_start + SIZEOF (.data))

.noinit         0x0080006c        0x0
                [!provide]                PROVIDE (__noinit_start, .)
 *(.noinit*)
                [!provide]                PROVIDE (__noinit_end, .)
                0x0080006c                _end = .
                [!provide]                PROVIDE (__heap_start, .)

.eeprom         0x00810000        0x0
 *(.eeprom*)
                0x00810000                __eeprom_end = .

.fuse
 *(.fuse)
 *(.lfuse)
 *(.hfuse)
 *(.efuse)

.lock
 *(.lock*)

.signature
 *(.signature*)

.user_signatures
 *(.user_signatures*)

.stab
 *(.stab)

.stabstr
 *(.stabstr)

.stab.excl
 *(.stab.excl)

.stab.exclstr
 *(.stab.exclstr)

.stab.index
 *(.stab.index)

.stab.indexstr
 *(.stab.indexstr)

.comment        0x00000000       0x30
 *(.comment)
 .comment       0x00000000       0x30 hal/button/button.o
                                 0x31 (size before relaxing)
 .comment       0x00000030       0x31 hal/led/led.o
 .comment       0x00000030       0x31 main.o
 .comment       0x00000030       0x31 mcal/gpio/gpio.o

.note.gnu.avr.deviceinfo
                0x00000000       0x3c
 .note.gnu.avr.deviceinfo
                0x00000000       0x3c c:/program files (x86)/atmel/studio/7.0/toolchain/avr8/avr8-gnu-toolchain/bin/../lib/gcc/avr/4.9.2/../../../../avr/lib/avr5/crtatmega32.o

.note.gnu.build-id
 *(.note.gnu.build-id)

.debug
 *(.debug)

.line
 *(.line)

.debug_srcinfo
 *(.debug_srcinfo)

.debug_sfnames
 *(.debug_sfnames)

.debug_aranges  0x00000000       0xd8
 *(.debug_aranges)
 .debug_aranges
                0x00000000       0x28 hal/button/button.o
 .debug_aranges
                0x00000028       0x30 hal/led/led.o
 .debug_aranges
                0x00000058       0x38 main.o
 .debug_aranges
                0x00000090       0x48 mcal/gpio/gpio.o

.debug_pubnames
 *(.debug_pubnames)

.debug_info     0x00000000     0x145b
 *(.debug_info .gnu.linkonce.wi.*)
 .debug_info    0x00000000      0x4e6 c:/program files (x86)/atmel/studio/7.0/toolchain/avr8/avr8-gnu-toolchain/bin/../lib/gcc/avr/4.9.2/../../../../avr/lib/avr5/crtatmega32.o
 .debug_info    0x000004e6      0x29b hal/button/button.o
 .debug_info    0x00000781      0x2e6 hal/led/led.o
 .debug_info    0x00000a67      0x44a main.o
 .debug_info    0x00000eb1      0x5aa mcal/gpio/gpio.o

.debug_abbrev   0x00000000      0x991
 *(.debug_abbrev)
 .debug_abbrev  0x00000000      0x4a3 c:/program files (x86)/atmel/studio/7.0/toolchain/avr8/avr8-gnu-toolchain/bin/../lib/gcc/avr/4.9.2/../../../../avr/lib/avr5/crtatmega32.o
 .debug_abbrev  0x000004a3      0x11f hal/button/button.o
 .debug_abbrev  0x000005c2      0x13b hal/led/led.o
 .debug_abbrev  0x000006fd      0x159 main.o
 .debug_abbrev  0x00000856      0x13b mcal/gpio/gpio.o

.debug_line     0x00000000      0x701
 *(.debug_line .debug_line.* .debug_line_end)
 .debug_line    0x00000000       0x1a c:/program files (x86)/atmel/studio/7.0/toolchain/avr8/avr8-gnu-toolchain/bin/../lib/gcc/avr/4.9.2/../../../../avr/lib/avr5/crtatmega32.o
 .debug_line    0x0000001a      0x102 hal/button/button.o
 .debug_line    0x0000011c      0x13a hal/led/led.o
 .debug_line    0x00000256      0x161 main.o
 .debug_line    0x000003b7      0x34a mcal/gpio/gpio.o

.debug_frame    0x00000000      0x270
 *(.debug_frame)
 .debug_frame   0x00000000       0x58 hal/button/button.o
 .debug_frame   0x00000058       0x68 hal/led/led.o
 .debug_frame   0x000000c0      0x13c main.o
 .debug_frame   0x000001fc       0x74 mcal/gpio/gpio.o

.debug_str      0x00000000      0x71f
 *(.debug_str)
 .debug_str     0x00000000      0x196 c:/program files (x86)/atmel/studio/7.0/toolchain/avr8/avr8-gnu-toolchain/bin/../lib/gcc/avr/4.9.2/../../../../avr/lib/avr5/crtatmega32.o
 .debug_str     0x00000196      0x33a hal/button/button.o
                                0x37c (size before relaxing)
 .debug_str     0x000004d0       0xe3 hal/led/led.o
                                0x335 (size before relaxing)
 .debug_str     0x000005b3       0x86 main.o
                                0x38f (size before relaxing)
 .debug_str     0x00000639       0xe6 mcal/gpio/gpio.o
                                0x339 (size before relaxing)

.debug_loc      0x00000000      0xe1c
 *(.debug_loc)
 .debug_loc     0x00000000      0x198 hal/button/button.o
 .debug_loc     0x00000198      0x299 hal/led/led.o
 .debug_loc     0x00000431      0x2a9 main.o
 .debug_loc     0x000006da      0x742 mcal/gpio/gpio.o

.debug_macinfo
 *(.debug_macinfo)

.debug_weaknames
 *(.debug_weaknames)

.debug_funcnames
 *(.debug_funcnames)

.debug_typenames
 *(.debug_typenames)

.debug_varnames
 *(.debug_varnames)

.debug_pubtypes
 *(.debug_pubtypes)

.debug_ranges   0x00000000       0x98
 *(.debug_ranges)
 .debug_ranges  0x00000000       0x18 hal/button/button.o
 .debug_ranges  0x00000018       0x20 hal/led/led.o
 .debug_ranges  0x00000038       0x28 main.o
 .debug_ranges  0x00000060       0x38 mcal/gpio/gpio.o

.debug_macro
 *(.debug_macro)
OUTPUT(atmega32.elf elf32-avr)
LOAD linker stubs
